Archive member included to satisfy reference by file (symbol)

C:/Program Files/ST/STM32CubeIDE_1.16.0/STM32CubeIDE/plugins/com.st.stm32cube.ide.mcu.externaltools.gnu-tools-for-stm32.12.3.rel1.win32_1.0.200.202406191623/tools/bin/../lib/gcc/arm-none-eabi/12.3.1/../../../../arm-none-eabi/lib/thumb/v7e-m+fp/hard\libc_nano.a(libc_a-assert.o)
                              ./Core/Src/cayenne_lpp.o (__assert_func)
C:/Program Files/ST/STM32CubeIDE_1.16.0/STM32CubeIDE/plugins/com.st.stm32cube.ide.mcu.externaltools.gnu-tools-for-stm32.12.3.rel1.win32_1.0.200.202406191623/tools/bin/../lib/gcc/arm-none-eabi/12.3.1/../../../../arm-none-eabi/lib/thumb/v7e-m+fp/hard\libc_nano.a(libc_a-exit.o)
                              C:/Program Files/ST/STM32CubeIDE_1.16.0/STM32CubeIDE/plugins/com.st.stm32cube.ide.mcu.externaltools.gnu-tools-for-stm32.12.3.rel1.win32_1.0.200.202406191623/tools/bin/../lib/gcc/arm-none-eabi/12.3.1/../../../../arm-none-eabi/lib/thumb/v7e-m+fp/hard/crt0.o (exit)
C:/Program Files/ST/STM32CubeIDE_1.16.0/STM32CubeIDE/plugins/com.st.stm32cube.ide.mcu.externaltools.gnu-tools-for-stm32.12.3.rel1.win32_1.0.200.202406191623/tools/bin/../lib/gcc/arm-none-eabi/12.3.1/../../../../arm-none-eabi/lib/thumb/v7e-m+fp/hard\libc_nano.a(libc_a-findfp.o)
                              C:/Program Files/ST/STM32CubeIDE_1.16.0/STM32CubeIDE/plugins/com.st.stm32cube.ide.mcu.externaltools.gnu-tools-for-stm32.12.3.rel1.win32_1.0.200.202406191623/tools/bin/../lib/gcc/arm-none-eabi/12.3.1/../../../../arm-none-eabi/lib/thumb/v7e-m+fp/hard\libc_nano.a(libc_a-exit.o) (__stdio_exit_handler)
C:/Program Files/ST/STM32CubeIDE_1.16.0/STM32CubeIDE/plugins/com.st.stm32cube.ide.mcu.externaltools.gnu-tools-for-stm32.12.3.rel1.win32_1.0.200.202406191623/tools/bin/../lib/gcc/arm-none-eabi/12.3.1/../../../../arm-none-eabi/lib/thumb/v7e-m+fp/hard\libc_nano.a(libc_a-fprintf.o)
                              C:/Program Files/ST/STM32CubeIDE_1.16.0/STM32CubeIDE/plugins/com.st.stm32cube.ide.mcu.externaltools.gnu-tools-for-stm32.12.3.rel1.win32_1.0.200.202406191623/tools/bin/../lib/gcc/arm-none-eabi/12.3.1/../../../../arm-none-eabi/lib/thumb/v7e-m+fp/hard\libc_nano.a(libc_a-assert.o) (fiprintf)
C:/Program Files/ST/STM32CubeIDE_1.16.0/STM32CubeIDE/plugins/com.st.stm32cube.ide.mcu.externaltools.gnu-tools-for-stm32.12.3.rel1.win32_1.0.200.202406191623/tools/bin/../lib/gcc/arm-none-eabi/12.3.1/../../../../arm-none-eabi/lib/thumb/v7e-m+fp/hard\libc_nano.a(libc_a-fwalk.o)
                              C:/Program Files/ST/STM32CubeIDE_1.16.0/STM32CubeIDE/plugins/com.st.stm32cube.ide.mcu.externaltools.gnu-tools-for-stm32.12.3.rel1.win32_1.0.200.202406191623/tools/bin/../lib/gcc/arm-none-eabi/12.3.1/../../../../arm-none-eabi/lib/thumb/v7e-m+fp/hard\libc_nano.a(libc_a-findfp.o) (_fwalk_sglue)
C:/Program Files/ST/STM32CubeIDE_1.16.0/STM32CubeIDE/plugins/com.st.stm32cube.ide.mcu.externaltools.gnu-tools-for-stm32.12.3.rel1.win32_1.0.200.202406191623/tools/bin/../lib/gcc/arm-none-eabi/12.3.1/../../../../arm-none-eabi/lib/thumb/v7e-m+fp/hard\libc_nano.a(libc_a-stdio.o)
                              C:/Program Files/ST/STM32CubeIDE_1.16.0/STM32CubeIDE/plugins/com.st.stm32cube.ide.mcu.externaltools.gnu-tools-for-stm32.12.3.rel1.win32_1.0.200.202406191623/tools/bin/../lib/gcc/arm-none-eabi/12.3.1/../../../../arm-none-eabi/lib/thumb/v7e-m+fp/hard\libc_nano.a(libc_a-findfp.o) (__sread)
C:/Program Files/ST/STM32CubeIDE_1.16.0/STM32CubeIDE/plugins/com.st.stm32cube.ide.mcu.externaltools.gnu-tools-for-stm32.12.3.rel1.win32_1.0.200.202406191623/tools/bin/../lib/gcc/arm-none-eabi/12.3.1/../../../../arm-none-eabi/lib/thumb/v7e-m+fp/hard\libc_nano.a(libc_a-memset.o)
                              C:/Program Files/ST/STM32CubeIDE_1.16.0/STM32CubeIDE/plugins/com.st.stm32cube.ide.mcu.externaltools.gnu-tools-for-stm32.12.3.rel1.win32_1.0.200.202406191623/tools/bin/../lib/gcc/arm-none-eabi/12.3.1/../../../../arm-none-eabi/lib/thumb/v7e-m+fp/hard/crt0.o (memset)
C:/Program Files/ST/STM32CubeIDE_1.16.0/STM32CubeIDE/plugins/com.st.stm32cube.ide.mcu.externaltools.gnu-tools-for-stm32.12.3.rel1.win32_1.0.200.202406191623/tools/bin/../lib/gcc/arm-none-eabi/12.3.1/../../../../arm-none-eabi/lib/thumb/v7e-m+fp/hard\libc_nano.a(libc_a-closer.o)
                              C:/Program Files/ST/STM32CubeIDE_1.16.0/STM32CubeIDE/plugins/com.st.stm32cube.ide.mcu.externaltools.gnu-tools-for-stm32.12.3.rel1.win32_1.0.200.202406191623/tools/bin/../lib/gcc/arm-none-eabi/12.3.1/../../../../arm-none-eabi/lib/thumb/v7e-m+fp/hard\libc_nano.a(libc_a-stdio.o) (_close_r)
C:/Program Files/ST/STM32CubeIDE_1.16.0/STM32CubeIDE/plugins/com.st.stm32cube.ide.mcu.externaltools.gnu-tools-for-stm32.12.3.rel1.win32_1.0.200.202406191623/tools/bin/../lib/gcc/arm-none-eabi/12.3.1/../../../../arm-none-eabi/lib/thumb/v7e-m+fp/hard\libc_nano.a(libc_a-reent.o)
[...]
Memory Configuration

Name             Origin             Length             Attributes
RAM              0x20000000         0x00010000         xrw
RAM2             0x10000000         0x00004000         xrw
FLASH            0x08000000         0x00040000         xr
*default*        0x00000000         0xffffffff

Linker script and memory map

LOAD C:/Program Files/ST/STM32CubeIDE_1.16.0/STM32CubeIDE/plugins/com.st.stm32cube.ide.mcu.externaltools.gnu-tools-for-stm32.12.3.rel1.win32_1.0.200.202406191623/tools/bin/../lib/gcc/arm-none-eabi/12.3.1/thumb/v7e-m+fp/hard/crti.o
LOAD C:/Program Files/ST/STM32CubeIDE_1.16.0/STM32CubeIDE/plugins/com.st.stm32cube.ide.mcu.externaltools.gnu-tools-for-stm32.12.3.rel1.win32_1.0.200.202406191623/tools/bin/../lib/gcc/arm-none-eabi/12.3.1/thumb/v7e-m+fp/hard/crtbegin.o
LOAD C:/Program Files/ST/STM32CubeIDE_1.16.0/STM32CubeIDE/plugins/com.st.stm32cube.ide.mcu.externaltools.gnu-tools-for-stm32.12.3.rel1.win32_1.0.200.202406191623/tools/bin/../lib/gcc/arm-none-eabi/12.3.1/../../../../arm-none-eabi/lib/thumb/v7e-m+fp/hard/crt0.o
LOAD ./Core/Src/adc.o
LOAD ./Core/Src/aes.o
LOAD ./Core/Src/cayenne_lpp.o
LOAD ./Core/Src/gpio.o
LOAD ./Core/Src/hal.o
LOAD ./Core/Src/i2c.o
LOAD ./Core/Src/lmic.o
LOAD ./Core/Src/main.o
LOAD ./Core/Src/oslmic.o
LOAD ./Core/Src/radio.o
LOAD ./Core/Src/spi.o
LOAD ./Core/Src/stm32l4xx_hal_msp.o
LOAD ./Core/Src/stm32l4xx_it.o
LOAD ./Core/Src/syscalls.o
LOAD ./Core/Src/sysmem.o
LOAD ./Core/Src/system_stm32l4xx.o
LOAD ./Core/Src/tim.o
LOAD ./Core/Src/bme680/bme68x.o
LOAD ./Core/Src/bme680/bme68x_necessary_functions.o
LOAD ./Core/Startup/startup_stm32l432kcux.o
LOAD ./Drivers/STM32L4xx_HAL_Driver/Src/stm32l4xx_hal.o
LOAD ./Drivers/STM32L4xx_HAL_Driver/Src/stm32l4xx_hal_adc.o
LOAD ./Drivers/STM32L4xx_HAL_Driver/Src/stm32l4xx_hal_adc_ex.o
LOAD ./Drivers/STM32L4xx_HAL_Driver/Src/stm32l4xx_hal_cortex.o
LOAD ./Drivers/STM32L4xx_HAL_Driver/Src/stm32l4xx_hal_dma.o
LOAD ./Drivers/STM32L4xx_HAL_Driver/Src/stm32l4xx_hal_dma_ex.o
LOAD ./Drivers/STM32L4xx_HAL_Driver/Src/stm32l4xx_hal_exti.o
LOAD ./Drivers/STM32L4xx_HAL_Driver/Src/stm32l4xx_hal_flash.o
LOAD ./Drivers/STM32L4xx_HAL_Driver/Src/stm32l4xx_hal_flash_ex.o
LOAD ./Drivers/STM32L4xx_HAL_Driver/Src/stm32l4xx_hal_flash_ramfunc.o
LOAD ./Drivers/STM32L4xx_HAL_Driver/Src/stm32l4xx_hal_gpio.o
LOAD ./Drivers/STM32L4xx_HAL_Driver/Src/stm32l4xx_hal_i2c.o
LOAD ./Drivers/STM32L4xx_HAL_Driver/Src/stm32l4xx_hal_i2c_ex.o
LOAD ./Drivers/STM32L4xx_HAL_Driver/Src/stm32l4xx_hal_pwr.o
LOAD ./Drivers/STM32L4xx_HAL_Driver/Src/stm32l4xx_hal_pwr_ex.o
LOAD ./Drivers/STM32L4xx_HAL_Driver/Src/stm32l4xx_hal_rcc.o
LOAD ./Drivers/STM32L4xx_HAL_Driver/Src/stm32l4xx_hal_rcc_ex.o
LOAD ./Drivers/STM32L4xx_HAL_Driver/Src/stm32l4xx_hal_spi.o
LOAD ./Drivers/STM32L4xx_HAL_Driver/Src/stm32l4xx_hal_spi_ex.o
LOAD ./Drivers/STM32L4xx_HAL_Driver/Src/stm32l4xx_hal_tim.o
LOAD ./Drivers/STM32L4xx_HAL_Driver/Src/stm32l4xx_hal_tim_ex.o
START GROUP
LOAD C:/Program Files/ST/STM32CubeIDE_1.16.0/STM32CubeIDE/plugins/com.st.stm32cube.ide.mcu.externaltools.gnu-tools-for-stm32.12.3.rel1.win32_1.0.200.202406191623/tools/bin/../lib/gcc/arm-none-eabi/12.3.1/../../../../arm-none-eabi/lib/thumb/v7e-m+fp/hard\libc_nano.a
LOAD C:/Program Files/ST/STM32CubeIDE_1.16.0/STM32CubeIDE/plugins/com.st.stm32cube.ide.mcu.externaltools.gnu-tools-for-stm32.12.3.rel1.win32_1.0.200.202406191623/tools/bin/../lib/gcc/arm-none-eabi/12.3.1/../../../../arm-none-eabi/lib/thumb/v7e-m+fp/hard\libm.a
END GROUP
START GROUP
LOAD C:/Program Files/ST/STM32CubeIDE_1.16.0/STM32CubeIDE/plugins/com.st.stm32cube.ide.mcu.externaltools.gnu-tools-for-stm32.12.3.rel1.win32_1.0.200.202406191623/tools/bin/../lib/gcc/arm-none-eabi/12.3.1/thumb/v7e-m+fp/hard\libgcc.a
LOAD C:/Program Files/ST/STM32CubeIDE_1.16.0/STM32CubeIDE/plugins/com.st.stm32cube.ide.mcu.externaltools.gnu-tools-for-stm32.12.3.rel1.win32_1.0.200.202406191623/tools/bin/../lib/gcc/arm-none-eabi/12.3.1/../../../../arm-none-eabi/lib/thumb/v7e-m+fp/hard\libc_nano.a
END GROUP
START GROUP
LOAD C:/Program Files/ST/STM32CubeIDE_1.16.0/STM32CubeIDE/plugins/com.st.stm32cube.ide.mcu.externaltools.gnu-tools-for-stm32.12.3.rel1.win32_1.0.200.202406191623/tools/bin/../lib/gcc/arm-none-eabi/12.3.1/thumb/v7e-m+fp/hard\libgcc.a
LOAD C:/Program Files/ST/STM32CubeIDE_1.16.0/STM32CubeIDE/plugins/com.st.stm32cube.ide.mcu.externaltools.gnu-tools-for-stm32.12.3.rel1.win32_1.0.200.202406191623/tools/bin/../lib/gcc/arm-none-eabi/12.3.1/../../../../arm-none-eabi/lib/thumb/v7e-m+fp/hard\libc_nano.a
LOAD C:/Program Files/ST/STM32CubeIDE_1.16.0/STM32CubeIDE/plugins/com.st.stm32cube.ide.mcu.externaltools.gnu-tools-for-stm32.12.3.rel1.win32_1.0.200.202406191623/tools/bin/../lib/gcc/arm-none-eabi/12.3.1/../../../../arm-none-eabi/lib/thumb/v7e-m+fp/hard\libnosys.a
END GROUP
START GROUP
LOAD C:/Program Files/ST/STM32CubeIDE_1.16.0/STM32CubeIDE/plugins/com.st.stm32cube.ide.mcu.externaltools.gnu-tools-for-stm32.12.3.rel1.win32_1.0.200.202406191623/tools/bin/../lib/gcc/arm-none-eabi/12.3.1/thumb/v7e-m+fp/hard\libgcc.a
LOAD C:/Program Files/ST/STM32CubeIDE_1.16.0/STM32CubeIDE/plugins/com.st.stm32cube.ide.mcu.externaltools.gnu-tools-for-stm32.12.3.rel1.win32_1.0.200.202406191623/tools/bin/../lib/gcc/arm-none-eabi/12.3.1/../../../../arm-none-eabi/lib/thumb/v7e-m+fp/hard\libc_nano.a
LOAD C:/Program Files/ST/STM32CubeIDE_1.16.0/STM32CubeIDE/plugins/com.st.stm32cube.ide.mcu.externaltools.gnu-tools-for-stm32.12.3.rel1.win32_1.0.200.202406191623/tools/bin/../lib/gcc/arm-none-eabi/12.3.1/../../../../arm-none-eabi/lib/thumb/v7e-m+fp/hard\libnosys.a
END GROUP
LOAD C:/Program Files/ST/STM32CubeIDE_1.16.0/STM32CubeIDE/plugins/com.st.stm32cube.ide.mcu.externaltools.gnu-tools-for-stm32.12.3.rel1.win32_1.0.200.202406191623/tools/bin/../lib/gcc/arm-none-eabi/12.3.1/thumb/v7e-m+fp/hard/crtend.o
LOAD C:/Program Files/ST/STM32CubeIDE_1.16.0/STM32CubeIDE/plugins/com.st.stm32cube.ide.mcu.externaltools.gnu-tools-for-stm32.12.3.rel1.win32_1.0.200.202406191623/tools/bin/../lib/gcc/arm-none-eabi/12.3.1/thumb/v7e-m+fp/hard/crtn.o
                0x20010000                        _estack = (ORIGIN (RAM) + LENGTH (RAM))
                0x00000200                        _Min_Heap_Size = 0x200
                0x00000400                        _Min_Stack_Size = 0x400

.isr_vector     0x08000000      0x18c
                0x08000000                        . = ALIGN (0x4)
 *(.isr_vector)
 .isr_vector    0x08000000      0x18c ./Core/Startup/startup_stm32l432kcux.o
                0x08000000                g_pfnVectors
                0x0800018c                        . = ALIGN (0x4)

.text           0x08000190     0xed28
                0x08000190                        . = ALIGN (0x4)
 *(.text)
 .text          0x08000190       0x40 C:/Program Files/ST/STM32CubeIDE_1.16.0/STM32CubeIDE/plugins/com.st.stm32cube.ide.mcu.externaltools.gnu-tools-for-stm32.12.3.rel1.win32_1.0.200.202406191623/tools/bin/../lib/gcc/arm-none-eabi/12.3.1/thumb/v7e-m+fp/hard/crtbegin.o
 .text          0x080001d0       0xa0 C:/Program Files/ST/STM32CubeIDE_1.16.0/STM32CubeIDE/plugins/com.st.stm32cube.ide.mcu.externaltools.gnu-tools-for-stm32.12.3.rel1.win32_1.0.200.202406191623/tools/bin/../lib/gcc/arm-none-eabi/12.3.1/../../../../arm-none-eabi/lib/thumb/v7e-m+fp/hard\libc_nano.a(libc_a-memchr.o)
                0x080001d0                memchr
 .text          0x08000270      0x378 C:/Program Files/ST/STM32CubeIDE_1.16.0/STM32CubeIDE/plugins/com.st.stm32cube.ide.mcu.externaltools.gnu-tools-for-stm32.12.3.rel1.win32_1.0.200.202406191623/tools/bin/../lib/gcc/arm-none-eabi/12.3.1/thumb/v7e-m+fp/hard\libgcc.a(_arm_addsubdf3.o)
                0x08000270                __aeabi_drsub
                0x08000278                __aeabi_dsub
                0x08000278                __subdf3
                0x0800027c                __aeabi_dadd
                0x0800027c                __adddf3
                0x080004f4                __floatunsidf
                0x080004f4                __aeabi_ui2d
                0x08000514                __floatsidf
                0x08000514                __aeabi_i2d
                0x08000538                __aeabi_f2d
                0x08000538                __extendsfdf2
                0x0800057c                __floatundidf
                0x0800057c                __aeabi_ul2d
                0x0800058c                __floatdidf
                0x0800058c                __aeabi_l2d
 .text          0x080005e8      0x424 C:/Program Files/ST/STM32CubeIDE_1.16.0/STM32CubeIDE/plugins/com.st.stm32cube.ide.mcu.externaltools.gnu-tools-for-stm32.12.3.rel1.win32_1.0.200.202406191623/tools/bin/../lib/gcc/arm-none-eabi/12.3.1/thumb/v7e-m+fp/hard\libgcc.a(_arm_muldivdf3.o)
                0x080005e8                __aeabi_dmul
                0x080005e8                __muldf3
                0x0800083c                __divdf3
                0x0800083c                __aeabi_ddiv
 .text          0x08000a0c       0xa0 C:/Program Files/ST/STM32CubeIDE_1.16.0/STM32CubeIDE/plugins/com.st.stm32cube.ide.mcu.externaltools.gnu-tools-for-stm32.12.3.rel1.win32_1.0.200.202406191623/tools/bin/../lib/gcc/arm-none-eabi/12.3.1/thumb/v7e-m+fp/hard\libgcc.a(_arm_truncdfsf2.o)
                0x08000a0c                __truncdfsf2
                0x08000a0c                __aeabi_d2f
 .text          0x08000aac       0xa0 C:/Program Files/ST/STM32CubeIDE_1.16.0/STM32CubeIDE/plugins/com.st.stm32cube.ide.mcu.externaltools.gnu-tools-for-stm32.12.3.rel1.win32_1.0.200.202406191623/tools/bin/../lib/gcc/arm-none-eabi/12.3.1/thumb/v7e-m+fp/hard\libgcc.a(_aeabi_ldivmod.o)
                0x08000aac                __aeabi_ldivmod
 .text          0x08000b4c       0x30 C:/Program Files/ST/STM32CubeIDE_1.16.0/STM32CubeIDE/plugins/com.st.stm32cube.ide.mcu.externaltools.gnu-tools-for-stm32.12.3.rel1.win32_1.0.200.202406191623/tools/bin/../lib/gcc/arm-none-eabi/12.3.1/thumb/v7e-m+fp/hard\libgcc.a(_aeabi_uldivmod.o)
                0x08000b4c                __aeabi_uldivmod
 .text          0x08000b7c      0x2bc C:/Program Files/ST/STM32CubeIDE_1.16.0/STM32CubeIDE/plugins/com.st.stm32cube.ide.mcu.externaltools.gnu-tools-for-stm32.12.3.rel1.win32_1.0.200.202406191623/tools/bin/../lib/gcc/arm-none-eabi/12.3.1/thumb/v7e-m+fp/hard\libgcc.a(_udivmoddi4.o)
                0x08000b7c                __udivmoddi4
 .text          0x08000e38        0x4 C:/Program Files/ST/STM32CubeIDE_1.16.0/STM32CubeIDE/plugins/com.st.stm32cube.ide.mcu.externaltools.gnu-tools-for-stm32.12.3.rel1.win32_1.0.200.202406191623/tools/bin/../lib/gcc/arm-none-eabi/12.3.1/thumb/v7e-m+fp/hard\libgcc.a(_dvmd_tls.o)
                0x08000e38                __aeabi_idiv0
                0x08000e38                __aeabi_ldiv0
 *(.text*)
 .text.MX_ADC1_Init
                0x08000e3c       0xc8 ./Core/Src/adc.o
                0x08000e3c                MX_ADC1_Init
 .text.HAL_ADC_MspInit
                0x08000f04       0xdc ./Core/Src/adc.o
                0x08000f04                HAL_ADC_MspInit
 .text.aesroundkeys
                0x08000fe0       0xf8 ./Core/Src/aes.o
 .text.os_aes   0x080010d8      0x988 ./Core/Src/aes.o
                0x080010d8                os_aes
 .text.cayenne_lpp_reset
                0x08001a60       0x24 ./Core/Src/cayenne_lpp.o
                0x08001a60                cayenne_lpp_reset
 .text.cayenne_lpp_add_analog_output
                0x08001a84       0xc0 ./Core/Src/cayenne_lpp.o
                0x08001a84                cayenne_lpp_add_analog_output
 .text.cayenne_lpp_add_temperature
                0x08001b44       0xbc ./Core/Src/cayenne_lpp.o
                0x08001b44                cayenne_lpp_add_temperature
 .text.cayenne_lpp_add_relative_humidity
                0x08001c00       0x98 ./Core/Src/cayenne_lpp.o
                0x08001c00                cayenne_lpp_add_relative_humidity
 .text.cayenne_lpp_add_barometric_pressure
                0x08001c98       0xbc ./Core/Src/cayenne_lpp.o
                0x08001c98                cayenne_lpp_add_barometric_pressure
 .text.MX_GPIO_Init
                0x08001d54       0xec ./Core/Src/gpio.o
                0x08001d54                MX_GPIO_Init
 .text.hal_io_init
                0x08001e40        0xe ./Core/Src/hal.o
 .text.hal_pin_rxtx
                0x08001e4e       0x16 ./Core/Src/hal.o
                0x08001e4e                hal_pin_rxtx
 .text.hal_pin_nss
                0x08001e64       0x22 ./Core/Src/hal.o
                0x08001e64                hal_pin_nss
 .text.hal_pin_rst
                0x08001e86       0x6a ./Core/Src/hal.o
                0x08001e86                hal_pin_rst
 .text.HAL_GPIO_EXTI_Callback
                0x08001ef0       0x2a ./Core/Src/hal.o
                0x08001ef0                HAL_GPIO_EXTI_Callback
 .text.hal_spi_init
                0x08001f1a        0xe ./Core/Src/hal.o
                0x08001f1a                hal_spi_init
 .text.hal_spi  0x08001f28       0x3c ./Core/Src/hal.o
                0x08001f28                hal_spi
 .text.hal_time_init
                0x08001f64        0xe ./Core/Src/hal.o
 *fill*         0x08001f72        0x2 
 .text.hal_ticks
                0x08001f74       0x60 ./Core/Src/hal.o
                0x08001f74                hal_ticks
 .text.deltaticks
                0x08001fd4       0x3a ./Core/Src/hal.o
 .text.hal_waitUntil
                0x0800200e       0x20 ./Core/Src/hal.o
                0x0800200e                hal_waitUntil
 *fill*         0x0800202e        0x2 
 .text.hal_checkTimer
                0x08002030       0x7c ./Core/Src/hal.o
                0x08002030                hal_checkTimer
 .text.HAL_TIM_PeriodElapsedCallback
                0x080020ac       0x44 ./Core/Src/hal.o
                0x080020ac                HAL_TIM_PeriodElapsedCallback
 .text.hal_disableIRQs
                0x080020f0       0x20 ./Core/Src/hal.o
                0x080020f0                hal_disableIRQs
 .text.hal_enableIRQs
                0x08002110       0x28 ./Core/Src/hal.o
                0x08002110                hal_enableIRQs
 .text.hal_sleep
                0x08002138       0x10 ./Core/Src/hal.o
                0x08002138                hal_sleep
 .text.hal_init
                0x08002148       0x2c ./Core/Src/hal.o
                0x08002148                hal_init
 .text.hal_failed
                0x08002174       0x10 ./Core/Src/hal.o
                0x08002174                hal_failed
 .text.MX_I2C1_Init
                0x08002184       0x80 ./Core/Src/i2c.o
                0x08002184                MX_I2C1_Init
 .text.HAL_I2C_MspInit
                0x08002204       0xb0 ./Core/Src/i2c.o
                0x08002204                HAL_I2C_MspInit
 .text.getSf    0x080022b4       0x20 ./Core/Src/lmic.o
                0x080022b4                getSf
 .text.getBw    0x080022d4       0x24 ./Core/Src/lmic.o
                0x080022d4                getBw
 .text.getCr    0x080022f8       0x24 ./Core/Src/lmic.o
                0x080022f8                getCr
 .text.setCr    0x0800231c       0x32 ./Core/Src/lmic.o
                0x0800231c                setCr
 .text.getNocrc
                0x0800234e       0x20 ./Core/Src/lmic.o
                0x0800234e                getNocrc
 .text.setNocrc
                0x0800236e       0x2e ./Core/Src/lmic.o
                0x0800236e                setNocrc
 .text.getIh    0x0800239c       0x1e ./Core/Src/lmic.o
                0x0800239c                getIh
 .text.setIh    0x080023ba       0x2c ./Core/Src/lmic.o
                0x080023ba                setIh
 *fill*         0x080023e6        0x2 
 .text.updr2rps
                0x080023e8       0x24 ./Core/Src/lmic.o
                0x080023e8                updr2rps
 .text.dndr2rps
                0x0800240c       0x26 ./Core/Src/lmic.o
                0x0800240c                dndr2rps
 *fill*         0x08002432        0x2 
 .text.decDR    0x08002434       0x30 ./Core/Src/lmic.o
                0x08002434                decDR
 .text.validDR  0x08002464       0x2c ./Core/Src/lmic.o
                0x08002464                validDR
 .text.lowerDR  0x08002490       0x32 ./Core/Src/lmic.o
                0x08002490                lowerDR
 .text.os_rlsbf2
                0x080024c2       0x2a ./Core/Src/lmic.o
                0x080024c2                os_rlsbf2
 .text.os_rlsbf4
                0x080024ec       0x3a ./Core/Src/lmic.o
                0x080024ec                os_rlsbf4
 .text.os_rmsbf4
                0x08002526       0x3a ./Core/Src/lmic.o
                0x08002526                os_rmsbf4
 .text.os_wlsbf2
                0x08002560       0x2e ./Core/Src/lmic.o
                0x08002560                os_wlsbf2
 .text.os_wlsbf4
                0x0800258e       0x42 ./Core/Src/lmic.o
                0x0800258e                os_wlsbf4
 .text.os_wmsbf4
                0x080025d0       0x42 ./Core/Src/lmic.o
                0x080025d0                os_wmsbf4
 .text.os_getBattLevel
                0x08002612       0x10 ./Core/Src/lmic.o
                0x08002612                os_getBattLevel
 .text.os_crc16
                0x08002622       0x7e ./Core/Src/lmic.o
                0x08002622                os_crc16
 .text.micB0    0x080026a0       0x68 ./Core/Src/lmic.o
 .text.aes_verifyMic
                0x08002708       0x58 ./Core/Src/lmic.o
 .text.aes_appendMic
                0x08002760       0x50 ./Core/Src/lmic.o
 .text.aes_appendMic0
                0x080027b0       0x3c ./Core/Src/lmic.o
 .text.aes_verifyMic0
                0x080027ec       0x44 ./Core/Src/lmic.o
 .text.aes_encrypt
                0x08002830       0x2c ./Core/Src/lmic.o
 .text.aes_cipher
                0x0800285c       0x88 ./Core/Src/lmic.o
 .text.aes_sessKeys
                0x080028e4       0x78 ./Core/Src/lmic.o
 .text.getSensitivity
                0x0800295c       0x40 ./Core/Src/lmic.o
                0x0800295c                getSensitivity
 .text.calcAirTime
                0x0800299c      0x130 ./Core/Src/lmic.o
                0x0800299c                calcAirTime
 .text.calcRxWindow
                0x08002acc       0xa8 ./Core/Src/lmic.o
 .text.calcBcnRxWindowFromMillis
                0x08002b74      0x10c ./Core/Src/lmic.o
 .text.rxschedInit
                0x08002c80       0xdc ./Core/Src/lmic.o
 .text.rxschedNext
                0x08002d5c       0x9c ./Core/Src/lmic.o
 .text.rndDelay
                0x08002df8       0x7c ./Core/Src/lmic.o
 .text.txDelay  0x08002e74       0x5c ./Core/Src/lmic.o
 .text.setDrJoin
                0x08002ed0       0x28 ./Core/Src/lmic.o
 .text.setDrTxpow
                0x08002ef8       0x5c ./Core/Src/lmic.o
 .text.initDefaultChannels
                0x08002f54      0x10c ./Core/Src/lmic.o
 .text.LMIC_setupChannel
                0x08003060       0xf4 ./Core/Src/lmic.o
                0x08003060                LMIC_setupChannel
 .text.convFreq
                0x08003154       0x44 ./Core/Src/lmic.o
 .text.mapChannels
                0x08003198       0x94 ./Core/Src/lmic.o
 .text.updateTx
                0x0800322c       0x94 ./Core/Src/lmic.o
 .text.nextTx   0x080032c0      0x138 ./Core/Src/lmic.o
 .text.setBcnRxParams
                0x080033f8       0x4c ./Core/Src/lmic.o
 .text.initJoinLoop
                0x08003444       0x6c ./Core/Src/lmic.o
 .text.nextJoinState
                0x080034b0       0xd0 ./Core/Src/lmic.o
 .text.runEngineUpdate
                0x08003580       0x14 ./Core/Src/lmic.o
 .text.reportEvent
                0x08003594       0x1e ./Core/Src/lmic.o
 .text.runReset
                0x080035b2       0x1e ./Core/Src/lmic.o
 .text.stateJustJoined
                0x080035d0       0xcc ./Core/Src/lmic.o
 .text.decodeBeacon
                0x0800369c      0x128 ./Core/Src/lmic.o
 .text.decodeFrame
                0x080037c4      0x66c ./Core/Src/lmic.o
 .text.setupRx2
                0x08003e30       0x40 ./Core/Src/lmic.o
 .text.schedRx2
                0x08003e70       0x50 ./Core/Src/lmic.o
 .text.setupRx1
                0x08003ec0       0x44 ./Core/Src/lmic.o
 .text.txDone   0x08003f04       0xa4 ./Core/Src/lmic.o
 .text.onJoinFailed
                0x08003fa8       0x16 ./Core/Src/lmic.o
 *fill*         0x08003fbe        0x2 
 .text.processJoinAccept
                0x08003fc0      0x294 ./Core/Src/lmic.o
 .text.processRx2Jacc
                0x08004254       0x2c ./Core/Src/lmic.o
 .text.setupRx2Jacc
                0x08004280       0x24 ./Core/Src/lmic.o
 .text.processRx1Jacc
                0x080042a4       0x38 ./Core/Src/lmic.o
 .text.setupRx1Jacc
                0x080042dc       0x1c ./Core/Src/lmic.o
 .text.jreqDone
                0x080042f8       0x20 ./Core/Src/lmic.o
 .text.processRx2DnDataDelay
                0x08004318       0x14 ./Core/Src/lmic.o
 .text.processRx2DnData
                0x0800432c       0x54 ./Core/Src/lmic.o
 .text.setupRx2DnData
                0x08004380       0x24 ./Core/Src/lmic.o
 .text.processRx1DnData
                0x080043a4       0x48 ./Core/Src/lmic.o
 .text.setupRx1DnData
                0x080043ec       0x1c ./Core/Src/lmic.o
 .text.updataDone
                0x08004408       0x30 ./Core/Src/lmic.o
 .text.buildDataFrame
                0x08004438      0x3cc ./Core/Src/lmic.o
 .text.onBcnRx  0x08004804       0xa8 ./Core/Src/lmic.o
 .text.startScan
                0x080048ac       0xb0 ./Core/Src/lmic.o
 .text.buildJoinRequest
                0x0800495c       0x6c ./Core/Src/lmic.o
 .text.startJoining
                0x080049c8       0x16 ./Core/Src/lmic.o
 *fill*         0x080049de        0x2 
 .text.LMIC_startJoining
                0x080049e0       0x94 ./Core/Src/lmic.o
                0x080049e0                LMIC_startJoining
 .text.processPingRx
                0x08004a74       0x3c ./Core/Src/lmic.o
 .text.processDnData
                0x08004ab0      0x1e8 ./Core/Src/lmic.o
 .text.processBeacon
                0x08004c98      0x218 ./Core/Src/lmic.o
 .text.startRxBcn
                0x08004eb0       0x24 ./Core/Src/lmic.o
 .text.startRxPing
                0x08004ed4       0x24 ./Core/Src/lmic.o
 .text.engineUpdate
                0x08004ef8      0x394 ./Core/Src/lmic.o
 .text.LMIC_reset
                0x0800528c       0x9c ./Core/Src/lmic.o
                0x0800528c                LMIC_reset
 .text.LMIC_init
                0x08005328       0x1c ./Core/Src/lmic.o
                0x08005328                LMIC_init
 .text.LMIC_setTxData
                0x08005344       0x38 ./Core/Src/lmic.o
                0x08005344                LMIC_setTxData
 .text.LMIC_setTxData2
                0x0800537c       0x64 ./Core/Src/lmic.o
                0x0800537c                LMIC_setTxData2
 .text.os_getArtEui
                0x080053e0       0x28 ./Core/Src/main.o
                0x080053e0                os_getArtEui
 .text.os_getDevEui
                0x08005408       0x28 ./Core/Src/main.o
                0x08005408                os_getDevEui
 .text.os_getDevKey
                0x08005430       0x28 ./Core/Src/main.o
                0x08005430                os_getDevKey
 .text.initsensor
                0x08005458       0x20 ./Core/Src/main.o
                0x08005458                initsensor
 .text.initfunc
                0x08005478       0x1c ./Core/Src/main.o
                0x08005478                initfunc
 .text.reportfunc
                0x08005494       0xe8 ./Core/Src/main.o
 .text.onEvent  0x0800557c       0x6c ./Core/Src/main.o
                0x0800557c                onEvent
 .text.main     0x080055e8       0x80 ./Core/Src/main.o
                0x080055e8                main
 .text.SystemClock_Config
                0x08005668       0xa2 ./Core/Src/main.o
                0x08005668                SystemClock_Config
 *fill*         0x0800570a        0x2 
 .text.HAL_ADC_ConvCpltCallback
                0x0800570c       0x28 ./Core/Src/main.o
                0x0800570c                HAL_ADC_ConvCpltCallback
 .text.Error_Handler
                0x08005734        0xc ./Core/Src/main.o
                0x08005734                Error_Handler
 .text.os_init  0x08005740       0x24 ./Core/Src/oslmic.o
                0x08005740                os_init
 .text.os_getTime
                0x08005764        0xe ./Core/Src/oslmic.o
                0x08005764                os_getTime
 .text.unlinkjob
                0x08005772       0x3e ./Core/Src/oslmic.o
 .text.os_clearCallback
                0x080057b0       0x3c ./Core/Src/oslmic.o
                0x080057b0                os_clearCallback
 .text.os_setCallback
                0x080057ec       0x4c ./Core/Src/oslmic.o
                0x080057ec                os_setCallback
 .text.os_setTimedCallback
                0x08005838       0x6c ./Core/Src/oslmic.o
                0x08005838                os_setTimedCallback
 .text.os_runloop
                0x080058a4       0x6c ./Core/Src/oslmic.o
                0x080058a4                os_runloop
 .text.writeReg
                0x08005910       0x3a ./Core/Src/radio.o
 .text.readReg  0x0800594a       0x38 ./Core/Src/radio.o
 .text.writeBuf
                0x08005982       0x54 ./Core/Src/radio.o
 .text.readBuf  0x080059d6       0x56 ./Core/Src/radio.o
 .text.opmode   0x08005a2c       0x34 ./Core/Src/radio.o
 .text.opmodeLora
                0x08005a60       0x24 ./Core/Src/radio.o
 .text.opmodeFSK
                0x08005a84       0x24 ./Core/Src/radio.o
 .text.configLoraModem
                0x08005aa8      0x15c ./Core/Src/radio.o
 .text.configChannel
                0x08005c04       0x7c ./Core/Src/radio.o
 .text.configPower
                0x08005c80       0x60 ./Core/Src/radio.o
 .text.txfsk    0x08005ce0       0xdc ./Core/Src/radio.o
 .text.txlora   0x08005dbc       0xb4 ./Core/Src/radio.o
 .text.starttx  0x08005e70       0x3c ./Core/Src/radio.o
 .text.rxlora   0x08005eac       0xf8 ./Core/Src/radio.o
 .text.rxfsk    0x08005fa4       0xe0 ./Core/Src/radio.o
 .text.startrx  0x08006084       0x4c ./Core/Src/radio.o
 .text.radio_init
                0x080060d0       0xe8 ./Core/Src/radio.o
                0x080060d0                radio_init
 .text.radio_rand1
                0x080061b8       0x4c ./Core/Src/radio.o
                0x080061b8                radio_rand1
 .text.radio_irq_handler
                0x08006204      0x1ac ./Core/Src/radio.o
                0x08006204                radio_irq_handler
 .text.os_radio
                0x080063b0       0x58 ./Core/Src/radio.o
                0x080063b0                os_radio
 .text.MX_SPI3_Init
                0x08006408       0x7c ./Core/Src/spi.o
                0x08006408                MX_SPI3_Init
 .text.HAL_SPI_MspInit
                0x08006484       0x98 ./Core/Src/spi.o
                0x08006484                HAL_SPI_MspInit
 .text.HAL_MspInit
                0x0800651c       0x48 ./Core/Src/stm32l4xx_hal_msp.o
                0x0800651c                HAL_MspInit
 .text.NMI_Handler
                0x08006564        0x8 ./Core/Src/stm32l4xx_it.o
                0x08006564                NMI_Handler
 .text.HardFault_Handler
                0x0800656c        0x8 ./Core/Src/stm32l4xx_it.o
                0x0800656c                HardFault_Handler
 .text.MemManage_Handler
                0x08006574        0x8 ./Core/Src/stm32l4xx_it.o
                0x08006574                MemManage_Handler
 .text.BusFault_Handler
                0x0800657c        0x8 ./Core/Src/stm32l4xx_it.o
                0x0800657c                BusFault_Handler
 .text.UsageFault_Handler
                0x08006584        0x8 ./Core/Src/stm32l4xx_it.o
                0x08006584                UsageFault_Handler
 .text.SVC_Handler
                0x0800658c        0xe ./Core/Src/stm32l4xx_it.o
                0x0800658c                SVC_Handler
 .text.DebugMon_Handler
                0x0800659a        0xe ./Core/Src/stm32l4xx_it.o
                0x0800659a                DebugMon_Handler
 .text.PendSV_Handler
                0x080065a8        0xe ./Core/Src/stm32l4xx_it.o
                0x080065a8                PendSV_Handler
 .text.SysTick_Handler
                0x080065b6        0xc ./Core/Src/stm32l4xx_it.o
                0x080065b6                SysTick_Handler
 *fill*         0x080065c2        0x2 
 .text.ADC1_IRQHandler
                0x080065c4       0x14 ./Core/Src/stm32l4xx_it.o
                0x080065c4                ADC1_IRQHandler
 .text.EXTI9_5_IRQHandler
                0x080065d8       0x14 ./Core/Src/stm32l4xx_it.o
                0x080065d8                EXTI9_5_IRQHandler
 .text.SPI3_IRQHandler
                0x080065ec       0x14 ./Core/Src/stm32l4xx_it.o
                0x080065ec                SPI3_IRQHandler
 .text.TIM6_DAC_IRQHandler
                0x08006600       0x14 ./Core/Src/stm32l4xx_it.o
                0x08006600                TIM6_DAC_IRQHandler
 .text.TIM7_IRQHandler
                0x08006614       0x14 ./Core/Src/stm32l4xx_it.o
                0x08006614                TIM7_IRQHandler
 .text._getpid  0x08006628       0x10 ./Core/Src/syscalls.o
                0x08006628                _getpid
 .text._kill    0x08006638       0x20 ./Core/Src/syscalls.o
                0x08006638                _kill
 .text._exit    0x08006658       0x16 ./Core/Src/syscalls.o
                0x08006658                _exit
 .text._read    0x0800666e       0x3a ./Core/Src/syscalls.o
                0x0800666e                _read
 .text._write   0x080066a8       0x38 ./Core/Src/syscalls.o
                0x080066a8                _write
 .text._close   0x080066e0       0x18 ./Core/Src/syscalls.o
                0x080066e0                _close
 .text._fstat   0x080066f8       0x20 ./Core/Src/syscalls.o
                0x080066f8                _fstat
 .text._isatty  0x08006718       0x16 ./Core/Src/syscalls.o
                0x08006718                _isatty
 .text._lseek   0x0800672e       0x1a ./Core/Src/syscalls.o
                0x0800672e                _lseek
 .text._sbrk    0x08006748       0x6c ./Core/Src/sysmem.o
                0x08006748                _sbrk
 .text.SystemInit
                0x080067b4       0x24 ./Core/Src/system_stm32l4xx.o
                0x080067b4                SystemInit
 .text.MX_TIM6_Init
                0x080067d8       0x70 ./Core/Src/tim.o
                0x080067d8                MX_TIM6_Init
 .text.MX_TIM7_Init
                0x08006848       0x70 ./Core/Src/tim.o
                0x08006848                MX_TIM7_Init
 .text.HAL_TIM_Base_MspInit
                0x080068b8       0x84 ./Core/Src/tim.o
                0x080068b8                HAL_TIM_Base_MspInit
 .text.bme68x_init
                0x0800693c       0x68 ./Core/Src/bme680/bme68x.o
                0x0800693c                bme68x_init
 .text.bme68x_set_regs
                0x080069a4      0x120 ./Core/Src/bme680/bme68x.o
                0x080069a4                bme68x_set_regs
 .text.bme68x_get_regs
                0x08006ac4       0x88 ./Core/Src/bme680/bme68x.o
                0x08006ac4                bme68x_get_regs
 .text.bme68x_soft_reset
                0x08006b4c       0x86 ./Core/Src/bme680/bme68x.o
                0x08006b4c                bme68x_soft_reset
 *fill*         0x08006bd2        0x2 
 .text.bme68x_set_conf
                0x08006bd4      0x208 ./Core/Src/bme680/bme68x.o
                0x08006bd4                bme68x_set_conf
 .text.bme68x_set_op_mode
                0x08006ddc       0xc2 ./Core/Src/bme680/bme68x.o
                0x08006ddc                bme68x_set_op_mode
 .text.bme68x_get_op_mode
                0x08006e9e       0x40 ./Core/Src/bme680/bme68x.o
                0x08006e9e                bme68x_get_op_mode
 *fill*         0x08006ede        0x2 
 .text.bme68x_get_meas_dur
                0x08006ee0       0xe8 ./Core/Src/bme680/bme68x.o
                0x08006ee0                bme68x_get_meas_dur
 .text.bme68x_get_data
                0x08006fc8      0x1fc ./Core/Src/bme680/bme68x.o
                0x08006fc8                bme68x_get_data
 .text.bme68x_set_heatr_conf
                0x080071c4      0x110 ./Core/Src/bme680/bme68x.o
                0x080071c4                bme68x_set_heatr_conf
 .text.calc_temperature
                0x080072d4      0x10c ./Core/Src/bme680/bme68x.o
 .text.calc_pressure
                0x080073e0      0x284 ./Core/Src/bme680/bme68x.o
 .text.calc_humidity
                0x08007664      0x198 ./Core/Src/bme680/bme68x.o
 .text.calc_gas_resistance_low
                0x080077fc      0x144 ./Core/Src/bme680/bme68x.o
 .text.calc_gas_resistance_high
                0x08007940       0x74 ./Core/Src/bme680/bme68x.o
 .text.calc_res_heat
                0x080079b4      0x160 ./Core/Src/bme680/bme68x.o
 .text.calc_gas_wait
                0x08007b14       0x4a ./Core/Src/bme680/bme68x.o
 .text.read_field_data
                0x08007b5e      0x288 ./Core/Src/bme680/bme68x.o
 .text.read_all_field_data
                0x08007de6      0x458 ./Core/Src/bme680/bme68x.o
 .text.set_mem_page
                0x0800823e       0xca ./Core/Src/bme680/bme68x.o
 .text.get_mem_page
                0x08008308       0x5e ./Core/Src/bme680/bme68x.o
 .text.boundary_check
                0x08008366       0x5a ./Core/Src/bme680/bme68x.o
 .text.null_ptr_check
                0x080083c0       0x3e ./Core/Src/bme680/bme68x.o
 *fill*         0x080083fe        0x2 
 .text.set_conf
                0x08008400      0x2ac ./Core/Src/bme680/bme68x.o
 .text.calc_heatr_dur_shared
                0x080086ac       0x6c ./Core/Src/bme680/bme68x.o
 .text.sort_sensor_data
                0x08008718       0xac ./Core/Src/bme680/bme68x.o
 .text.swap_fields
                0x080087c4       0x48 ./Core/Src/bme680/bme68x.o
 .text.get_calib_data
                0x0800880c      0x208 ./Core/Src/bme680/bme68x.o
 .text.read_variant_id
                0x08008a14       0x3a ./Core/Src/bme680/bme68x.o
 *fill*         0x08008a4e        0x2 
 .text.bme68x_start
                0x08008a50       0xac ./Core/Src/bme680/bme68x_necessary_functions.o
                0x08008a50                bme68x_start
 .text.bme68x_single_measure
                0x08008afc       0x80 ./Core/Src/bme680/bme68x_necessary_functions.o
                0x08008afc                bme68x_single_measure
 .text.bme68x_i2c_write
                0x08008b7c       0x50 ./Core/Src/bme680/bme68x_necessary_functions.o
                0x08008b7c                bme68x_i2c_write
 .text.bme68x_i2c_read
                0x08008bcc       0x58 ./Core/Src/bme680/bme68x_necessary_functions.o
                0x08008bcc                bme68x_i2c_read
 .text.bme68x_delay_us
                0x08008c24       0x28 ./Core/Src/bme680/bme68x_necessary_functions.o
                0x08008c24                bme68x_delay_us
 .text.bme68x_interface_init
                0x08008c4c       0x94 ./Core/Src/bme680/bme68x_necessary_functions.o
                0x08008c4c                bme68x_interface_init
 .text.bme68x_GetGasReference
                0x08008ce0       0x6c ./Core/Src/bme680/bme68x_necessary_functions.o
                0x08008ce0                bme68x_GetGasReference
 *fill*         0x08008d4c        0x4 
 .text.bme68x_GetHumidityScore
                0x08008d50      0x178 ./Core/Src/bme680/bme68x_necessary_functions.o
                0x08008d50                bme68x_GetHumidityScore
 .text.bme68x_GetGasScore
                0x08008ec8      0x134 ./Core/Src/bme680/bme68x_necessary_functions.o
                0x08008ec8                bme68x_GetGasScore
 .text.bme68x_iaq
                0x08008ffc       0x8c ./Core/Src/bme680/bme68x_necessary_functions.o
                0x08008ffc                bme68x_iaq
 .text.Reset_Handler
                0x08009088       0x50 ./Core/Startup/startup_stm32l432kcux.o
                0x08009088                Reset_Handler
 .text.Default_Handler
                0x080090d8        0x2 ./Core/Startup/startup_stm32l432kcux.o
                0x080090d8                RTC_Alarm_IRQHandler
                0x080090d8                EXTI2_IRQHandler
                0x080090d8                TIM1_CC_IRQHandler
                0x080090d8                TSC_IRQHandler
                0x080090d8                TAMP_STAMP_IRQHandler
                0x080090d8                EXTI3_IRQHandler
                0x080090d8                LPTIM2_IRQHandler
                0x080090d8                I2C3_ER_IRQHandler
                0x080090d8                EXTI0_IRQHandler
                0x080090d8                CAN1_RX0_IRQHandler
                0x080090d8                FPU_IRQHandler
                0x080090d8                TIM1_UP_TIM16_IRQHandler
                0x080090d8                SPI1_IRQHandler
                0x080090d8                DMA2_Channel2_IRQHandler
                0x080090d8                DMA1_Channel4_IRQHandler
                0x080090d8                DMA1_Channel7_IRQHandler
                0x080090d8                CAN1_RX1_IRQHandler
                0x080090d8                DMA2_Channel1_IRQHandler
                0x080090d8                QUADSPI_IRQHandler
                0x080090d8                I2C1_EV_IRQHandler
                0x080090d8                DMA1_Channel6_IRQHandler
                0x080090d8                DMA2_Channel4_IRQHandler
                0x080090d8                RCC_IRQHandler
                0x080090d8                TIM1_TRG_COM_IRQHandler
                0x080090d8                DMA1_Channel1_IRQHandler
                0x080090d8                Default_Handler
                0x080090d8                DMA2_Channel7_IRQHandler
                0x080090d8                EXTI15_10_IRQHandler
                0x080090d8                I2C3_EV_IRQHandler
                0x080090d8                USB_IRQHandler
                0x080090d8                RTC_WKUP_IRQHandler
                0x080090d8                PVD_PVM_IRQHandler
                0x080090d8                CAN1_TX_IRQHandler
                0x080090d8                DMA2_Channel5_IRQHandler
                0x080090d8                CRS_IRQHandler
                0x080090d8                DMA1_Channel5_IRQHandler
                0x080090d8                EXTI4_IRQHandler
                0x080090d8                RNG_IRQHandler
                0x080090d8                DMA1_Channel3_IRQHandler
                0x080090d8                COMP_IRQHandler
                0x080090d8                WWDG_IRQHandler
                0x080090d8                LPUART1_IRQHandler
                0x080090d8                DMA2_Channel6_IRQHandler
                0x080090d8                TIM2_IRQHandler
                0x080090d8                EXTI1_IRQHandler
                0x080090d8                USART2_IRQHandler
                0x080090d8                DMA1_Channel2_IRQHandler
                0x080090d8                CAN1_SCE_IRQHandler
                0x080090d8                FLASH_IRQHandler
                0x080090d8                USART1_IRQHandler
                0x080090d8                I2C1_ER_IRQHandler
                0x080090d8                SWPMI1_IRQHandler
                0x080090d8                LPTIM1_IRQHandler
                0x080090d8                SAI1_IRQHandler
                0x080090d8                DMA2_Channel3_IRQHandler
                0x080090d8                TIM1_BRK_TIM15_IRQHandler
 .text.HAL_Init
                0x080090da       0x30 ./Drivers/STM32L4xx_HAL_Driver/Src/stm32l4xx_hal.o
                0x080090da                HAL_Init
 *fill*         0x0800910a        0x2 
 .text.HAL_InitTick
                0x0800910c       0x78 ./Drivers/STM32L4xx_HAL_Driver/Src/stm32l4xx_hal.o
                0x0800910c                HAL_InitTick
 .text.HAL_IncTick
                0x08009184       0x28 ./Drivers/STM32L4xx_HAL_Driver/Src/stm32l4xx_hal.o
                0x08009184                HAL_IncTick
 .text.HAL_GetTick
                0x080091ac       0x18 ./Drivers/STM32L4xx_HAL_Driver/Src/stm32l4xx_hal.o
                0x080091ac                HAL_GetTick
 .text.HAL_Delay
                0x080091c4       0x48 ./Drivers/STM32L4xx_HAL_Driver/Src/stm32l4xx_hal.o
                0x080091c4                HAL_Delay
 .text.LL_ADC_SetCommonClock
                0x0800920c       0x26 ./Drivers/STM32L4xx_HAL_Driver/Src/stm32l4xx_hal_adc.o
 .text.LL_ADC_SetCommonPathInternalCh
                0x08009232       0x26 ./Drivers/STM32L4xx_HAL_Driver/Src/stm32l4xx_hal_adc.o
 .text.LL_ADC_GetCommonPathInternalCh
                0x08009258       0x1c ./Drivers/STM32L4xx_HAL_Driver/Src/stm32l4xx_hal_adc.o
 .text.LL_ADC_SetOffset
                0x08009274       0x48 ./Drivers/STM32L4xx_HAL_Driver/Src/stm32l4xx_hal_adc.o
 .text.LL_ADC_GetOffsetChannel
                0x080092bc       0x2c ./Drivers/STM32L4xx_HAL_Driver/Src/stm32l4xx_hal_adc.o
 .text.LL_ADC_SetOffsetState
                0x080092e8       0x36 ./Drivers/STM32L4xx_HAL_Driver/Src/stm32l4xx_hal_adc.o
 .text.LL_ADC_REG_IsTriggerSourceSWStart
                0x0800931e       0x26 ./Drivers/STM32L4xx_HAL_Driver/Src/stm32l4xx_hal_adc.o
 .text.LL_ADC_REG_SetSequencerRanks
                0x08009344       0x58 ./Drivers/STM32L4xx_HAL_Driver/Src/stm32l4xx_hal_adc.o
 .text.LL_ADC_INJ_IsTriggerSourceSWStart
                0x0800939c       0x26 ./Drivers/STM32L4xx_HAL_Driver/Src/stm32l4xx_hal_adc.o
 .text.LL_ADC_SetChannelSamplingTime
                0x080093c2       0x56 ./Drivers/STM32L4xx_HAL_Driver/Src/stm32l4xx_hal_adc.o
 .text.LL_ADC_SetChannelSingleDiff
                0x08009418       0x48 ./Drivers/STM32L4xx_HAL_Driver/Src/stm32l4xx_hal_adc.o
 .text.LL_ADC_DisableDeepPowerDown
                0x08009460       0x24 ./Drivers/STM32L4xx_HAL_Driver/Src/stm32l4xx_hal_adc.o
 .text.LL_ADC_IsDeepPowerDownEnabled
                0x08009484       0x28 ./Drivers/STM32L4xx_HAL_Driver/Src/stm32l4xx_hal_adc.o
 .text.LL_ADC_EnableInternalRegulator
                0x080094ac       0x28 ./Drivers/STM32L4xx_HAL_Driver/Src/stm32l4xx_hal_adc.o
 .text.LL_ADC_IsInternalRegulatorEnabled
                0x080094d4       0x28 ./Drivers/STM32L4xx_HAL_Driver/Src/stm32l4xx_hal_adc.o
 .text.LL_ADC_Enable
                0x080094fc       0x28 ./Drivers/STM32L4xx_HAL_Driver/Src/stm32l4xx_hal_adc.o
 .text.LL_ADC_Disable
                0x08009524       0x28 ./Drivers/STM32L4xx_HAL_Driver/Src/stm32l4xx_hal_adc.o
 .text.LL_ADC_IsEnabled
                0x0800954c       0x26 ./Drivers/STM32L4xx_HAL_Driver/Src/stm32l4xx_hal_adc.o
 .text.LL_ADC_IsDisableOngoing
                0x08009572       0x26 ./Drivers/STM32L4xx_HAL_Driver/Src/stm32l4xx_hal_adc.o
 .text.LL_ADC_REG_StartConversion
                0x08009598       0x28 ./Drivers/STM32L4xx_HAL_Driver/Src/stm32l4xx_hal_adc.o
 .text.LL_ADC_REG_IsConversionOngoing
                0x080095c0       0x26 ./Drivers/STM32L4xx_HAL_Driver/Src/stm32l4xx_hal_adc.o
 .text.LL_ADC_INJ_IsConversionOngoing
                0x080095e6       0x26 ./Drivers/STM32L4xx_HAL_Driver/Src/stm32l4xx_hal_adc.o
 .text.HAL_ADC_Init
                0x0800960c      0x284 ./Drivers/STM32L4xx_HAL_Driver/Src/stm32l4xx_hal_adc.o
                0x0800960c                HAL_ADC_Init
 .text.HAL_ADC_Start_IT
                0x08009890      0x168 ./Drivers/STM32L4xx_HAL_Driver/Src/stm32l4xx_hal_adc.o
                0x08009890                HAL_ADC_Start_IT
 .text.HAL_ADC_GetValue
                0x080099f8       0x1a ./Drivers/STM32L4xx_HAL_Driver/Src/stm32l4xx_hal_adc.o
                0x080099f8                HAL_ADC_GetValue
 .text.HAL_ADC_IRQHandler
                0x08009a12      0x368 ./Drivers/STM32L4xx_HAL_Driver/Src/stm32l4xx_hal_adc.o
                0x08009a12                HAL_ADC_IRQHandler
 .text.HAL_ADC_LevelOutOfWindowCallback
                0x08009d7a       0x14 ./Drivers/STM32L4xx_HAL_Driver/Src/stm32l4xx_hal_adc.o
                0x08009d7a                HAL_ADC_LevelOutOfWindowCallback
 .text.HAL_ADC_ErrorCallback
                0x08009d8e       0x14 ./Drivers/STM32L4xx_HAL_Driver/Src/stm32l4xx_hal_adc.o
                0x08009d8e                HAL_ADC_ErrorCallback
 *fill*         0x08009da2        0x2 
 .text.HAL_ADC_ConfigChannel
                0x08009da4      0x7c4 ./Drivers/STM32L4xx_HAL_Driver/Src/stm32l4xx_hal_adc.o
                0x08009da4                HAL_ADC_ConfigChannel
 .text.ADC_Enable
                0x0800a568      0x10c ./Drivers/STM32L4xx_HAL_Driver/Src/stm32l4xx_hal_adc.o
                0x0800a568                ADC_Enable
 .text.ADC_Disable
                0x0800a674       0xbe ./Drivers/STM32L4xx_HAL_Driver/Src/stm32l4xx_hal_adc.o
                0x0800a674                ADC_Disable
 .text.LL_ADC_StartCalibration
                0x0800a732       0x32 ./Drivers/STM32L4xx_HAL_Driver/Src/stm32l4xx_hal_adc_ex.o
 .text.LL_ADC_IsCalibrationOnGoing
                0x0800a764       0x28 ./Drivers/STM32L4xx_HAL_Driver/Src/stm32l4xx_hal_adc_ex.o
 .text.HAL_ADCEx_Calibration_Start
                0x0800a78c       0xc0 ./Drivers/STM32L4xx_HAL_Driver/Src/stm32l4xx_hal_adc_ex.o
                0x0800a78c                HAL_ADCEx_Calibration_Start
 .text.HAL_ADCEx_InjectedConvCpltCallback
                0x0800a84c       0x14 ./Drivers/STM32L4xx_HAL_Driver/Src/stm32l4xx_hal_adc_ex.o
                0x0800a84c                HAL_ADCEx_InjectedConvCpltCallback
 .text.HAL_ADCEx_InjectedQueueOverflowCallback
                0x0800a860       0x14 ./Drivers/STM32L4xx_HAL_Driver/Src/stm32l4xx_hal_adc_ex.o
                0x0800a860                HAL_ADCEx_InjectedQueueOverflowCallback
 .text.HAL_ADCEx_LevelOutOfWindow2Callback
                0x0800a874       0x14 ./Drivers/STM32L4xx_HAL_Driver/Src/stm32l4xx_hal_adc_ex.o
                0x0800a874                HAL_ADCEx_LevelOutOfWindow2Callback
 .text.HAL_ADCEx_LevelOutOfWindow3Callback
                0x0800a888       0x14 ./Drivers/STM32L4xx_HAL_Driver/Src/stm32l4xx_hal_adc_ex.o
                0x0800a888                HAL_ADCEx_LevelOutOfWindow3Callback
 .text.HAL_ADCEx_EndOfSamplingCallback
                0x0800a89c       0x14 ./Drivers/STM32L4xx_HAL_Driver/Src/stm32l4xx_hal_adc_ex.o
                0x0800a89c                HAL_ADCEx_EndOfSamplingCallback
 .text.__NVIC_SetPriorityGrouping
                0x0800a8b0       0x48 ./Drivers/STM32L4xx_HAL_Driver/Src/stm32l4xx_hal_cortex.o
 .text.__NVIC_GetPriorityGrouping
                0x0800a8f8       0x1c ./Drivers/STM32L4xx_HAL_Driver/Src/stm32l4xx_hal_cortex.o
 .text.__NVIC_EnableIRQ
                0x0800a914       0x3c ./Drivers/STM32L4xx_HAL_Driver/Src/stm32l4xx_hal_cortex.o
 .text.__NVIC_SetPriority
                0x0800a950       0x54 ./Drivers/STM32L4xx_HAL_Driver/Src/stm32l4xx_hal_cortex.o
 .text.NVIC_EncodePriority
                0x0800a9a4       0x66 ./Drivers/STM32L4xx_HAL_Driver/Src/stm32l4xx_hal_cortex.o
 *fill*         0x0800aa0a        0x2 
 .text.SysTick_Config
                0x0800aa0c       0x44 ./Drivers/STM32L4xx_HAL_Driver/Src/stm32l4xx_hal_cortex.o
 .text.HAL_NVIC_SetPriorityGrouping
                0x0800aa50       0x16 ./Drivers/STM32L4xx_HAL_Driver/Src/stm32l4xx_hal_cortex.o
                0x0800aa50                HAL_NVIC_SetPriorityGrouping
 .text.HAL_NVIC_SetPriority
                0x0800aa66       0x38 ./Drivers/STM32L4xx_HAL_Driver/Src/stm32l4xx_hal_cortex.o
                0x0800aa66                HAL_NVIC_SetPriority
 .text.HAL_NVIC_EnableIRQ
                0x0800aa9e       0x1c ./Drivers/STM32L4xx_HAL_Driver/Src/stm32l4xx_hal_cortex.o
                0x0800aa9e                HAL_NVIC_EnableIRQ
 .text.HAL_SYSTICK_Config
                0x0800aaba       0x18 ./Drivers/STM32L4xx_HAL_Driver/Src/stm32l4xx_hal_cortex.o
                0x0800aaba                HAL_SYSTICK_Config
 .text.HAL_DMA_Abort_IT
                0x0800aad2       0x82 ./Drivers/STM32L4xx_HAL_Driver/Src/stm32l4xx_hal_dma.o
                0x0800aad2                HAL_DMA_Abort_IT
 .text.HAL_GPIO_Init
                0x0800ab54      0x2d4 ./Drivers/STM32L4xx_HAL_Driver/Src/stm32l4xx_hal_gpio.o
                0x0800ab54                HAL_GPIO_Init
 .text.HAL_GPIO_WritePin
                0x0800ae28       0x30 ./Drivers/STM32L4xx_HAL_Driver/Src/stm32l4xx_hal_gpio.o
                0x0800ae28                HAL_GPIO_WritePin
 .text.HAL_GPIO_EXTI_IRQHandler
                0x0800ae58       0x30 ./Drivers/STM32L4xx_HAL_Driver/Src/stm32l4xx_hal_gpio.o
                0x0800ae58                HAL_GPIO_EXTI_IRQHandler
 .text.HAL_I2C_Init
                0x0800ae88      0x136 ./Drivers/STM32L4xx_HAL_Driver/Src/stm32l4xx_hal_i2c.o
                0x0800ae88                HAL_I2C_Init
 *fill*         0x0800afbe        0x2 
 .text.HAL_I2C_Mem_Write
                0x0800afc0      0x228 ./Drivers/STM32L4xx_HAL_Driver/Src/stm32l4xx_hal_i2c.o
                0x0800afc0                HAL_I2C_Mem_Write
 .text.HAL_I2C_Mem_Read
                0x0800b1e8      0x234 ./Drivers/STM32L4xx_HAL_Driver/Src/stm32l4xx_hal_i2c.o
                0x0800b1e8                HAL_I2C_Mem_Read
 .text.HAL_I2C_IsDeviceReady
                0x0800b41c      0x1d8 ./Drivers/STM32L4xx_HAL_Driver/Src/stm32l4xx_hal_i2c.o
                0x0800b41c                HAL_I2C_IsDeviceReady
 .text.I2C_RequestMemoryWrite
                0x0800b5f4       0xa8 ./Drivers/STM32L4xx_HAL_Driver/Src/stm32l4xx_hal_i2c.o
 .text.I2C_RequestMemoryRead
                0x0800b69c       0xa8 ./Drivers/STM32L4xx_HAL_Driver/Src/stm32l4xx_hal_i2c.o
 .text.I2C_Flush_TXDR
                0x0800b744       0x48 ./Drivers/STM32L4xx_HAL_Driver/Src/stm32l4xx_hal_i2c.o
 .text.I2C_WaitOnFlagUntilTimeout
                0x0800b78c       0xb2 ./Drivers/STM32L4xx_HAL_Driver/Src/stm32l4xx_hal_i2c.o
 .text.I2C_WaitOnTXISFlagUntilTimeout
                0x0800b83e       0x8e ./Drivers/STM32L4xx_HAL_Driver/Src/stm32l4xx_hal_i2c.o
 .text.I2C_WaitOnSTOPFlagUntilTimeout
                0x0800b8cc       0x86 ./Drivers/STM32L4xx_HAL_Driver/Src/stm32l4xx_hal_i2c.o
 *fill*         0x0800b952        0x2 
 .text.I2C_IsErrorOccurred
                0x0800b954      0x1c0 ./Drivers/STM32L4xx_HAL_Driver/Src/stm32l4xx_hal_i2c.o
 .text.I2C_TransferConfig
                0x0800bb14       0x64 ./Drivers/STM32L4xx_HAL_Driver/Src/stm32l4xx_hal_i2c.o
 .text.HAL_I2CEx_ConfigAnalogFilter
                0x0800bb78       0x96 ./Drivers/STM32L4xx_HAL_Driver/Src/stm32l4xx_hal_i2c_ex.o
                0x0800bb78                HAL_I2CEx_ConfigAnalogFilter
 .text.HAL_I2CEx_ConfigDigitalFilter
                0x0800bc0e       0x98 ./Drivers/STM32L4xx_HAL_Driver/Src/stm32l4xx_hal_i2c_ex.o
                0x0800bc0e                HAL_I2CEx_ConfigDigitalFilter
 *fill*         0x0800bca6        0x2 
 .text.HAL_PWREx_GetVoltageRange
                0x0800bca8       0x1c ./Drivers/STM32L4xx_HAL_Driver/Src/stm32l4xx_hal_pwr_ex.o
                0x0800bca8                HAL_PWREx_GetVoltageRange
 .text.HAL_PWREx_ControlVoltageScaling
                0x0800bcc4       0xac ./Drivers/STM32L4xx_HAL_Driver/Src/stm32l4xx_hal_pwr_ex.o
                0x0800bcc4                HAL_PWREx_ControlVoltageScaling
 .text.HAL_RCC_OscConfig
                0x0800bd70      0x828 ./Drivers/STM32L4xx_HAL_Driver/Src/stm32l4xx_hal_rcc.o
                0x0800bd70                HAL_RCC_OscConfig
 .text.HAL_RCC_ClockConfig
                0x0800c598      0x200 ./Drivers/STM32L4xx_HAL_Driver/Src/stm32l4xx_hal_rcc.o
                0x0800c598                HAL_RCC_ClockConfig
 .text.HAL_RCC_GetSysClockFreq
                0x0800c798      0x118 ./Drivers/STM32L4xx_HAL_Driver/Src/stm32l4xx_hal_rcc.o
                0x0800c798                HAL_RCC_GetSysClockFreq
 .text.RCC_SetFlashLatencyFromMSIRange
                0x0800c8b0       0xc0 ./Drivers/STM32L4xx_HAL_Driver/Src/stm32l4xx_hal_rcc.o
 .text.HAL_RCCEx_PeriphCLKConfig
                0x0800c970      0x3ec ./Drivers/STM32L4xx_HAL_Driver/Src/stm32l4xx_hal_rcc_ex.o
                0x0800c970                HAL_RCCEx_PeriphCLKConfig
 .text.RCCEx_PLLSAI1_Config
                0x0800cd5c      0x1e4 ./Drivers/STM32L4xx_HAL_Driver/Src/stm32l4xx_hal_rcc_ex.o
 .text.HAL_SPI_Init
                0x0800cf40      0x146 ./Drivers/STM32L4xx_HAL_Driver/Src/stm32l4xx_hal_spi.o
                0x0800cf40                HAL_SPI_Init
 .text.HAL_SPI_TransmitReceive
                0x0800d086      0x43e ./Drivers/STM32L4xx_HAL_Driver/Src/stm32l4xx_hal_spi.o
                0x0800d086                HAL_SPI_TransmitReceive
 .text.HAL_SPI_IRQHandler
                0x0800d4c4      0x1e8 ./Drivers/STM32L4xx_HAL_Driver/Src/stm32l4xx_hal_spi.o
                0x0800d4c4                HAL_SPI_IRQHandler
 .text.HAL_SPI_ErrorCallback
                0x0800d6ac       0x14 ./Drivers/STM32L4xx_HAL_Driver/Src/stm32l4xx_hal_spi.o
                0x0800d6ac                HAL_SPI_ErrorCallback
 .text.SPI_DMAAbortOnError
                0x0800d6c0       0x2a ./Drivers/STM32L4xx_HAL_Driver/Src/stm32l4xx_hal_spi.o
 *fill*         0x0800d6ea        0x2 
 .text.SPI_WaitFlagStateUntilTimeout
                0x0800d6ec      0x110 ./Drivers/STM32L4xx_HAL_Driver/Src/stm32l4xx_hal_spi.o
 .text.SPI_WaitFifoStateUntilTimeout
                0x0800d7fc      0x12c ./Drivers/STM32L4xx_HAL_Driver/Src/stm32l4xx_hal_spi.o
 .text.SPI_EndRxTxTransaction
                0x0800d928       0x8c ./Drivers/STM32L4xx_HAL_Driver/Src/stm32l4xx_hal_spi.o
 .text.HAL_TIM_Base_Init
                0x0800d9b4       0xae ./Drivers/STM32L4xx_HAL_Driver/Src/stm32l4xx_hal_tim.o
                0x0800d9b4                HAL_TIM_Base_Init
 *fill*         0x0800da62        0x2 
 .text.HAL_TIM_Base_Start_IT
                0x0800da64       0xa8 ./Drivers/STM32L4xx_HAL_Driver/Src/stm32l4xx_hal_tim.o
                0x0800da64                HAL_TIM_Base_Start_IT
 .text.HAL_TIM_IRQHandler
                0x0800db0c      0x20e ./Drivers/STM32L4xx_HAL_Driver/Src/stm32l4xx_hal_tim.o
                0x0800db0c                HAL_TIM_IRQHandler
 .text.HAL_TIM_OC_DelayElapsedCallback
                0x0800dd1a       0x14 ./Drivers/STM32L4xx_HAL_Driver/Src/stm32l4xx_hal_tim.o
                0x0800dd1a                HAL_TIM_OC_DelayElapsedCallback
 .text.HAL_TIM_IC_CaptureCallback
                0x0800dd2e       0x14 ./Drivers/STM32L4xx_HAL_Driver/Src/stm32l4xx_hal_tim.o
                0x0800dd2e                HAL_TIM_IC_CaptureCallback
 .text.HAL_TIM_PWM_PulseFinishedCallback
                0x0800dd42       0x14 ./Drivers/STM32L4xx_HAL_Driver/Src/stm32l4xx_hal_tim.o
                0x0800dd42                HAL_TIM_PWM_PulseFinishedCallback
 .text.HAL_TIM_TriggerCallback
                0x0800dd56       0x14 ./Drivers/STM32L4xx_HAL_Driver/Src/stm32l4xx_hal_tim.o
                0x0800dd56                HAL_TIM_TriggerCallback
 *fill*         0x0800dd6a        0x2 
 .text.TIM_Base_SetConfig
                0x0800dd6c       0xe0 ./Drivers/STM32L4xx_HAL_Driver/Src/stm32l4xx_hal_tim.o
                0x0800dd6c                TIM_Base_SetConfig
 .text.HAL_TIMEx_MasterConfigSynchronization
                0x0800de4c       0xcc ./Drivers/STM32L4xx_HAL_Driver/Src/stm32l4xx_hal_tim_ex.o
                0x0800de4c                HAL_TIMEx_MasterConfigSynchronization
 .text.HAL_TIMEx_CommutCallback
                0x0800df18       0x14 ./Drivers/STM32L4xx_HAL_Driver/Src/stm32l4xx_hal_tim_ex.o
                0x0800df18                HAL_TIMEx_CommutCallback
 .text.HAL_TIMEx_BreakCallback
                0x0800df2c       0x14 ./Drivers/STM32L4xx_HAL_Driver/Src/stm32l4xx_hal_tim_ex.o
                0x0800df2c                HAL_TIMEx_BreakCallback
 .text.HAL_TIMEx_Break2Callback
                0x0800df40       0x14 ./Drivers/STM32L4xx_HAL_Driver/Src/stm32l4xx_hal_tim_ex.o
                0x0800df40                HAL_TIMEx_Break2Callback
 .text.__assert_func
                0x0800df54       0x3c C:/Program Files/ST/STM32CubeIDE_1.16.0/STM32CubeIDE/plugins/com.st.stm32cube.ide.mcu.externaltools.gnu-tools-for-stm32.12.3.rel1.win32_1.0.200.202406191623/tools/bin/../lib/gcc/arm-none-eabi/12.3.1/../../../../arm-none-eabi/lib/thumb/v7e-m+fp/hard\libc_nano.a(libc_a-assert.o)
                0x0800df54                __assert_func
 .text.std      0x0800df90       0x6c C:/Program Files/ST/STM32CubeIDE_1.16.0/STM32CubeIDE/plugins/com.st.stm32cube.ide.mcu.externaltools.gnu-tools-for-stm32.12.3.rel1.win32_1.0.200.202406191623/tools/bin/../lib/gcc/arm-none-eabi/12.3.1/../../../../arm-none-eabi/lib/thumb/v7e-m+fp/hard\libc_nano.a(libc_a-findfp.o)
 .text.stdio_exit_handler
                0x0800dffc       0x18 C:/Program Files/ST/STM32CubeIDE_1.16.0/STM32CubeIDE/plugins/com.st.stm32cube.ide.mcu.externaltools.gnu-tools-for-stm32.12.3.rel1.win32_1.0.200.202406191623/tools/bin/../lib/gcc/arm-none-eabi/12.3.1/../../../../arm-none-eabi/lib/thumb/v7e-m+fp/hard\libc_nano.a(libc_a-findfp.o)
 .text.cleanup_stdio
                0x0800e014       0x40 C:/Program Files/ST/STM32CubeIDE_1.16.0/STM32CubeIDE/plugins/com.st.stm32cube.ide.mcu.externaltools.gnu-tools-for-stm32.12.3.rel1.win32_1.0.200.202406191623/tools/bin/../lib/gcc/arm-none-eabi/12.3.1/../../../../arm-none-eabi/lib/thumb/v7e-m+fp/hard\libc_nano.a(libc_a-findfp.o)
 .text.global_stdio_init.part.0
                0x0800e054       0x3c C:/Program Files/ST/STM32CubeIDE_1.16.0/STM32CubeIDE/plugins/com.st.stm32cube.ide.mcu.externaltools.gnu-tools-for-stm32.12.3.rel1.win32_1.0.200.202406191623/tools/bin/../lib/gcc/arm-none-eabi/12.3.1/../../../../arm-none-eabi/lib/thumb/v7e-m+fp/hard\libc_nano.a(libc_a-findfp.o)
 .text.__sfp_lock_acquire
                0x0800e090        0xc C:/Program Files/ST/STM32CubeIDE_1.16.0/STM32CubeIDE/plugins/com.st.stm32cube.ide.mcu.externaltools.gnu-tools-for-stm32.12.3.rel1.win32_1.0.200.202406191623/tools/bin/../lib/gcc/arm-none-eabi/12.3.1/../../../../arm-none-eabi/lib/thumb/v7e-m+fp/hard\libc_nano.a(libc_a-findfp.o)
                0x0800e090                __sfp_lock_acquire
 .text.__sfp_lock_release
                0x0800e09c        0xc C:/Program Files/ST/STM32CubeIDE_1.16.0/STM32CubeIDE/plugins/com.st.stm32cube.ide.mcu.externaltools.gnu-tools-for-stm32.12.3.rel1.win32_1.0.200.202406191623/tools/bin/../lib/gcc/arm-none-eabi/12.3.1/../../../../arm-none-eabi/lib/thumb/v7e-m+fp/hard\libc_nano.a(libc_a-findfp.o)
                0x0800e09c                __sfp_lock_release
 .text.__sinit  0x0800e0a8       0x30 C:/Program Files/ST/STM32CubeIDE_1.16.0/STM32CubeIDE/plugins/com.st.stm32cube.ide.mcu.externaltools.gnu-tools-for-stm32.12.3.rel1.win32_1.0.200.202406191623/tools/bin/../lib/gcc/arm-none-eabi/12.3.1/../../../../arm-none-eabi/lib/thumb/v7e-m+fp/hard\libc_nano.a(libc_a-findfp.o)
                0x0800e0a8                __sinit
 .text.fprintf  0x0800e0d8       0x24 C:/Program Files/ST/STM32CubeIDE_1.16.0/STM32CubeIDE/plugins/com.st.stm32cube.ide.mcu.externaltools.gnu-tools-for-stm32.12.3.rel1.win32_1.0.200.202406191623/tools/bin/../lib/gcc/arm-none-eabi/12.3.1/../../../../arm-none-eabi/lib/thumb/v7e-m+fp/hard\libc_nano.a(libc_a-fprintf.o)
                0x0800e0d8                fiprintf
                0x0800e0d8                fprintf
 .text._fwalk_sglue
                0x0800e0fc       0x3c C:/Program Files/ST/STM32CubeIDE_1.16.0/STM32CubeIDE/plugins/com.st.stm32cube.ide.mcu.externaltools.gnu-tools-for-stm32.12.3.rel1.win32_1.0.200.202406191623/tools/bin/../lib/gcc/arm-none-eabi/12.3.1/../../../../arm-none-eabi/lib/thumb/v7e-m+fp/hard\libc_nano.a(libc_a-fwalk.o)
                0x0800e0fc                _fwalk_sglue
 .text.__sread  0x0800e138       0x22 C:/Program Files/ST/STM32CubeIDE_1.16.0/STM32CubeIDE/plugins/com.st.stm32cube.ide.mcu.externaltools.gnu-tools-for-stm32.12.3.rel1.win32_1.0.200.202406191623/tools/bin/../lib/gcc/arm-none-eabi/12.3.1/../../../../arm-none-eabi/lib/thumb/v7e-m+fp/hard\libc_nano.a(libc_a-stdio.o)
                0x0800e138                __sread
 .text.__swrite
                0x0800e15a       0x38 C:/Program Files/ST/STM32CubeIDE_1.16.0/STM32CubeIDE/plugins/com.st.stm32cube.ide.mcu.externaltools.gnu-tools-for-stm32.12.3.rel1.win32_1.0.200.202406191623/tools/bin/../lib/gcc/arm-none-eabi/12.3.1/../../../../arm-none-eabi/lib/thumb/v7e-m+fp/hard\libc_nano.a(libc_a-stdio.o)
                0x0800e15a                __swrite
 .text.__sseek  0x0800e192       0x24 C:/Program Files/ST/STM32CubeIDE_1.16.0/STM32CubeIDE/plugins/com.st.stm32cube.ide.mcu.externaltools.gnu-tools-for-stm32.12.3.rel1.win32_1.0.200.202406191623/tools/bin/../lib/gcc/arm-none-eabi/12.3.1/../../../../arm-none-eabi/lib/thumb/v7e-m+fp/hard\libc_nano.a(libc_a-stdio.o)
                0x0800e192                __sseek
 .text.__sclose
                0x0800e1b6        0x8 C:/Program Files/ST/STM32CubeIDE_1.16.0/STM32CubeIDE/plugins/com.st.stm32cube.ide.mcu.externaltools.gnu-tools-for-stm32.12.3.rel1.win32_1.0.200.202406191623/tools/bin/../lib/gcc/arm-none-eabi/12.3.1/../../../../arm-none-eabi/lib/thumb/v7e-m+fp/hard\libc_nano.a(libc_a-stdio.o)
                0x0800e1b6                __sclose
 .text.memset   0x0800e1be       0x10 C:/Program Files/ST/STM32CubeIDE_1.16.0/STM32CubeIDE/plugins/com.st.stm32cube.ide.mcu.externaltools.gnu-tools-for-stm32.12.3.rel1.win32_1.0.200.202406191623/tools/bin/../lib/gcc/arm-none-eabi/12.3.1/../../../../arm-none-eabi/lib/thumb/v7e-m+fp/hard\libc_nano.a(libc_a-memset.o)
                0x0800e1be                memset
 *fill*         0x0800e1ce        0x2 
 .text._close_r
                0x0800e1d0       0x20 C:/Program Files/ST/STM32CubeIDE_1.16.0/STM32CubeIDE/plugins/com.st.stm32cube.ide.mcu.externaltools.gnu-tools-for-stm32.12.3.rel1.win32_1.0.200.202406191623/tools/bin/../lib/gcc/arm-none-eabi/12.3.1/../../../../arm-none-eabi/lib/thumb/v7e-m+fp/hard\libc_nano.a(libc_a-closer.o)
                0x0800e1d0                _close_r
 .text._lseek_r
                0x0800e1f0       0x24 C:/Program Files/ST/STM32CubeIDE_1.16.0/STM32CubeIDE/plugins/com.st.stm32cube.ide.mcu.externaltools.gnu-tools-for-stm32.12.3.rel1.win32_1.0.200.202406191623/tools/bin/../lib/gcc/arm-none-eabi/12.3.1/../../../../arm-none-eabi/lib/thumb/v7e-m+fp/hard\libc_nano.a(libc_a-lseekr.o)
                0x0800e1f0                _lseek_r
 .text._read_r  0x0800e214       0x24 C:/Program Files/ST/STM32CubeIDE_1.16.0/STM32CubeIDE/plugins/com.st.stm32cube.ide.mcu.externaltools.gnu-tools-for-stm32.12.3.rel1.win32_1.0.200.202406191623/tools/bin/../lib/gcc/arm-none-eabi/12.3.1/../../../../arm-none-eabi/lib/thumb/v7e-m+fp/hard\libc_nano.a(libc_a-readr.o)
                0x0800e214                _read_r
 .text._write_r
                0x0800e238       0x24 C:/Program Files/ST/STM32CubeIDE_1.16.0/STM32CubeIDE/plugins/com.st.stm32cube.ide.mcu.externaltools.gnu-tools-for-stm32.12.3.rel1.win32_1.0.200.202406191623/tools/bin/../lib/gcc/arm-none-eabi/12.3.1/../../../../arm-none-eabi/lib/thumb/v7e-m+fp/hard\libc_nano.a(libc_a-writer.o)
                0x0800e238                _write_r
 .text.__errno  0x0800e25c        0xc C:/Program Files/ST/STM32CubeIDE_1.16.0/STM32CubeIDE/plugins/com.st.stm32cube.ide.mcu.externaltools.gnu-tools-for-stm32.12.3.rel1.win32_1.0.200.202406191623/tools/bin/../lib/gcc/arm-none-eabi/12.3.1/../../../../arm-none-eabi/lib/thumb/v7e-m+fp/hard\libc_nano.a(libc_a-errno.o)
                0x0800e25c                __errno
 .text.__libc_init_array
                0x0800e268       0x48 C:/Program Files/ST/STM32CubeIDE_1.16.0/STM32CubeIDE/plugins/com.st.stm32cube.ide.mcu.externaltools.gnu-tools-for-stm32.12.3.rel1.win32_1.0.200.202406191623/tools/bin/../lib/gcc/arm-none-eabi/12.3.1/../../../../arm-none-eabi/lib/thumb/v7e-m+fp/hard\libc_nano.a(libc_a-init.o)
                0x0800e268                __libc_init_array
 .text.__retarget_lock_init_recursive
                0x0800e2b0        0x2 C:/Program Files/ST/STM32CubeIDE_1.16.0/STM32CubeIDE/plugins/com.st.stm32cube.ide.mcu.externaltools.gnu-tools-for-stm32.12.3.rel1.win32_1.0.200.202406191623/tools/bin/../lib/gcc/arm-none-eabi/12.3.1/../../../../arm-none-eabi/lib/thumb/v7e-m+fp/hard\libc_nano.a(libc_a-lock.o)
                0x0800e2b0                __retarget_lock_init_recursive
 .text.__retarget_lock_acquire_recursive
                0x0800e2b2        0x2 C:/Program Files/ST/STM32CubeIDE_1.16.0/STM32CubeIDE/plugins/com.st.stm32cube.ide.mcu.externaltools.gnu-tools-for-stm32.12.3.rel1.win32_1.0.200.202406191623/tools/bin/../lib/gcc/arm-none-eabi/12.3.1/../../../../arm-none-eabi/lib/thumb/v7e-m+fp/hard\libc_nano.a(libc_a-lock.o)
                0x0800e2b2                __retarget_lock_acquire_recursive
 .text.__retarget_lock_release_recursive
                0x0800e2b4        0x2 C:/Program Files/ST/STM32CubeIDE_1.16.0/STM32CubeIDE/plugins/com.st.stm32cube.ide.mcu.externaltools.gnu-tools-for-stm32.12.3.rel1.win32_1.0.200.202406191623/tools/bin/../lib/gcc/arm-none-eabi/12.3.1/../../../../arm-none-eabi/lib/thumb/v7e-m+fp/hard\libc_nano.a(libc_a-lock.o)
                0x0800e2b4                __retarget_lock_release_recursive
 .text.memcpy   0x0800e2b6       0x1c C:/Program Files/ST/STM32CubeIDE_1.16.0/STM32CubeIDE/plugins/com.st.stm32cube.ide.mcu.externaltools.gnu-tools-for-stm32.12.3.rel1.win32_1.0.200.202406191623/tools/bin/../lib/gcc/arm-none-eabi/12.3.1/../../../../arm-none-eabi/lib/thumb/v7e-m+fp/hard\libc_nano.a(libc_a-memcpy-stub.o)
                0x0800e2b6                memcpy
 .text.abort    0x0800e2d2        0xe C:/Program Files/ST/STM32CubeIDE_1.16.0/STM32CubeIDE/plugins/com.st.stm32cube.ide.mcu.externaltools.gnu-tools-for-stm32.12.3.rel1.win32_1.0.200.202406191623/tools/bin/../lib/gcc/arm-none-eabi/12.3.1/../../../../arm-none-eabi/lib/thumb/v7e-m+fp/hard\libc_nano.a(libc_a-abort.o)
                0x0800e2d2                abort
 .text._free_r  0x0800e2e0       0x94 C:/Program Files/ST/STM32CubeIDE_1.16.0/STM32CubeIDE/plugins/com.st.stm32cube.ide.mcu.externaltools.gnu-tools-for-stm32.12.3.rel1.win32_1.0.200.202406191623/tools/bin/../lib/gcc/arm-none-eabi/12.3.1/../../../../arm-none-eabi/lib/thumb/v7e-m+fp/hard\libc_nano.a(libc_a-freer.o)
                0x0800e2e0                _free_r
 .text.sbrk_aligned
                0x0800e374       0x44 C:/Program Files/ST/STM32CubeIDE_1.16.0/STM32CubeIDE/plugins/com.st.stm32cube.ide.mcu.externaltools.gnu-tools-for-stm32.12.3.rel1.win32_1.0.200.202406191623/tools/bin/../lib/gcc/arm-none-eabi/12.3.1/../../../../arm-none-eabi/lib/thumb/v7e-m+fp/hard\libc_nano.a(libc_a-mallocr.o)
 .text._malloc_r
                0x0800e3b8      0x100 C:/Program Files/ST/STM32CubeIDE_1.16.0/STM32CubeIDE/plugins/com.st.stm32cube.ide.mcu.externaltools.gnu-tools-for-stm32.12.3.rel1.win32_1.0.200.202406191623/tools/bin/../lib/gcc/arm-none-eabi/12.3.1/../../../../arm-none-eabi/lib/thumb/v7e-m+fp/hard\libc_nano.a(libc_a-mallocr.o)
                0x0800e3b8                _malloc_r
 .text.__malloc_lock
                0x0800e4b8        0xc C:/Program Files/ST/STM32CubeIDE_1.16.0/STM32CubeIDE/plugins/com.st.stm32cube.ide.mcu.externaltools.gnu-tools-for-stm32.12.3.rel1.win32_1.0.200.202406191623/tools/bin/../lib/gcc/arm-none-eabi/12.3.1/../../../../arm-none-eabi/lib/thumb/v7e-m+fp/hard\libc_nano.a(libc_a-mlock.o)
                0x0800e4b8                __malloc_lock
 .text.__malloc_unlock
                0x0800e4c4        0xc C:/Program Files/ST/STM32CubeIDE_1.16.0/STM32CubeIDE/plugins/com.st.stm32cube.ide.mcu.externaltools.gnu-tools-for-stm32.12.3.rel1.win32_1.0.200.202406191623/tools/bin/../lib/gcc/arm-none-eabi/12.3.1/../../../../arm-none-eabi/lib/thumb/v7e-m+fp/hard\libc_nano.a(libc_a-mlock.o)
                0x0800e4c4                __malloc_unlock
 .text.__sfputc_r
                0x0800e4d0       0x2e C:/Program Files/ST/STM32CubeIDE_1.16.0/STM32CubeIDE/plugins/com.st.stm32cube.ide.mcu.externaltools.gnu-tools-for-stm32.12.3.rel1.win32_1.0.200.202406191623/tools/bin/../lib/gcc/arm-none-eabi/12.3.1/../../../../arm-none-eabi/lib/thumb/v7e-m+fp/hard\libc_nano.a(libc_a-nano-vfprintf.o)
 .text.__sfputs_r
                0x0800e4fe       0x24 C:/Program Files/ST/STM32CubeIDE_1.16.0/STM32CubeIDE/plugins/com.st.stm32cube.ide.mcu.externaltools.gnu-tools-for-stm32.12.3.rel1.win32_1.0.200.202406191623/tools/bin/../lib/gcc/arm-none-eabi/12.3.1/../../../../arm-none-eabi/lib/thumb/v7e-m+fp/hard\libc_nano.a(libc_a-nano-vfprintf.o)
                0x0800e4fe                __sfputs_r
 *fill*         0x0800e522        0x2 
 .text._vfprintf_r
                0x0800e524      0x230 C:/Program Files/ST/STM32CubeIDE_1.16.0/STM32CubeIDE/plugins/com.st.stm32cube.ide.mcu.externaltools.gnu-tools-for-stm32.12.3.rel1.win32_1.0.200.202406191623/tools/bin/../lib/gcc/arm-none-eabi/12.3.1/../../../../arm-none-eabi/lib/thumb/v7e-m+fp/hard\libc_nano.a(libc_a-nano-vfprintf.o)
                0x0800e524                _vfprintf_r
                0x0800e524                _vfiprintf_r
 .text._printf_common
                0x0800e754       0xda C:/Program Files/ST/STM32CubeIDE_1.16.0/STM32CubeIDE/plugins/com.st.stm32cube.ide.mcu.externaltools.gnu-tools-for-stm32.12.3.rel1.win32_1.0.200.202406191623/tools/bin/../lib/gcc/arm-none-eabi/12.3.1/../../../../arm-none-eabi/lib/thumb/v7e-m+fp/hard\libc_nano.a(libc_a-nano-vfprintf_i.o)
                0x0800e754                _printf_common
 *fill*         0x0800e82e        0x2 
 .text._printf_i
                0x0800e830      0x240 C:/Program Files/ST/STM32CubeIDE_1.16.0/STM32CubeIDE/plugins/com.st.stm32cube.ide.mcu.externaltools.gnu-tools-for-stm32.12.3.rel1.win32_1.0.200.202406191623/tools/bin/../lib/gcc/arm-none-eabi/12.3.1/../../../../arm-none-eabi/lib/thumb/v7e-m+fp/hard\libc_nano.a(libc_a-nano-vfprintf_i.o)
                0x0800e830                _printf_i
 .text.__sflush_r
                0x0800ea70      0x108 C:/Program Files/ST/STM32CubeIDE_1.16.0/STM32CubeIDE/plugins/com.st.stm32cube.ide.mcu.externaltools.gnu-tools-for-stm32.12.3.rel1.win32_1.0.200.202406191623/tools/bin/../lib/gcc/arm-none-eabi/12.3.1/../../../../arm-none-eabi/lib/thumb/v7e-m+fp/hard\libc_nano.a(libc_a-fflush.o)
                0x0800ea70                __sflush_r
 .text._fflush_r
                0x0800eb78       0x50 C:/Program Files/ST/STM32CubeIDE_1.16.0/STM32CubeIDE/plugins/com.st.stm32cube.ide.mcu.externaltools.gnu-tools-for-stm32.12.3.rel1.win32_1.0.200.202406191623/tools/bin/../lib/gcc/arm-none-eabi/12.3.1/../../../../arm-none-eabi/lib/thumb/v7e-m+fp/hard\libc_nano.a(libc_a-fflush.o)
                0x0800eb78                _fflush_r
 .text.__swbuf_r
                0x0800ebc8       0x7c C:/Program Files/ST/STM32CubeIDE_1.16.0/STM32CubeIDE/plugins/com.st.stm32cube.ide.mcu.externaltools.gnu-tools-for-stm32.12.3.rel1.win32_1.0.200.202406191623/tools/bin/../lib/gcc/arm-none-eabi/12.3.1/../../../../arm-none-eabi/lib/thumb/v7e-m+fp/hard\libc_nano.a(libc_a-wbuf.o)
                0x0800ebc8                __swbuf_r
 .text.__swsetup_r
                0x0800ec44       0xac C:/Program Files/ST/STM32CubeIDE_1.16.0/STM32CubeIDE/plugins/com.st.stm32cube.ide.mcu.externaltools.gnu-tools-for-stm32.12.3.rel1.win32_1.0.200.202406191623/tools/bin/../lib/gcc/arm-none-eabi/12.3.1/../../../../arm-none-eabi/lib/thumb/v7e-m+fp/hard\libc_nano.a(libc_a-wsetup.o)
                0x0800ec44                __swsetup_r
 .text._raise_r
                0x0800ecf0       0x50 C:/Program Files/ST/STM32CubeIDE_1.16.0/STM32CubeIDE/plugins/com.st.stm32cube.ide.mcu.externaltools.gnu-tools-for-stm32.12.3.rel1.win32_1.0.200.202406191623/tools/bin/../lib/gcc/arm-none-eabi/12.3.1/../../../../arm-none-eabi/lib/thumb/v7e-m+fp/hard\libc_nano.a(libc_a-signal.o)
                0x0800ecf0                _raise_r
 .text.raise    0x0800ed40       0x10 C:/Program Files/ST/STM32CubeIDE_1.16.0/STM32CubeIDE/plugins/com.st.stm32cube.ide.mcu.externaltools.gnu-tools-for-stm32.12.3.rel1.win32_1.0.200.202406191623/tools/bin/../lib/gcc/arm-none-eabi/12.3.1/../../../../arm-none-eabi/lib/thumb/v7e-m+fp/hard\libc_nano.a(libc_a-signal.o)
                0x0800ed40                raise
 .text._kill_r  0x0800ed50       0x24 C:/Program Files/ST/STM32CubeIDE_1.16.0/STM32CubeIDE/plugins/com.st.stm32cube.ide.mcu.externaltools.gnu-tools-for-stm32.12.3.rel1.win32_1.0.200.202406191623/tools/bin/../lib/gcc/arm-none-eabi/12.3.1/../../../../arm-none-eabi/lib/thumb/v7e-m+fp/hard\libc_nano.a(libc_a-signalr.o)
                0x0800ed50                _kill_r
 .text._getpid_r
                0x0800ed74        0x4 C:/Program Files/ST/STM32CubeIDE_1.16.0/STM32CubeIDE/plugins/com.st.stm32cube.ide.mcu.externaltools.gnu-tools-for-stm32.12.3.rel1.win32_1.0.200.202406191623/tools/bin/../lib/gcc/arm-none-eabi/12.3.1/../../../../arm-none-eabi/lib/thumb/v7e-m+fp/hard\libc_nano.a(libc_a-signalr.o)
                0x0800ed74                _getpid_r
 .text._sbrk_r  0x0800ed78       0x20 C:/Program Files/ST/STM32CubeIDE_1.16.0/STM32CubeIDE/plugins/com.st.stm32cube.ide.mcu.externaltools.gnu-tools-for-stm32.12.3.rel1.win32_1.0.200.202406191623/tools/bin/../lib/gcc/arm-none-eabi/12.3.1/../../../../arm-none-eabi/lib/thumb/v7e-m+fp/hard\libc_nano.a(libc_a-sbrkr.o)
                0x0800ed78                _sbrk_r
 .text.__swhatbuf_r
                0x0800ed98       0x4c C:/Program Files/ST/STM32CubeIDE_1.16.0/STM32CubeIDE/plugins/com.st.stm32cube.ide.mcu.externaltools.gnu-tools-for-stm32.12.3.rel1.win32_1.0.200.202406191623/tools/bin/../lib/gcc/arm-none-eabi/12.3.1/../../../../arm-none-eabi/lib/thumb/v7e-m+fp/hard\libc_nano.a(libc_a-makebuf.o)
                0x0800ed98                __swhatbuf_r
 .text.__smakebuf_r
                0x0800ede4       0x78 C:/Program Files/ST/STM32CubeIDE_1.16.0/STM32CubeIDE/plugins/com.st.stm32cube.ide.mcu.externaltools.gnu-tools-for-stm32.12.3.rel1.win32_1.0.200.202406191623/tools/bin/../lib/gcc/arm-none-eabi/12.3.1/../../../../arm-none-eabi/lib/thumb/v7e-m+fp/hard\libc_nano.a(libc_a-makebuf.o)
                0x0800ede4                __smakebuf_r
 .text._fstat_r
                0x0800ee5c       0x24 C:/Program Files/ST/STM32CubeIDE_1.16.0/STM32CubeIDE/plugins/com.st.stm32cube.ide.mcu.externaltools.gnu-tools-for-stm32.12.3.rel1.win32_1.0.200.202406191623/tools/bin/../lib/gcc/arm-none-eabi/12.3.1/../../../../arm-none-eabi/lib/thumb/v7e-m+fp/hard\libc_nano.a(libc_a-fstatr.o)
                0x0800ee5c                _fstat_r
 .text._isatty_r
                0x0800ee80       0x20 C:/Program Files/ST/STM32CubeIDE_1.16.0/STM32CubeIDE/plugins/com.st.stm32cube.ide.mcu.externaltools.gnu-tools-for-stm32.12.3.rel1.win32_1.0.200.202406191623/tools/bin/../lib/gcc/arm-none-eabi/12.3.1/../../../../arm-none-eabi/lib/thumb/v7e-m+fp/hard\libc_nano.a(libc_a-isattyr.o)
                0x0800ee80                _isatty_r
 *(.glue_7)
 .glue_7        0x0800eea0        0x0 linker stubs
 *(.glue_7t)
 .glue_7t       0x0800eea0        0x0 linker stubs
 *(.eh_frame)
 .eh_frame      0x0800eea0        0x0 C:/Program Files/ST/STM32CubeIDE_1.16.0/STM32CubeIDE/plugins/com.st.stm32cube.ide.mcu.externaltools.gnu-tools-for-stm32.12.3.rel1.win32_1.0.200.202406191623/tools/bin/../lib/gcc/arm-none-eabi/12.3.1/thumb/v7e-m+fp/hard/crtbegin.o
 *(.init)
 .init          0x0800eea0        0x4 C:/Program Files/ST/STM32CubeIDE_1.16.0/STM32CubeIDE/plugins/com.st.stm32cube.ide.mcu.externaltools.gnu-tools-for-stm32.12.3.rel1.win32_1.0.200.202406191623/tools/bin/../lib/gcc/arm-none-eabi/12.3.1/thumb/v7e-m+fp/hard/crti.o
                0x0800eea0                _init
 .init          0x0800eea4        0x8 C:/Program Files/ST/STM32CubeIDE_1.16.0/STM32CubeIDE/plugins/com.st.stm32cube.ide.mcu.externaltools.gnu-tools-for-stm32.12.3.rel1.win32_1.0.200.202406191623/tools/bin/../lib/gcc/arm-none-eabi/12.3.1/thumb/v7e-m+fp/hard/crtn.o
 *(.fini)
 .fini          0x0800eeac        0x4 C:/Program Files/ST/STM32CubeIDE_1.16.0/STM32CubeIDE/plugins/com.st.stm32cube.ide.mcu.externaltools.gnu-tools-for-stm32.12.3.rel1.win32_1.0.200.202406191623/tools/bin/../lib/gcc/arm-none-eabi/12.3.1/thumb/v7e-m+fp/hard/crti.o
                0x0800eeac                _fini
 .fini          0x0800eeb0        0x8 C:/Program Files/ST/STM32CubeIDE_1.16.0/STM32CubeIDE/plugins/com.st.stm32cube.ide.mcu.externaltools.gnu-tools-for-stm32.12.3.rel1.win32_1.0.200.202406191623/tools/bin/../lib/gcc/arm-none-eabi/12.3.1/thumb/v7e-m+fp/hard/crtn.o
                0x0800eeb8                        . = ALIGN (0x4)
                0x0800eeb8                        _etext = .

.vfp11_veneer   0x0800eeb8        0x0
 .vfp11_veneer  0x0800eeb8        0x0 linker stubs

.v4_bx          0x0800eeb8        0x0
 .v4_bx         0x0800eeb8        0x0 linker stubs

.iplt           0x0800eeb8        0x0
 .iplt          0x0800eeb8        0x0 C:/Program Files/ST/STM32CubeIDE_1.16.0/STM32CubeIDE/plugins/com.st.stm32cube.ide.mcu.externaltools.gnu-tools-for-stm32.12.3.rel1.win32_1.0.200.202406191623/tools/bin/../lib/gcc/arm-none-eabi/12.3.1/thumb/v7e-m+fp/hard/crtbegin.o

.rodata         0x0800eeb8     0x177c
                0x0800eeb8                        . = ALIGN (0x4)
 *(.rodata)
 .rodata        0x0800eeb8      0x3bf ./Core/Src/cayenne_lpp.o
 *fill*         0x0800f277        0x1 
 .rodata        0x0800f278       0x9a ./Core/Src/bme680/bme68x.o
 *(.rodata*)
 *fill*         0x0800f312        0x2 
 .rodata.AES_RCON
                0x0800f314       0x28 ./Core/Src/aes.o
 .rodata.AES_S  0x0800f33c      0x100 ./Core/Src/aes.o
 .rodata.AES_E1
                0x0800f43c      0x400 ./Core/Src/aes.o
 .rodata.AES_E2
                0x0800f83c      0x400 ./Core/Src/aes.o
 .rodata.AES_E3
                0x0800fc3c      0x400 ./Core/Src/aes.o
 .rodata.AES_E4
                0x0801003c      0x400 ./Core/Src/aes.o
 .rodata.__func__.8
                0x0801043c       0x1e ./Core/Src/cayenne_lpp.o
 *fill*         0x0801045a        0x2 
 .rodata.__func__.5
                0x0801045c       0x1c ./Core/Src/cayenne_lpp.o
 .rodata.__func__.4
                0x08010478       0x22 ./Core/Src/cayenne_lpp.o
 *fill*         0x0801049a        0x2 
 .rodata.__func__.2
                0x0801049c       0x24 ./Core/Src/cayenne_lpp.o
 .rodata._DR2RPS_CRC
                0x080104c0        0xa ./Core/Src/lmic.o
                0x080104c0                _DR2RPS_CRC
 *fill*         0x080104ca        0x2 
 .rodata.TXPOWLEVELS
                0x080104cc       0x10 ./Core/Src/lmic.o
 .rodata.SENSITIVITY
                0x080104dc       0x15 ./Core/Src/lmic.o
 *fill*         0x080104f1        0x3 
 .rodata.DRADJUST
                0x080104f4        0xa ./Core/Src/lmic.o
 *fill*         0x080104fe        0x2 
 .rodata.DR2HSYM_osticks
                0x08010500       0x20 ./Core/Src/lmic.o
 .rodata.iniChannelFreq
                0x08010520       0x30 ./Core/Src/lmic.o
 .rodata.APPEUI
                0x08010550        0x8 ./Core/Src/main.o
 .rodata.DEVEUI
                0x08010558        0x8 ./Core/Src/main.o
 .rodata.DEVKEY
                0x08010560       0x10 ./Core/Src/main.o
 .rodata.rxlorairqmask
                0x08010570        0x3 ./Core/Src/radio.o
 *fill*         0x08010573        0x1 
 .rodata.LORA_RXDONE_FIXUP
                0x08010574        0xe ./Core/Src/radio.o
 *fill*         0x08010582        0x2 
 .rodata.AHBPrescTable
                0x08010584       0x10 ./Core/Src/system_stm32l4xx.o
                0x08010584                AHBPrescTable
 .rodata.MSIRangeTable
                0x08010594       0x30 ./Core/Src/system_stm32l4xx.o
                0x08010594                MSIRangeTable
 .rodata.__assert_func.str1.1
                0x080105c4       0x3c C:/Program Files/ST/STM32CubeIDE_1.16.0/STM32CubeIDE/plugins/com.st.stm32cube.ide.mcu.externaltools.gnu-tools-for-stm32.12.3.rel1.win32_1.0.200.202406191623/tools/bin/../lib/gcc/arm-none-eabi/12.3.1/../../../../arm-none-eabi/lib/thumb/v7e-m+fp/hard\libc_nano.a(libc_a-assert.o)
                                 0x3d (size before relaxing)
 .rodata._vfprintf_r.str1.1
                0x08010600       0x11 C:/Program Files/ST/STM32CubeIDE_1.16.0/STM32CubeIDE/plugins/com.st.stm32cube.ide.mcu.externaltools.gnu-tools-for-stm32.12.3.rel1.win32_1.0.200.202406191623/tools/bin/../lib/gcc/arm-none-eabi/12.3.1/../../../../arm-none-eabi/lib/thumb/v7e-m+fp/hard\libc_nano.a(libc_a-nano-vfprintf.o)
 .rodata._printf_i.str1.1
                0x08010611       0x22 C:/Program Files/ST/STM32CubeIDE_1.16.0/STM32CubeIDE/plugins/com.st.stm32cube.ide.mcu.externaltools.gnu-tools-for-stm32.12.3.rel1.win32_1.0.200.202406191623/tools/bin/../lib/gcc/arm-none-eabi/12.3.1/../../../../arm-none-eabi/lib/thumb/v7e-m+fp/hard\libc_nano.a(libc_a-nano-vfprintf_i.o)
                0x08010634                        . = ALIGN (0x4)
 *fill*         0x08010633        0x1 

.ARM.extab      0x08010634        0x0
                0x08010634                        . = ALIGN (0x4)
 *(.ARM.extab* .gnu.linkonce.armextab.*)
                0x08010634                        . = ALIGN (0x4)

.ARM            0x08010634        0x8
                0x08010634                        . = ALIGN (0x4)
                0x08010634                        __exidx_start = .
 *(.ARM.exidx*)
 .ARM.exidx     0x08010634        0x8 C:/Program Files/ST/STM32CubeIDE_1.16.0/STM32CubeIDE/plugins/com.st.stm32cube.ide.mcu.externaltools.gnu-tools-for-stm32.12.3.rel1.win32_1.0.200.202406191623/tools/bin/../lib/gcc/arm-none-eabi/12.3.1/../../../../arm-none-eabi/lib/thumb/v7e-m+fp/hard\libc_nano.a(libc_a-memchr.o)
 .ARM.exidx     0x0801063c        0x0 C:/Program Files/ST/STM32CubeIDE_1.16.0/STM32CubeIDE/plugins/com.st.stm32cube.ide.mcu.externaltools.gnu-tools-for-stm32.12.3.rel1.win32_1.0.200.202406191623/tools/bin/../lib/gcc/arm-none-eabi/12.3.1/thumb/v7e-m+fp/hard\libgcc.a(_udivmoddi4.o)
                                  0x8 (size before relaxing)
                0x0801063c                        __exidx_end = .
                0x0801063c                        . = ALIGN (0x4)

.preinit_array  0x0801063c        0x0
                0x0801063c                        . = ALIGN (0x4)
                0x0801063c                        PROVIDE (__preinit_array_start = .)
 *(.preinit_array*)
                0x0801063c                        PROVIDE (__preinit_array_end = .)
                0x0801063c                        . = ALIGN (0x4)

.init_array     0x0801063c        0x4
                0x0801063c                        . = ALIGN (0x4)
                0x0801063c                        PROVIDE (__init_array_start = .)
 *(SORT_BY_NAME(.init_array.*))
 *(.init_array*)
 .init_array    0x0801063c        0x4 C:/Program Files/ST/STM32CubeIDE_1.16.0/STM32CubeIDE/plugins/com.st.stm32cube.ide.mcu.externaltools.gnu-tools-for-stm32.12.3.rel1.win32_1.0.200.202406191623/tools/bin/../lib/gcc/arm-none-eabi/12.3.1/thumb/v7e-m+fp/hard/crtbegin.o
                0x08010640                        PROVIDE (__init_array_end = .)
                0x08010640                        . = ALIGN (0x4)

.fini_array     0x08010640        0x4
                0x08010640                        . = ALIGN (0x4)
                [!provide]                        PROVIDE (__fini_array_start = .)
 *(SORT_BY_NAME(.fini_array.*))
 *(.fini_array*)
 .fini_array    0x08010640        0x4 C:/Program Files/ST/STM32CubeIDE_1.16.0/STM32CubeIDE/plugins/com.st.stm32cube.ide.mcu.externaltools.gnu-tools-for-stm32.12.3.rel1.win32_1.0.200.202406191623/tools/bin/../lib/gcc/arm-none-eabi/12.3.1/thumb/v7e-m+fp/hard/crtbegin.o
                [!provide]                        PROVIDE (__fini_array_end = .)
                0x08010644                        . = ALIGN (0x4)
                0x08010644                        _sidata = LOADADDR (.data)

.rel.dyn        0x08010644        0x0
 .rel.iplt      0x08010644        0x0 C:/Program Files/ST/STM32CubeIDE_1.16.0/STM32CubeIDE/plugins/com.st.stm32cube.ide.mcu.externaltools.gnu-tools-for-stm32.12.3.rel1.win32_1.0.200.202406191623/tools/bin/../lib/gcc/arm-none-eabi/12.3.1/thumb/v7e-m+fp/hard/crtbegin.o

.data           0x20000000       0x7c load address 0x08010644
                0x20000000                        . = ALIGN (0x4)
                0x20000000                        _sdata = .
 *(.data)
 *(.data*)
 .data.SystemCoreClock
                0x20000000        0x4 ./Core/Src/system_stm32l4xx.o
                0x20000000                SystemCoreClock
 .data.dev_addr
                0x20000004        0x1 ./Core/Src/bme680/bme68x_necessary_functions.o
                0x20000004                dev_addr
 *fill*         0x20000005        0x3 
 .data.gas_reference
                0x20000008        0x4 ./Core/Src/bme680/bme68x_necessary_functions.o
                0x20000008                gas_reference
 .data.hum_reference
                0x2000000c        0x4 ./Core/Src/bme680/bme68x_necessary_functions.o
                0x2000000c                hum_reference
 .data.gas_lower_limit
                0x20000010        0x4 ./Core/Src/bme680/bme68x_necessary_functions.o
                0x20000010                gas_lower_limit
 .data.gas_upper_limit
                0x20000014        0x4 ./Core/Src/bme680/bme68x_necessary_functions.o
                0x20000014                gas_upper_limit
 .data.uwTickPrio
                0x20000018        0x4 ./Drivers/STM32L4xx_HAL_Driver/Src/stm32l4xx_hal.o
                0x20000018                uwTickPrio
 .data.uwTickFreq
                0x2000001c        0x1 ./Drivers/STM32L4xx_HAL_Driver/Src/stm32l4xx_hal.o
                0x2000001c                uwTickFreq
 *fill*         0x2000001d        0x3 
 .data.__sglue  0x20000020        0xc C:/Program Files/ST/STM32CubeIDE_1.16.0/STM32CubeIDE/plugins/com.st.stm32cube.ide.mcu.externaltools.gnu-tools-for-stm32.12.3.rel1.win32_1.0.200.202406191623/tools/bin/../lib/gcc/arm-none-eabi/12.3.1/../../../../arm-none-eabi/lib/thumb/v7e-m+fp/hard\libc_nano.a(libc_a-findfp.o)
                0x20000020                __sglue
 .data._impure_ptr
                0x2000002c        0x4 C:/Program Files/ST/STM32CubeIDE_1.16.0/STM32CubeIDE/plugins/com.st.stm32cube.ide.mcu.externaltools.gnu-tools-for-stm32.12.3.rel1.win32_1.0.200.202406191623/tools/bin/../lib/gcc/arm-none-eabi/12.3.1/../../../../arm-none-eabi/lib/thumb/v7e-m+fp/hard\libc_nano.a(libc_a-impure.o)
                0x2000002c                _impure_ptr
 .data._impure_data
                0x20000030       0x4c C:/Program Files/ST/STM32CubeIDE_1.16.0/STM32CubeIDE/plugins/com.st.stm32cube.ide.mcu.externaltools.gnu-tools-for-stm32.12.3.rel1.win32_1.0.200.202406191623/tools/bin/../lib/gcc/arm-none-eabi/12.3.1/../../../../arm-none-eabi/lib/thumb/v7e-m+fp/hard\libc_nano.a(libc_a-impure.o)
                0x20000030                _impure_data
 *(.RamFunc)
 *(.RamFunc*)
                0x2000007c                        . = ALIGN (0x4)
                0x2000007c                        _edata = .

.igot.plt       0x2000007c        0x0 load address 0x080106c0
 .igot.plt      0x2000007c        0x0 C:/Program Files/ST/STM32CubeIDE_1.16.0/STM32CubeIDE/plugins/com.st.stm32cube.ide.mcu.externaltools.gnu-tools-for-stm32.12.3.rel1.win32_1.0.200.202406191623/tools/bin/../lib/gcc/arm-none-eabi/12.3.1/thumb/v7e-m+fp/hard/crtbegin.o
                0x2000007c                        . = ALIGN (0x4)

.bss            0x2000007c      0x6e0 load address 0x080106c0
                0x2000007c                        _sbss = .
                0x2000007c                        __bss_start__ = _sbss
 *(.bss)
 .bss           0x2000007c       0x1c C:/Program Files/ST/STM32CubeIDE_1.16.0/STM32CubeIDE/plugins/com.st.stm32cube.ide.mcu.externaltools.gnu-tools-for-stm32.12.3.rel1.win32_1.0.200.202406191623/tools/bin/../lib/gcc/arm-none-eabi/12.3.1/thumb/v7e-m+fp/hard/crtbegin.o
 *(.bss*)
 .bss.hadc1     0x20000098       0x64 ./Core/Src/adc.o
                0x20000098                hadc1
 .bss.AESAUX    0x200000fc       0x10 ./Core/Src/aes.o
                0x200000fc                AESAUX
 .bss.AESKEY    0x2000010c       0xb0 ./Core/Src/aes.o
                0x2000010c                AESKEY
 .bss.HAL       0x200001bc        0x8 ./Core/Src/hal.o
 .bss.hi2c1     0x200001c4       0x54 ./Core/Src/i2c.o
                0x200001c4                hi2c1
 .bss.LMIC      0x20000218      0x1ac ./Core/Src/lmic.o
                0x20000218                LMIC
 .bss.raw_adc1_in15
                0x200003c4        0x4 ./Core/Src/main.o
                0x200003c4                raw_adc1_in15
 .bss.cayenne_packet
                0x200003c8       0x27 ./Core/Src/main.o
                0x200003c8                cayenne_packet
 *fill*         0x200003ef        0x1 
 .bss.data      0x200003f0       0x1c ./Core/Src/main.o
                0x200003f0                data
 .bss.reportjob
                0x2000040c        0xc ./Core/Src/main.o
 .bss.OS        0x20000418        0x8 ./Core/Src/oslmic.o
 .bss.randbuf   0x20000420       0x10 ./Core/Src/radio.o
 .bss.hspi3     0x20000430       0x64 ./Core/Src/spi.o
                0x20000430                hspi3
 .bss.__sbrk_heap_end
                0x20000494        0x4 ./Core/Src/sysmem.o
 .bss.htim6     0x20000498       0x4c ./Core/Src/tim.o
                0x20000498                htim6
 .bss.htim7     0x200004e4       0x4c ./Core/Src/tim.o
                0x200004e4                htim7
 .bss.BME68x_I2C_Handler
                0x20000530       0x54 ./Core/Src/bme680/bme68x_necessary_functions.o
                0x20000530                BME68x_I2C_Handler
 .bss.bme       0x20000584       0x50 ./Core/Src/bme680/bme68x_necessary_functions.o
                0x20000584                bme
 .bss.BME68x_DATA
                0x200005d4        0x4 ./Core/Src/bme680/bme68x_necessary_functions.o
                0x200005d4                BME68x_DATA
 .bss.rslt      0x200005d8        0x1 ./Core/Src/bme680/bme68x_necessary_functions.o
                0x200005d8                rslt
 *fill*         0x200005d9        0x3 
 .bss.conf      0x200005dc        0x5 ./Core/Src/bme680/bme68x_necessary_functions.o
                0x200005dc                conf
 *fill*         0x200005e1        0x3 
 .bss.heatr_conf
                0x200005e4       0x14 ./Core/Src/bme680/bme68x_necessary_functions.o
                0x200005e4                heatr_conf
 .bss.del_period
                0x200005f8        0x4 ./Core/Src/bme680/bme68x_necessary_functions.o
                0x200005f8                del_period
 .bss.n_fields  0x200005fc        0x1 ./Core/Src/bme680/bme68x_necessary_functions.o
                0x200005fc                n_fields
 *fill*         0x200005fd        0x3 
 .bss.humidity_score
                0x20000600        0x4 ./Core/Src/bme680/bme68x_necessary_functions.o
                0x20000600                humidity_score
 .bss.gas_score
                0x20000604        0x4 ./Core/Src/bme680/bme68x_necessary_functions.o
                0x20000604                gas_score
 .bss.getgasreference_count
                0x20000608        0x1 ./Core/Src/bme680/bme68x_necessary_functions.o
                0x20000608                getgasreference_count
 .bss.err_code_2
                0x20000609        0x1 ./Core/Src/bme680/bme68x_necessary_functions.o
                0x20000609                err_code_2
 *fill*         0x2000060a        0x2 
 .bss.uwTick    0x2000060c        0x4 ./Drivers/STM32L4xx_HAL_Driver/Src/stm32l4xx_hal.o
                0x2000060c                uwTick
 .bss.__sf      0x20000610      0x138 C:/Program Files/ST/STM32CubeIDE_1.16.0/STM32CubeIDE/plugins/com.st.stm32cube.ide.mcu.externaltools.gnu-tools-for-stm32.12.3.rel1.win32_1.0.200.202406191623/tools/bin/../lib/gcc/arm-none-eabi/12.3.1/../../../../arm-none-eabi/lib/thumb/v7e-m+fp/hard\libc_nano.a(libc_a-findfp.o)
                0x20000610                __sf
 .bss.__stdio_exit_handler
                0x20000748        0x4 C:/Program Files/ST/STM32CubeIDE_1.16.0/STM32CubeIDE/plugins/com.st.stm32cube.ide.mcu.externaltools.gnu-tools-for-stm32.12.3.rel1.win32_1.0.200.202406191623/tools/bin/../lib/gcc/arm-none-eabi/12.3.1/../../../../arm-none-eabi/lib/thumb/v7e-m+fp/hard\libc_nano.a(libc_a-findfp.o)
                0x20000748                __stdio_exit_handler
 .bss.errno     0x2000074c        0x4 C:/Program Files/ST/STM32CubeIDE_1.16.0/STM32CubeIDE/plugins/com.st.stm32cube.ide.mcu.externaltools.gnu-tools-for-stm32.12.3.rel1.win32_1.0.200.202406191623/tools/bin/../lib/gcc/arm-none-eabi/12.3.1/../../../../arm-none-eabi/lib/thumb/v7e-m+fp/hard\libc_nano.a(libc_a-reent.o)
                0x2000074c                errno
 .bss.__lock___malloc_recursive_mutex
                0x20000750        0x1 C:/Program Files/ST/STM32CubeIDE_1.16.0/STM32CubeIDE/plugins/com.st.stm32cube.ide.mcu.externaltools.gnu-tools-for-stm32.12.3.rel1.win32_1.0.200.202406191623/tools/bin/../lib/gcc/arm-none-eabi/12.3.1/../../../../arm-none-eabi/lib/thumb/v7e-m+fp/hard\libc_nano.a(libc_a-lock.o)
                0x20000750                __lock___malloc_recursive_mutex
 .bss.__lock___sfp_recursive_mutex
                0x20000751        0x1 C:/Program Files/ST/STM32CubeIDE_1.16.0/STM32CubeIDE/plugins/com.st.stm32cube.ide.mcu.externaltools.gnu-tools-for-stm32.12.3.rel1.win32_1.0.200.202406191623/tools/bin/../lib/gcc/arm-none-eabi/12.3.1/../../../../arm-none-eabi/lib/thumb/v7e-m+fp/hard\libc_nano.a(libc_a-lock.o)
                0x20000751                __lock___sfp_recursive_mutex
 *fill*         0x20000752        0x2 
 .bss.__malloc_sbrk_start
                0x20000754        0x4 C:/Program Files/ST/STM32CubeIDE_1.16.0/STM32CubeIDE/plugins/com.st.stm32cube.ide.mcu.externaltools.gnu-tools-for-stm32.12.3.rel1.win32_1.0.200.202406191623/tools/bin/../lib/gcc/arm-none-eabi/12.3.1/../../../../arm-none-eabi/lib/thumb/v7e-m+fp/hard\libc_nano.a(libc_a-mallocr.o)
                0x20000754                __malloc_sbrk_start
 .bss.__malloc_free_list
                0x20000758        0x4 C:/Program Files/ST/STM32CubeIDE_1.16.0/STM32CubeIDE/plugins/com.st.stm32cube.ide.mcu.externaltools.gnu-tools-for-stm32.12.3.rel1.win32_1.0.200.202406191623/tools/bin/../lib/gcc/arm-none-eabi/12.3.1/../../../../arm-none-eabi/lib/thumb/v7e-m+fp/hard\libc_nano.a(libc_a-mallocr.o)
                0x20000758                __malloc_free_list
 *(COMMON)
                0x2000075c                        . = ALIGN (0x4)
                0x2000075c                        _ebss = .
                0x2000075c                        __bss_end__ = _ebss

._user_heap_stack
                0x2000075c      0x604 load address 0x080106c0
                0x20000760                        . = ALIGN (0x8)
 *fill*         0x2000075c        0x4 
                [!provide]                        PROVIDE (end = .)
                0x20000760                        PROVIDE (_end = .)
                0x20000960                        . = (. + _Min_Heap_Size)
 *fill*         0x20000760      0x200 
                0x20000d60                        . = (. + _Min_Stack_Size)
 *fill*         0x20000960      0x400 
                0x20000d60                        . = ALIGN (0x8)

/DISCARD/
 libc.a(*)
 libm.a(*)
 libgcc.a(*)

.ARM.attributes
                0x00000000       0x30