Archive member included to satisfy reference by file (symbol)

C:/Program Files/ST/STM32CubeIDE_1.16.0/STM32CubeIDE/plugins/com.st.stm32cube.ide.mcu.externaltools.gnu-tools-for-stm32.12.3.rel1.win32_1.0.200.202406191623/tools/bin/../lib/gcc/arm-none-eabi/12.3.1/../../../../arm-none-eabi/lib/thumb/v7e-m+fp/hard\libc_nano.a(libc_a-exit.o)
                              C:/Program Files/ST/STM32CubeIDE_1.16.0/STM32CubeIDE/plugins/com.st.stm32cube.ide.mcu.externaltools.gnu-tools-for-stm32.12.3.rel1.win32_1.0.200.202406191623/tools/bin/../lib/gcc/arm-none-eabi/12.3.1/../../../../arm-none-eabi/lib/thumb/v7e-m+fp/hard/crt0.o (exit)
C:/Program Files/ST/STM32CubeIDE_1.16.0/STM32CubeIDE/plugins/com.st.stm32cube.ide.mcu.externaltools.gnu-tools-for-stm32.12.3.rel1.win32_1.0.200.202406191623/tools/bin/../lib/gcc/arm-none-eabi/12.3.1/../../../../arm-none-eabi/lib/thumb/v7e-m+fp/hard\libc_nano.a(libc_a-findfp.o)
                              C:/Program Files/ST/STM32CubeIDE_1.16.0/STM32CubeIDE/plugins/com.st.stm32cube.ide.mcu.externaltools.gnu-tools-for-stm32.12.3.rel1.win32_1.0.200.202406191623/tools/bin/../lib/gcc/arm-none-eabi/12.3.1/../../../../arm-none-eabi/lib/thumb/v7e-m+fp/hard\libc_nano.a(libc_a-exit.o) (__stdio_exit_handler)
C:/Program Files/ST/STM32CubeIDE_1.16.0/STM32CubeIDE/plugins/com.st.stm32cube.ide.mcu.externaltools.gnu-tools-for-stm32.12.3.rel1.win32_1.0.200.202406191623/tools/bin/../lib/gcc/arm-none-eabi/12.3.1/../../../../arm-none-eabi/lib/thumb/v7e-m+fp/hard\libc_nano.a(libc_a-fwalk.o)
                              C:/Program Files/ST/STM32CubeIDE_1.16.0/STM32CubeIDE/plugins/com.st.stm32cube.ide.mcu.externaltools.gnu-tools-for-stm32.12.3.rel1.win32_1.0.200.202406191623/tools/bin/../lib/gcc/arm-none-eabi/12.3.1/../../../../arm-none-eabi/lib/thumb/v7e-m+fp/hard\libc_nano.a(libc_a-findfp.o) (_fwalk_sglue)
C:/Program Files/ST/STM32CubeIDE_1.16.0/STM32CubeIDE/plugins/com.st.stm32cube.ide.mcu.externaltools.gnu-tools-for-stm32.12.3.rel1.win32_1.0.200.202406191623/tools/bin/../lib/gcc/arm-none-eabi/12.3.1/../../../../arm-none-eabi/lib/thumb/v7e-m+fp/hard\libc_nano.a(libc_a-stdio.o)
                              C:/Program Files/ST/STM32CubeIDE_1.16.0/STM32CubeIDE/plugins/com.st.stm32cube.ide.mcu.externaltools.gnu-tools-for-stm32.12.3.rel1.win32_1.0.200.202406191623/tools/bin/../lib/gcc/arm-none-eabi/12.3.1/../../../../arm-none-eabi/lib/thumb/v7e-m+fp/hard\libc_nano.a(libc_a-findfp.o) (__sread)
C:/Program Files/ST/STM32CubeIDE_1.16.0/STM32CubeIDE/plugins/com.st.stm32cube.ide.mcu.externaltools.gnu-tools-for-stm32.12.3.rel1.win32_1.0.200.202406191623/tools/bin/../lib/gcc/arm-none-eabi/12.3.1/../../../../arm-none-eabi/lib/thumb/v7e-m+fp/hard\libc_nano.a(libc_a-memset.o)
                              C:/Program Files/ST/STM32CubeIDE_1.16.0/STM32CubeIDE/plugins/com.st.stm32cube.ide.mcu.externaltools.gnu-tools-for-stm32.12.3.rel1.win32_1.0.200.202406191623/tools/bin/../lib/gcc/arm-none-eabi/12.3.1/../../../../arm-none-eabi/lib/thumb/v7e-m+fp/hard/crt0.o (memset)
C:/Program Files/ST/STM32CubeIDE_1.16.0/STM32CubeIDE/plugins/com.st.stm32cube.ide.mcu.externaltools.gnu-tools-for-stm32.12.3.rel1.win32_1.0.200.202406191623/tools/bin/../lib/gcc/arm-none-eabi/12.3.1/../../../../arm-none-eabi/lib/thumb/v7e-m+fp/hard\libc_nano.a(libc_a-closer.o)
                              C:/Program Files/ST/STM32CubeIDE_1.16.0/STM32CubeIDE/plugins/com.st.stm32cube.ide.mcu.externaltools.gnu-tools-for-stm32.12.3.rel1.win32_1.0.200.202406191623/tools/bin/../lib/gcc/arm-none-eabi/12.3.1/../../../../arm-none-eabi/lib/thumb/v7e-m+fp/hard\libc_nano.a(libc_a-stdio.o) (_close_r)
C:/Program Files/ST/STM32CubeIDE_1.16.0/STM32CubeIDE/plugins/com.st.stm32cube.ide.mcu.externaltools.gnu-tools-for-stm32.12.3.rel1.win32_1.0.200.202406191623/tools/bin/../lib/gcc/arm-none-eabi/12.3.1/../../../../arm-none-eabi/lib/thumb/v7e-m+fp/hard\libc_nano.a(libc_a-reent.o)
                              C:/Program Files/ST/STM32CubeIDE_1.16.0/STM32CubeIDE/plugins/com.st.stm32cube.ide.mcu.externaltools.gnu-tools-for-stm32.12.3.rel1.win32_1.0.200.202406191623/tools/bin/../lib/gcc/arm-none-eabi/12.3.1/../../../../arm-none-eabi/lib/thumb/v7e-m+fp/hard\libc_nano.a(libc_a-closer.o) (errno)
C:/Program Files/ST/STM32CubeIDE_1.16.0/STM32CubeIDE/plugins/com.st.stm32cube.ide.mcu.externaltools.gnu-tools-for-stm32.12.3.rel1.win32_1.0.200.202406191623/tools/bin/../lib/gcc/arm-none-eabi/12.3.1/../../../../arm-none-eabi/lib/thumb/v7e-m+fp/hard\libc_nano.a(libc_a-impure.o)
                              C:/Program Files/ST/STM32CubeIDE_1.16.0/STM32CubeIDE/plugins/com.st.stm32cube.ide.mcu.externaltools.gnu-tools-for-stm32.12.3.rel1.win32_1.0.200.202406191623/tools/bin/../lib/gcc/arm-none-eabi/12.3.1/../../../../arm-none-eabi/lib/thumb/v7e-m+fp/hard\libc_nano.a(libc_a-reent.o) (_impure_ptr)
[...]
Memory Configuration

Name             Origin             Length             Attributes
RAM              0x20000000         0x00010000         xrw
RAM2             0x10000000         0x00004000         xrw
FLASH            0x08000000         0x00040000         xr
*default*        0x00000000         0xffffffff

Linker script and memory map

LOAD C:/Program Files/ST/STM32CubeIDE_1.16.0/STM32CubeIDE/plugins/com.st.stm32cube.ide.mcu.externaltools.gnu-tools-for-stm32.12.3.rel1.win32_1.0.200.202406191623/tools/bin/../lib/gcc/arm-none-eabi/12.3.1/thumb/v7e-m+fp/hard/crti.o
LOAD C:/Program Files/ST/STM32CubeIDE_1.16.0/STM32CubeIDE/plugins/com.st.stm32cube.ide.mcu.externaltools.gnu-tools-for-stm32.12.3.rel1.win32_1.0.200.202406191623/tools/bin/../lib/gcc/arm-none-eabi/12.3.1/thumb/v7e-m+fp/hard/crtbegin.o
LOAD C:/Program Files/ST/STM32CubeIDE_1.16.0/STM32CubeIDE/plugins/com.st.stm32cube.ide.mcu.externaltools.gnu-tools-for-stm32.12.3.rel1.win32_1.0.200.202406191623/tools/bin/../lib/gcc/arm-none-eabi/12.3.1/../../../../arm-none-eabi/lib/thumb/v7e-m+fp/hard/crt0.o
LOAD ./Core/Src/adc.o
LOAD ./Core/Src/aes.o
LOAD ./Core/Src/gpio.o
LOAD ./Core/Src/hal.o
LOAD ./Core/Src/i2c.o
LOAD ./Core/Src/lmic.o
LOAD ./Core/Src/main.o
LOAD ./Core/Src/oslmic.o
LOAD ./Core/Src/radio.o
LOAD ./Core/Src/spi.o
LOAD ./Core/Src/stm32l4xx_hal_msp.o
LOAD ./Core/Src/stm32l4xx_it.o
LOAD ./Core/Src/syscalls.o
LOAD ./Core/Src/sysmem.o
LOAD ./Core/Src/system_stm32l4xx.o
LOAD ./Core/Src/tim.o
LOAD ./Core/Src/bme680/bme68x.o
LOAD ./Core/Src/bme680/bme68x_necessary_functions.o
LOAD ./Core/Startup/startup_stm32l432kcux.o
LOAD ./Drivers/STM32L4xx_HAL_Driver/Src/stm32l4xx_hal.o
LOAD ./Drivers/STM32L4xx_HAL_Driver/Src/stm32l4xx_hal_adc.o
LOAD ./Drivers/STM32L4xx_HAL_Driver/Src/stm32l4xx_hal_adc_ex.o
LOAD ./Drivers/STM32L4xx_HAL_Driver/Src/stm32l4xx_hal_cortex.o
LOAD ./Drivers/STM32L4xx_HAL_Driver/Src/stm32l4xx_hal_dma.o
LOAD ./Drivers/STM32L4xx_HAL_Driver/Src/stm32l4xx_hal_dma_ex.o
LOAD ./Drivers/STM32L4xx_HAL_Driver/Src/stm32l4xx_hal_exti.o
LOAD ./Drivers/STM32L4xx_HAL_Driver/Src/stm32l4xx_hal_flash.o
LOAD ./Drivers/STM32L4xx_HAL_Driver/Src/stm32l4xx_hal_flash_ex.o
LOAD ./Drivers/STM32L4xx_HAL_Driver/Src/stm32l4xx_hal_flash_ramfunc.o
LOAD ./Drivers/STM32L4xx_HAL_Driver/Src/stm32l4xx_hal_gpio.o
LOAD ./Drivers/STM32L4xx_HAL_Driver/Src/stm32l4xx_hal_i2c.o
LOAD ./Drivers/STM32L4xx_HAL_Driver/Src/stm32l4xx_hal_i2c_ex.o
LOAD ./Drivers/STM32L4xx_HAL_Driver/Src/stm32l4xx_hal_pwr.o
LOAD ./Drivers/STM32L4xx_HAL_Driver/Src/stm32l4xx_hal_pwr_ex.o
LOAD ./Drivers/STM32L4xx_HAL_Driver/Src/stm32l4xx_hal_rcc.o
LOAD ./Drivers/STM32L4xx_HAL_Driver/Src/stm32l4xx_hal_rcc_ex.o
LOAD ./Drivers/STM32L4xx_HAL_Driver/Src/stm32l4xx_hal_spi.o
LOAD ./Drivers/STM32L4xx_HAL_Driver/Src/stm32l4xx_hal_spi_ex.o
LOAD ./Drivers/STM32L4xx_HAL_Driver/Src/stm32l4xx_hal_tim.o
LOAD ./Drivers/STM32L4xx_HAL_Driver/Src/stm32l4xx_hal_tim_ex.o
START GROUP
LOAD C:/Program Files/ST/STM32CubeIDE_1.16.0/STM32CubeIDE/plugins/com.st.stm32cube.ide.mcu.externaltools.gnu-tools-for-stm32.12.3.rel1.win32_1.0.200.202406191623/tools/bin/../lib/gcc/arm-none-eabi/12.3.1/../../../../arm-none-eabi/lib/thumb/v7e-m+fp/hard\libc_nano.a
LOAD C:/Program Files/ST/STM32CubeIDE_1.16.0/STM32CubeIDE/plugins/com.st.stm32cube.ide.mcu.externaltools.gnu-tools-for-stm32.12.3.rel1.win32_1.0.200.202406191623/tools/bin/../lib/gcc/arm-none-eabi/12.3.1/../../../../arm-none-eabi/lib/thumb/v7e-m+fp/hard\libm.a
END GROUP
START GROUP
LOAD C:/Program Files/ST/STM32CubeIDE_1.16.0/STM32CubeIDE/plugins/com.st.stm32cube.ide.mcu.externaltools.gnu-tools-for-stm32.12.3.rel1.win32_1.0.200.202406191623/tools/bin/../lib/gcc/arm-none-eabi/12.3.1/thumb/v7e-m+fp/hard\libgcc.a
LOAD C:/Program Files/ST/STM32CubeIDE_1.16.0/STM32CubeIDE/plugins/com.st.stm32cube.ide.mcu.externaltools.gnu-tools-for-stm32.12.3.rel1.win32_1.0.200.202406191623/tools/bin/../lib/gcc/arm-none-eabi/12.3.1/../../../../arm-none-eabi/lib/thumb/v7e-m+fp/hard\libc_nano.a
END GROUP
START GROUP
LOAD C:/Program Files/ST/STM32CubeIDE_1.16.0/STM32CubeIDE/plugins/com.st.stm32cube.ide.mcu.externaltools.gnu-tools-for-stm32.12.3.rel1.win32_1.0.200.202406191623/tools/bin/../lib/gcc/arm-none-eabi/12.3.1/thumb/v7e-m+fp/hard\libgcc.a
LOAD C:/Program Files/ST/STM32CubeIDE_1.16.0/STM32CubeIDE/plugins/com.st.stm32cube.ide.mcu.externaltools.gnu-tools-for-stm32.12.3.rel1.win32_1.0.200.202406191623/tools/bin/../lib/gcc/arm-none-eabi/12.3.1/../../../../arm-none-eabi/lib/thumb/v7e-m+fp/hard\libc_nano.a
LOAD C:/Program Files/ST/STM32CubeIDE_1.16.0/STM32CubeIDE/plugins/com.st.stm32cube.ide.mcu.externaltools.gnu-tools-for-stm32.12.3.rel1.win32_1.0.200.202406191623/tools/bin/../lib/gcc/arm-none-eabi/12.3.1/../../../../arm-none-eabi/lib/thumb/v7e-m+fp/hard\libnosys.a
END GROUP
START GROUP
LOAD C:/Program Files/ST/STM32CubeIDE_1.16.0/STM32CubeIDE/plugins/com.st.stm32cube.ide.mcu.externaltools.gnu-tools-for-stm32.12.3.rel1.win32_1.0.200.202406191623/tools/bin/../lib/gcc/arm-none-eabi/12.3.1/thumb/v7e-m+fp/hard\libgcc.a
LOAD C:/Program Files/ST/STM32CubeIDE_1.16.0/STM32CubeIDE/plugins/com.st.stm32cube.ide.mcu.externaltools.gnu-tools-for-stm32.12.3.rel1.win32_1.0.200.202406191623/tools/bin/../lib/gcc/arm-none-eabi/12.3.1/../../../../arm-none-eabi/lib/thumb/v7e-m+fp/hard\libc_nano.a
LOAD C:/Program Files/ST/STM32CubeIDE_1.16.0/STM32CubeIDE/plugins/com.st.stm32cube.ide.mcu.externaltools.gnu-tools-for-stm32.12.3.rel1.win32_1.0.200.202406191623/tools/bin/../lib/gcc/arm-none-eabi/12.3.1/../../../../arm-none-eabi/lib/thumb/v7e-m+fp/hard\libnosys.a
END GROUP
LOAD C:/Program Files/ST/STM32CubeIDE_1.16.0/STM32CubeIDE/plugins/com.st.stm32cube.ide.mcu.externaltools.gnu-tools-for-stm32.12.3.rel1.win32_1.0.200.202406191623/tools/bin/../lib/gcc/arm-none-eabi/12.3.1/thumb/v7e-m+fp/hard/crtend.o
LOAD C:/Program Files/ST/STM32CubeIDE_1.16.0/STM32CubeIDE/plugins/com.st.stm32cube.ide.mcu.externaltools.gnu-tools-for-stm32.12.3.rel1.win32_1.0.200.202406191623/tools/bin/../lib/gcc/arm-none-eabi/12.3.1/thumb/v7e-m+fp/hard/crtn.o
                0x20010000                        _estack = (ORIGIN (RAM) + LENGTH (RAM))
                0x00000200                        _Min_Heap_Size = 0x200
                0x00000400                        _Min_Stack_Size = 0x400

.isr_vector     0x08000000      0x18c
                0x08000000                        . = ALIGN (0x4)
 *(.isr_vector)
 .isr_vector    0x08000000      0x18c ./Core/Startup/startup_stm32l432kcux.o
                0x08000000                g_pfnVectors
                0x0800018c                        . = ALIGN (0x4)

.text           0x0800018c     0x9d54
                0x0800018c                        . = ALIGN (0x4)
 *(.text)
 .text          0x0800018c       0x40 C:/Program Files/ST/STM32CubeIDE_1.16.0/STM32CubeIDE/plugins/com.st.stm32cube.ide.mcu.externaltools.gnu-tools-for-stm32.12.3.rel1.win32_1.0.200.202406191623/tools/bin/../lib/gcc/arm-none-eabi/12.3.1/thumb/v7e-m+fp/hard/crtbegin.o
 .text          0x080001cc       0xa0 C:/Program Files/ST/STM32CubeIDE_1.16.0/STM32CubeIDE/plugins/com.st.stm32cube.ide.mcu.externaltools.gnu-tools-for-stm32.12.3.rel1.win32_1.0.200.202406191623/tools/bin/../lib/gcc/arm-none-eabi/12.3.1/thumb/v7e-m+fp/hard\libgcc.a(_aeabi_ldivmod.o)
                0x080001cc                __aeabi_ldivmod
 .text          0x0800026c       0x30 C:/Program Files/ST/STM32CubeIDE_1.16.0/STM32CubeIDE/plugins/com.st.stm32cube.ide.mcu.externaltools.gnu-tools-for-stm32.12.3.rel1.win32_1.0.200.202406191623/tools/bin/../lib/gcc/arm-none-eabi/12.3.1/thumb/v7e-m+fp/hard\libgcc.a(_aeabi_uldivmod.o)
                0x0800026c                __aeabi_uldivmod
 .text          0x0800029c      0x2bc C:/Program Files/ST/STM32CubeIDE_1.16.0/STM32CubeIDE/plugins/com.st.stm32cube.ide.mcu.externaltools.gnu-tools-for-stm32.12.3.rel1.win32_1.0.200.202406191623/tools/bin/../lib/gcc/arm-none-eabi/12.3.1/thumb/v7e-m+fp/hard\libgcc.a(_udivmoddi4.o)
                0x0800029c                __udivmoddi4
 .text          0x08000558        0x4 C:/Program Files/ST/STM32CubeIDE_1.16.0/STM32CubeIDE/plugins/com.st.stm32cube.ide.mcu.externaltools.gnu-tools-for-stm32.12.3.rel1.win32_1.0.200.202406191623/tools/bin/../lib/gcc/arm-none-eabi/12.3.1/thumb/v7e-m+fp/hard\libgcc.a(_dvmd_tls.o)
                0x08000558                __aeabi_idiv0
                0x08000558                __aeabi_ldiv0
 *(.text*)
 .text.MX_ADC1_Init
                0x0800055c       0xc8 ./Core/Src/adc.o
                0x0800055c                MX_ADC1_Init
 .text.HAL_ADC_MspInit
                0x08000624       0xdc ./Core/Src/adc.o
                0x08000624                HAL_ADC_MspInit
 .text.aesroundkeys
                0x08000700       0xf8 ./Core/Src/aes.o
 .text.os_aes   0x080007f8      0x988 ./Core/Src/aes.o
                0x080007f8                os_aes
 .text.MX_GPIO_Init
                0x08001180       0xec ./Core/Src/gpio.o
                0x08001180                MX_GPIO_Init
 .text.hal_io_init
                0x0800126c        0xe ./Core/Src/hal.o
 .text.hal_pin_rxtx
                0x0800127a       0x16 ./Core/Src/hal.o
                0x0800127a                hal_pin_rxtx
 .text.hal_pin_nss
                0x08001290       0x22 ./Core/Src/hal.o
                0x08001290                hal_pin_nss
 .text.hal_pin_rst
                0x080012b2       0x6a ./Core/Src/hal.o
                0x080012b2                hal_pin_rst
 .text.HAL_GPIO_EXTI_Callback
                0x0800131c       0x2a ./Core/Src/hal.o
                0x0800131c                HAL_GPIO_EXTI_Callback
 .text.hal_spi_init
                0x08001346        0xe ./Core/Src/hal.o
                0x08001346                hal_spi_init
 .text.hal_spi  0x08001354       0x3c ./Core/Src/hal.o
                0x08001354                hal_spi
 .text.hal_time_init
                0x08001390        0xe ./Core/Src/hal.o
 *fill*         0x0800139e        0x2 
 .text.hal_ticks
                0x080013a0       0x60 ./Core/Src/hal.o
                0x080013a0                hal_ticks
 .text.deltaticks
                0x08001400       0x3a ./Core/Src/hal.o
 .text.hal_waitUntil
                0x0800143a       0x20 ./Core/Src/hal.o
                0x0800143a                hal_waitUntil
 *fill*         0x0800145a        0x2 
 .text.hal_checkTimer
                0x0800145c       0x7c ./Core/Src/hal.o
                0x0800145c                hal_checkTimer
 .text.HAL_TIM_PeriodElapsedCallback
                0x080014d8       0x44 ./Core/Src/hal.o
                0x080014d8                HAL_TIM_PeriodElapsedCallback
 .text.hal_disableIRQs
                0x0800151c       0x20 ./Core/Src/hal.o
                0x0800151c                hal_disableIRQs
 .text.hal_enableIRQs
                0x0800153c       0x28 ./Core/Src/hal.o
                0x0800153c                hal_enableIRQs
 .text.hal_sleep
                0x08001564       0x10 ./Core/Src/hal.o
                0x08001564                hal_sleep
 .text.hal_init
                0x08001574       0x2c ./Core/Src/hal.o
                0x08001574                hal_init
 .text.hal_failed
                0x080015a0       0x10 ./Core/Src/hal.o
                0x080015a0                hal_failed
 .text.MX_I2C1_Init
                0x080015b0       0x80 ./Core/Src/i2c.o
                0x080015b0                MX_I2C1_Init
 .text.HAL_I2C_MspInit
                0x08001630       0xb0 ./Core/Src/i2c.o
                0x08001630                HAL_I2C_MspInit
 .text.getSf    0x080016e0       0x20 ./Core/Src/lmic.o
                0x080016e0                getSf
 .text.getBw    0x08001700       0x24 ./Core/Src/lmic.o
                0x08001700                getBw
 .text.getCr    0x08001724       0x24 ./Core/Src/lmic.o
                0x08001724                getCr
 .text.setCr    0x08001748       0x32 ./Core/Src/lmic.o
                0x08001748                setCr
 .text.getNocrc
                0x0800177a       0x20 ./Core/Src/lmic.o
                0x0800177a                getNocrc
 .text.setNocrc
                0x0800179a       0x2e ./Core/Src/lmic.o
                0x0800179a                setNocrc
 .text.getIh    0x080017c8       0x1e ./Core/Src/lmic.o
                0x080017c8                getIh
 .text.setIh    0x080017e6       0x2c ./Core/Src/lmic.o
                0x080017e6                setIh
 *fill*         0x08001812        0x2 
 .text.updr2rps
                0x08001814       0x24 ./Core/Src/lmic.o
                0x08001814                updr2rps
 .text.dndr2rps
                0x08001838       0x26 ./Core/Src/lmic.o
                0x08001838                dndr2rps
 *fill*         0x0800185e        0x2 
 .text.decDR    0x08001860       0x30 ./Core/Src/lmic.o
                0x08001860                decDR
 .text.validDR  0x08001890       0x2c ./Core/Src/lmic.o
                0x08001890                validDR
 .text.lowerDR  0x080018bc       0x32 ./Core/Src/lmic.o
                0x080018bc                lowerDR
 .text.os_rlsbf2
                0x080018ee       0x2a ./Core/Src/lmic.o
                0x080018ee                os_rlsbf2
 .text.os_rlsbf4
                0x08001918       0x3a ./Core/Src/lmic.o
                0x08001918                os_rlsbf4
 .text.os_rmsbf4
                0x08001952       0x3a ./Core/Src/lmic.o
                0x08001952                os_rmsbf4
 .text.os_wlsbf2
                0x0800198c       0x2e ./Core/Src/lmic.o
                0x0800198c                os_wlsbf2
 .text.os_wlsbf4
                0x080019ba       0x42 ./Core/Src/lmic.o
                0x080019ba                os_wlsbf4
 .text.os_wmsbf4
                0x080019fc       0x42 ./Core/Src/lmic.o
                0x080019fc                os_wmsbf4
 .text.os_getBattLevel
                0x08001a3e       0x10 ./Core/Src/lmic.o
                0x08001a3e                os_getBattLevel
 .text.os_crc16
                0x08001a4e       0x7e ./Core/Src/lmic.o
                0x08001a4e                os_crc16
 .text.micB0    0x08001acc       0x68 ./Core/Src/lmic.o
 .text.aes_verifyMic
                0x08001b34       0x58 ./Core/Src/lmic.o
 .text.aes_appendMic
                0x08001b8c       0x50 ./Core/Src/lmic.o
 .text.aes_appendMic0
                0x08001bdc       0x3c ./Core/Src/lmic.o
 .text.aes_verifyMic0
                0x08001c18       0x44 ./Core/Src/lmic.o
 .text.aes_encrypt
                0x08001c5c       0x2c ./Core/Src/lmic.o
 .text.aes_cipher
                0x08001c88       0x88 ./Core/Src/lmic.o
 .text.aes_sessKeys
                0x08001d10       0x78 ./Core/Src/lmic.o
 .text.getSensitivity
                0x08001d88       0x40 ./Core/Src/lmic.o
                0x08001d88                getSensitivity
 .text.calcAirTime
                0x08001dc8      0x130 ./Core/Src/lmic.o
                0x08001dc8                calcAirTime
 .text.calcRxWindow
                0x08001ef8       0xa8 ./Core/Src/lmic.o
 .text.calcBcnRxWindowFromMillis
                0x08001fa0      0x10c ./Core/Src/lmic.o
 .text.rxschedInit
                0x080020ac       0xdc ./Core/Src/lmic.o
 .text.rxschedNext
                0x08002188       0x9c ./Core/Src/lmic.o
 .text.rndDelay
                0x08002224       0x7c ./Core/Src/lmic.o
 .text.txDelay  0x080022a0       0x5c ./Core/Src/lmic.o
 .text.setDrJoin
                0x080022fc       0x28 ./Core/Src/lmic.o
 .text.setDrTxpow
                0x08002324       0x5c ./Core/Src/lmic.o
 .text.initDefaultChannels
                0x08002380      0x10c ./Core/Src/lmic.o
 .text.LMIC_setupChannel
                0x0800248c       0xf4 ./Core/Src/lmic.o
                0x0800248c                LMIC_setupChannel
 .text.convFreq
                0x08002580       0x44 ./Core/Src/lmic.o
 .text.mapChannels
                0x080025c4       0x94 ./Core/Src/lmic.o
 .text.updateTx
                0x08002658       0x94 ./Core/Src/lmic.o
 .text.nextTx   0x080026ec      0x138 ./Core/Src/lmic.o
 .text.setBcnRxParams
                0x08002824       0x4c ./Core/Src/lmic.o
 .text.initJoinLoop
                0x08002870       0x6c ./Core/Src/lmic.o
 .text.nextJoinState
                0x080028dc       0xd0 ./Core/Src/lmic.o
 .text.runEngineUpdate
                0x080029ac       0x14 ./Core/Src/lmic.o
 .text.reportEvent
                0x080029c0       0x1e ./Core/Src/lmic.o
 .text.runReset
                0x080029de       0x1e ./Core/Src/lmic.o
 .text.stateJustJoined
                0x080029fc       0xcc ./Core/Src/lmic.o
 .text.decodeBeacon
                0x08002ac8      0x128 ./Core/Src/lmic.o
 .text.decodeFrame
                0x08002bf0      0x66c ./Core/Src/lmic.o
 .text.setupRx2
                0x0800325c       0x40 ./Core/Src/lmic.o
 .text.schedRx2
                0x0800329c       0x50 ./Core/Src/lmic.o
 .text.setupRx1
                0x080032ec       0x44 ./Core/Src/lmic.o
 .text.txDone   0x08003330       0xa4 ./Core/Src/lmic.o
 .text.onJoinFailed
                0x080033d4       0x16 ./Core/Src/lmic.o
 *fill*         0x080033ea        0x2 
 .text.processJoinAccept
                0x080033ec      0x294 ./Core/Src/lmic.o
 .text.processRx2Jacc
                0x08003680       0x2c ./Core/Src/lmic.o
 .text.setupRx2Jacc
                0x080036ac       0x24 ./Core/Src/lmic.o
 .text.processRx1Jacc
                0x080036d0       0x38 ./Core/Src/lmic.o
 .text.setupRx1Jacc
                0x08003708       0x1c ./Core/Src/lmic.o
 .text.jreqDone
                0x08003724       0x20 ./Core/Src/lmic.o
 .text.processRx2DnDataDelay
                0x08003744       0x14 ./Core/Src/lmic.o
 .text.processRx2DnData
                0x08003758       0x54 ./Core/Src/lmic.o
 .text.setupRx2DnData
                0x080037ac       0x24 ./Core/Src/lmic.o
 .text.processRx1DnData
                0x080037d0       0x48 ./Core/Src/lmic.o
 .text.setupRx1DnData
                0x08003818       0x1c ./Core/Src/lmic.o
 .text.updataDone
                0x08003834       0x30 ./Core/Src/lmic.o
 .text.buildDataFrame
                0x08003864      0x3cc ./Core/Src/lmic.o
 .text.onBcnRx  0x08003c30       0xa8 ./Core/Src/lmic.o
 .text.startScan
                0x08003cd8       0xb0 ./Core/Src/lmic.o
 .text.buildJoinRequest
                0x08003d88       0x6c ./Core/Src/lmic.o
 .text.startJoining
                0x08003df4       0x16 ./Core/Src/lmic.o
 *fill*         0x08003e0a        0x2 
 .text.LMIC_startJoining
                0x08003e0c       0x94 ./Core/Src/lmic.o
                0x08003e0c                LMIC_startJoining
 .text.processPingRx
                0x08003ea0       0x3c ./Core/Src/lmic.o
 .text.processDnData
                0x08003edc      0x1e8 ./Core/Src/lmic.o
 .text.processBeacon
                0x080040c4      0x218 ./Core/Src/lmic.o
 .text.startRxBcn
                0x080042dc       0x24 ./Core/Src/lmic.o
 .text.startRxPing
                0x08004300       0x24 ./Core/Src/lmic.o
 .text.engineUpdate
                0x08004324      0x394 ./Core/Src/lmic.o
 .text.LMIC_reset
                0x080046b8       0x9c ./Core/Src/lmic.o
                0x080046b8                LMIC_reset
 .text.LMIC_init
                0x08004754       0x1c ./Core/Src/lmic.o
                0x08004754                LMIC_init
 .text.LMIC_setTxData
                0x08004770       0x38 ./Core/Src/lmic.o
                0x08004770                LMIC_setTxData
 .text.LMIC_setTxData2
                0x080047a8       0x64 ./Core/Src/lmic.o
                0x080047a8                LMIC_setTxData2
 .text.os_getArtEui
                0x0800480c       0x28 ./Core/Src/main.o
                0x0800480c                os_getArtEui
 .text.os_getDevEui
                0x08004834       0x28 ./Core/Src/main.o
                0x08004834                os_getDevEui
 .text.os_getDevKey
                0x0800485c       0x28 ./Core/Src/main.o
                0x0800485c                os_getDevKey
 .text.initsensor
                0x08004884       0x20 ./Core/Src/main.o
                0x08004884                initsensor
 .text.initfunc
                0x080048a4       0x1c ./Core/Src/main.o
                0x080048a4                initfunc
 .text.readsensor_temp
                0x080048c0       0x28 ./Core/Src/main.o
                0x080048c0                readsensor_temp
 .text.reportfunc
                0x080048e8       0x80 ./Core/Src/main.o
 .text.onEvent  0x08004968       0x6c ./Core/Src/main.o
                0x08004968                onEvent
 .text.main     0x080049d4       0x70 ./Core/Src/main.o
                0x080049d4                main
 .text.SystemClock_Config
                0x08004a44       0xa2 ./Core/Src/main.o
                0x08004a44                SystemClock_Config
 *fill*         0x08004ae6        0x2 
 .text.HAL_ADC_ConvCpltCallback
                0x08004ae8       0x28 ./Core/Src/main.o
                0x08004ae8                HAL_ADC_ConvCpltCallback
 .text.Error_Handler
                0x08004b10        0xc ./Core/Src/main.o
                0x08004b10                Error_Handler
 .text.os_init  0x08004b1c       0x24 ./Core/Src/oslmic.o
                0x08004b1c                os_init
 .text.os_getTime
                0x08004b40        0xe ./Core/Src/oslmic.o
                0x08004b40                os_getTime
 .text.unlinkjob
                0x08004b4e       0x3e ./Core/Src/oslmic.o
 .text.os_clearCallback
                0x08004b8c       0x3c ./Core/Src/oslmic.o
                0x08004b8c                os_clearCallback
 .text.os_setCallback
                0x08004bc8       0x4c ./Core/Src/oslmic.o
                0x08004bc8                os_setCallback
 .text.os_setTimedCallback
                0x08004c14       0x6c ./Core/Src/oslmic.o
                0x08004c14                os_setTimedCallback
 .text.os_runloop
                0x08004c80       0x6c ./Core/Src/oslmic.o
                0x08004c80                os_runloop
 .text.writeReg
                0x08004cec       0x3a ./Core/Src/radio.o
 .text.readReg  0x08004d26       0x38 ./Core/Src/radio.o
 .text.writeBuf
                0x08004d5e       0x54 ./Core/Src/radio.o
 .text.readBuf  0x08004db2       0x56 ./Core/Src/radio.o
 .text.opmode   0x08004e08       0x34 ./Core/Src/radio.o
 .text.opmodeLora
                0x08004e3c       0x24 ./Core/Src/radio.o
 .text.opmodeFSK
                0x08004e60       0x24 ./Core/Src/radio.o
 .text.configLoraModem
                0x08004e84      0x15c ./Core/Src/radio.o
 .text.configChannel
                0x08004fe0       0x7c ./Core/Src/radio.o
 .text.configPower
                0x0800505c       0x60 ./Core/Src/radio.o
 .text.txfsk    0x080050bc       0xdc ./Core/Src/radio.o
 .text.txlora   0x08005198       0xb4 ./Core/Src/radio.o
 .text.starttx  0x0800524c       0x3c ./Core/Src/radio.o
 .text.rxlora   0x08005288       0xf8 ./Core/Src/radio.o
 .text.rxfsk    0x08005380       0xe0 ./Core/Src/radio.o
 .text.startrx  0x08005460       0x4c ./Core/Src/radio.o
 .text.radio_init
                0x080054ac       0xe8 ./Core/Src/radio.o
                0x080054ac                radio_init
 .text.radio_rand1
                0x08005594       0x4c ./Core/Src/radio.o
                0x08005594                radio_rand1
 .text.radio_irq_handler
                0x080055e0      0x1ac ./Core/Src/radio.o
                0x080055e0                radio_irq_handler
 .text.os_radio
                0x0800578c       0x58 ./Core/Src/radio.o
                0x0800578c                os_radio
 .text.MX_SPI3_Init
                0x080057e4       0x7c ./Core/Src/spi.o
                0x080057e4                MX_SPI3_Init
 .text.HAL_SPI_MspInit
                0x08005860       0x98 ./Core/Src/spi.o
                0x08005860                HAL_SPI_MspInit
 .text.HAL_MspInit
                0x080058f8       0x48 ./Core/Src/stm32l4xx_hal_msp.o
                0x080058f8                HAL_MspInit
 .text.NMI_Handler
                0x08005940        0x8 ./Core/Src/stm32l4xx_it.o
                0x08005940                NMI_Handler
 .text.HardFault_Handler
                0x08005948        0x8 ./Core/Src/stm32l4xx_it.o
                0x08005948                HardFault_Handler
 .text.MemManage_Handler
                0x08005950        0x8 ./Core/Src/stm32l4xx_it.o
                0x08005950                MemManage_Handler
 .text.BusFault_Handler
                0x08005958        0x8 ./Core/Src/stm32l4xx_it.o
                0x08005958                BusFault_Handler
 .text.UsageFault_Handler
                0x08005960        0x8 ./Core/Src/stm32l4xx_it.o
                0x08005960                UsageFault_Handler
 .text.SVC_Handler
                0x08005968        0xe ./Core/Src/stm32l4xx_it.o
                0x08005968                SVC_Handler
 .text.DebugMon_Handler
                0x08005976        0xe ./Core/Src/stm32l4xx_it.o
                0x08005976                DebugMon_Handler
 .text.PendSV_Handler
                0x08005984        0xe ./Core/Src/stm32l4xx_it.o
                0x08005984                PendSV_Handler
 .text.SysTick_Handler
                0x08005992        0xc ./Core/Src/stm32l4xx_it.o
                0x08005992                SysTick_Handler
 *fill*         0x0800599e        0x2 
 .text.ADC1_IRQHandler
                0x080059a0       0x14 ./Core/Src/stm32l4xx_it.o
                0x080059a0                ADC1_IRQHandler
 .text.EXTI9_5_IRQHandler
                0x080059b4       0x14 ./Core/Src/stm32l4xx_it.o
                0x080059b4                EXTI9_5_IRQHandler
 .text.SPI3_IRQHandler
                0x080059c8       0x14 ./Core/Src/stm32l4xx_it.o
                0x080059c8                SPI3_IRQHandler
 .text.TIM6_DAC_IRQHandler
                0x080059dc       0x14 ./Core/Src/stm32l4xx_it.o
                0x080059dc                TIM6_DAC_IRQHandler
 .text.TIM7_IRQHandler
                0x080059f0       0x14 ./Core/Src/stm32l4xx_it.o
                0x080059f0                TIM7_IRQHandler
 .text.SystemInit
                0x08005a04       0x24 ./Core/Src/system_stm32l4xx.o
                0x08005a04                SystemInit
 .text.MX_TIM6_Init
                0x08005a28       0x70 ./Core/Src/tim.o
                0x08005a28                MX_TIM6_Init
 .text.MX_TIM7_Init
                0x08005a98       0x70 ./Core/Src/tim.o
                0x08005a98                MX_TIM7_Init
 .text.HAL_TIM_Base_MspInit
                0x08005b08       0x84 ./Core/Src/tim.o
                0x08005b08                HAL_TIM_Base_MspInit
 .text.Reset_Handler
                0x08005b8c       0x50 ./Core/Startup/startup_stm32l432kcux.o
                0x08005b8c                Reset_Handler
 .text.Default_Handler
                0x08005bdc        0x2 ./Core/Startup/startup_stm32l432kcux.o
                0x08005bdc                RTC_Alarm_IRQHandler
                0x08005bdc                EXTI2_IRQHandler
                0x08005bdc                TIM1_CC_IRQHandler
                0x08005bdc                TSC_IRQHandler
                0x08005bdc                TAMP_STAMP_IRQHandler
                0x08005bdc                EXTI3_IRQHandler
                0x08005bdc                LPTIM2_IRQHandler
                0x08005bdc                I2C3_ER_IRQHandler
                0x08005bdc                EXTI0_IRQHandler
                0x08005bdc                CAN1_RX0_IRQHandler
                0x08005bdc                FPU_IRQHandler
                0x08005bdc                TIM1_UP_TIM16_IRQHandler
                0x08005bdc                SPI1_IRQHandler
                0x08005bdc                DMA2_Channel2_IRQHandler
                0x08005bdc                DMA1_Channel4_IRQHandler
                0x08005bdc                DMA1_Channel7_IRQHandler
                0x08005bdc                CAN1_RX1_IRQHandler
                0x08005bdc                DMA2_Channel1_IRQHandler
                0x08005bdc                QUADSPI_IRQHandler
                0x08005bdc                I2C1_EV_IRQHandler
                0x08005bdc                DMA1_Channel6_IRQHandler
                0x08005bdc                DMA2_Channel4_IRQHandler
                0x08005bdc                RCC_IRQHandler
                0x08005bdc                TIM1_TRG_COM_IRQHandler
                0x08005bdc                DMA1_Channel1_IRQHandler
                0x08005bdc                Default_Handler
                0x08005bdc                DMA2_Channel7_IRQHandler
                0x08005bdc                EXTI15_10_IRQHandler
                0x08005bdc                I2C3_EV_IRQHandler
                0x08005bdc                USB_IRQHandler
                0x08005bdc                RTC_WKUP_IRQHandler
                0x08005bdc                PVD_PVM_IRQHandler
                0x08005bdc                CAN1_TX_IRQHandler
                0x08005bdc                DMA2_Channel5_IRQHandler
                0x08005bdc                CRS_IRQHandler
                0x08005bdc                DMA1_Channel5_IRQHandler
                0x08005bdc                EXTI4_IRQHandler
                0x08005bdc                RNG_IRQHandler
                0x08005bdc                DMA1_Channel3_IRQHandler
                0x08005bdc                COMP_IRQHandler
                0x08005bdc                WWDG_IRQHandler
                0x08005bdc                LPUART1_IRQHandler
                0x08005bdc                DMA2_Channel6_IRQHandler
                0x08005bdc                TIM2_IRQHandler
                0x08005bdc                EXTI1_IRQHandler
                0x08005bdc                USART2_IRQHandler
                0x08005bdc                DMA1_Channel2_IRQHandler
                0x08005bdc                CAN1_SCE_IRQHandler
                0x08005bdc                FLASH_IRQHandler
                0x08005bdc                USART1_IRQHandler
                0x08005bdc                I2C1_ER_IRQHandler
                0x08005bdc                SWPMI1_IRQHandler
                0x08005bdc                LPTIM1_IRQHandler
                0x08005bdc                SAI1_IRQHandler
                0x08005bdc                DMA2_Channel3_IRQHandler
                0x08005bdc                TIM1_BRK_TIM15_IRQHandler
 .text.HAL_Init
                0x08005bde       0x30 ./Drivers/STM32L4xx_HAL_Driver/Src/stm32l4xx_hal.o
                0x08005bde                HAL_Init
 *fill*         0x08005c0e        0x2 
 .text.HAL_InitTick
                0x08005c10       0x78 ./Drivers/STM32L4xx_HAL_Driver/Src/stm32l4xx_hal.o
                0x08005c10                HAL_InitTick
 .text.HAL_IncTick
                0x08005c88       0x28 ./Drivers/STM32L4xx_HAL_Driver/Src/stm32l4xx_hal.o
                0x08005c88                HAL_IncTick
 .text.HAL_GetTick
                0x08005cb0       0x18 ./Drivers/STM32L4xx_HAL_Driver/Src/stm32l4xx_hal.o
                0x08005cb0                HAL_GetTick
 .text.LL_ADC_SetCommonClock
                0x08005cc8       0x26 ./Drivers/STM32L4xx_HAL_Driver/Src/stm32l4xx_hal_adc.o
 .text.LL_ADC_SetCommonPathInternalCh
                0x08005cee       0x26 ./Drivers/STM32L4xx_HAL_Driver/Src/stm32l4xx_hal_adc.o
 .text.LL_ADC_GetCommonPathInternalCh
                0x08005d14       0x1c ./Drivers/STM32L4xx_HAL_Driver/Src/stm32l4xx_hal_adc.o
 .text.LL_ADC_SetOffset
                0x08005d30       0x48 ./Drivers/STM32L4xx_HAL_Driver/Src/stm32l4xx_hal_adc.o
 .text.LL_ADC_GetOffsetChannel
                0x08005d78       0x2c ./Drivers/STM32L4xx_HAL_Driver/Src/stm32l4xx_hal_adc.o
 .text.LL_ADC_SetOffsetState
                0x08005da4       0x36 ./Drivers/STM32L4xx_HAL_Driver/Src/stm32l4xx_hal_adc.o
 .text.LL_ADC_REG_IsTriggerSourceSWStart
                0x08005dda       0x26 ./Drivers/STM32L4xx_HAL_Driver/Src/stm32l4xx_hal_adc.o
 .text.LL_ADC_REG_SetSequencerRanks
                0x08005e00       0x58 ./Drivers/STM32L4xx_HAL_Driver/Src/stm32l4xx_hal_adc.o
 .text.LL_ADC_INJ_IsTriggerSourceSWStart
                0x08005e58       0x26 ./Drivers/STM32L4xx_HAL_Driver/Src/stm32l4xx_hal_adc.o
 .text.LL_ADC_SetChannelSamplingTime
                0x08005e7e       0x56 ./Drivers/STM32L4xx_HAL_Driver/Src/stm32l4xx_hal_adc.o
 .text.LL_ADC_SetChannelSingleDiff
                0x08005ed4       0x48 ./Drivers/STM32L4xx_HAL_Driver/Src/stm32l4xx_hal_adc.o
 .text.LL_ADC_DisableDeepPowerDown
                0x08005f1c       0x24 ./Drivers/STM32L4xx_HAL_Driver/Src/stm32l4xx_hal_adc.o
 .text.LL_ADC_IsDeepPowerDownEnabled
                0x08005f40       0x28 ./Drivers/STM32L4xx_HAL_Driver/Src/stm32l4xx_hal_adc.o
 .text.LL_ADC_EnableInternalRegulator
                0x08005f68       0x28 ./Drivers/STM32L4xx_HAL_Driver/Src/stm32l4xx_hal_adc.o
 .text.LL_ADC_IsInternalRegulatorEnabled
                0x08005f90       0x28 ./Drivers/STM32L4xx_HAL_Driver/Src/stm32l4xx_hal_adc.o
 .text.LL_ADC_Enable
                0x08005fb8       0x28 ./Drivers/STM32L4xx_HAL_Driver/Src/stm32l4xx_hal_adc.o
 .text.LL_ADC_Disable
                0x08005fe0       0x28 ./Drivers/STM32L4xx_HAL_Driver/Src/stm32l4xx_hal_adc.o
 .text.LL_ADC_IsEnabled
                0x08006008       0x26 ./Drivers/STM32L4xx_HAL_Driver/Src/stm32l4xx_hal_adc.o
 .text.LL_ADC_IsDisableOngoing
                0x0800602e       0x26 ./Drivers/STM32L4xx_HAL_Driver/Src/stm32l4xx_hal_adc.o
 .text.LL_ADC_REG_StartConversion
                0x08006054       0x28 ./Drivers/STM32L4xx_HAL_Driver/Src/stm32l4xx_hal_adc.o
 .text.LL_ADC_REG_IsConversionOngoing
                0x0800607c       0x26 ./Drivers/STM32L4xx_HAL_Driver/Src/stm32l4xx_hal_adc.o
 .text.LL_ADC_INJ_IsConversionOngoing
                0x080060a2       0x26 ./Drivers/STM32L4xx_HAL_Driver/Src/stm32l4xx_hal_adc.o
 .text.HAL_ADC_Init
                0x080060c8      0x284 ./Drivers/STM32L4xx_HAL_Driver/Src/stm32l4xx_hal_adc.o
                0x080060c8                HAL_ADC_Init
 .text.HAL_ADC_Start_IT
                0x0800634c      0x168 ./Drivers/STM32L4xx_HAL_Driver/Src/stm32l4xx_hal_adc.o
                0x0800634c                HAL_ADC_Start_IT
 .text.HAL_ADC_GetValue
                0x080064b4       0x1a ./Drivers/STM32L4xx_HAL_Driver/Src/stm32l4xx_hal_adc.o
                0x080064b4                HAL_ADC_GetValue
 .text.HAL_ADC_IRQHandler
                0x080064ce      0x368 ./Drivers/STM32L4xx_HAL_Driver/Src/stm32l4xx_hal_adc.o
                0x080064ce                HAL_ADC_IRQHandler
 .text.HAL_ADC_LevelOutOfWindowCallback
                0x08006836       0x14 ./Drivers/STM32L4xx_HAL_Driver/Src/stm32l4xx_hal_adc.o
                0x08006836                HAL_ADC_LevelOutOfWindowCallback
 .text.HAL_ADC_ErrorCallback
                0x0800684a       0x14 ./Drivers/STM32L4xx_HAL_Driver/Src/stm32l4xx_hal_adc.o
                0x0800684a                HAL_ADC_ErrorCallback
 *fill*         0x0800685e        0x2 
 .text.HAL_ADC_ConfigChannel
                0x08006860      0x7c4 ./Drivers/STM32L4xx_HAL_Driver/Src/stm32l4xx_hal_adc.o
                0x08006860                HAL_ADC_ConfigChannel
 .text.ADC_Enable
                0x08007024      0x10c ./Drivers/STM32L4xx_HAL_Driver/Src/stm32l4xx_hal_adc.o
                0x08007024                ADC_Enable
 .text.ADC_Disable
                0x08007130       0xbe ./Drivers/STM32L4xx_HAL_Driver/Src/stm32l4xx_hal_adc.o
                0x08007130                ADC_Disable
 .text.LL_ADC_StartCalibration
                0x080071ee       0x32 ./Drivers/STM32L4xx_HAL_Driver/Src/stm32l4xx_hal_adc_ex.o
 .text.LL_ADC_IsCalibrationOnGoing
                0x08007220       0x28 ./Drivers/STM32L4xx_HAL_Driver/Src/stm32l4xx_hal_adc_ex.o
 .text.HAL_ADCEx_Calibration_Start
                0x08007248       0xc0 ./Drivers/STM32L4xx_HAL_Driver/Src/stm32l4xx_hal_adc_ex.o
                0x08007248                HAL_ADCEx_Calibration_Start
 .text.HAL_ADCEx_InjectedConvCpltCallback
                0x08007308       0x14 ./Drivers/STM32L4xx_HAL_Driver/Src/stm32l4xx_hal_adc_ex.o
                0x08007308                HAL_ADCEx_InjectedConvCpltCallback
 .text.HAL_ADCEx_InjectedQueueOverflowCallback
                0x0800731c       0x14 ./Drivers/STM32L4xx_HAL_Driver/Src/stm32l4xx_hal_adc_ex.o
                0x0800731c                HAL_ADCEx_InjectedQueueOverflowCallback
 .text.HAL_ADCEx_LevelOutOfWindow2Callback
                0x08007330       0x14 ./Drivers/STM32L4xx_HAL_Driver/Src/stm32l4xx_hal_adc_ex.o
                0x08007330                HAL_ADCEx_LevelOutOfWindow2Callback
 .text.HAL_ADCEx_LevelOutOfWindow3Callback
                0x08007344       0x14 ./Drivers/STM32L4xx_HAL_Driver/Src/stm32l4xx_hal_adc_ex.o
                0x08007344                HAL_ADCEx_LevelOutOfWindow3Callback
 .text.HAL_ADCEx_EndOfSamplingCallback
                0x08007358       0x14 ./Drivers/STM32L4xx_HAL_Driver/Src/stm32l4xx_hal_adc_ex.o
                0x08007358                HAL_ADCEx_EndOfSamplingCallback
 .text.__NVIC_SetPriorityGrouping
                0x0800736c       0x48 ./Drivers/STM32L4xx_HAL_Driver/Src/stm32l4xx_hal_cortex.o
 .text.__NVIC_GetPriorityGrouping
                0x080073b4       0x1c ./Drivers/STM32L4xx_HAL_Driver/Src/stm32l4xx_hal_cortex.o
 .text.__NVIC_EnableIRQ
                0x080073d0       0x3c ./Drivers/STM32L4xx_HAL_Driver/Src/stm32l4xx_hal_cortex.o
 .text.__NVIC_SetPriority
                0x0800740c       0x54 ./Drivers/STM32L4xx_HAL_Driver/Src/stm32l4xx_hal_cortex.o
 .text.NVIC_EncodePriority
                0x08007460       0x66 ./Drivers/STM32L4xx_HAL_Driver/Src/stm32l4xx_hal_cortex.o
 *fill*         0x080074c6        0x2 
 .text.SysTick_Config
                0x080074c8       0x44 ./Drivers/STM32L4xx_HAL_Driver/Src/stm32l4xx_hal_cortex.o
 .text.HAL_NVIC_SetPriorityGrouping
                0x0800750c       0x16 ./Drivers/STM32L4xx_HAL_Driver/Src/stm32l4xx_hal_cortex.o
                0x0800750c                HAL_NVIC_SetPriorityGrouping
 .text.HAL_NVIC_SetPriority
                0x08007522       0x38 ./Drivers/STM32L4xx_HAL_Driver/Src/stm32l4xx_hal_cortex.o
                0x08007522                HAL_NVIC_SetPriority
 .text.HAL_NVIC_EnableIRQ
                0x0800755a       0x1c ./Drivers/STM32L4xx_HAL_Driver/Src/stm32l4xx_hal_cortex.o
                0x0800755a                HAL_NVIC_EnableIRQ
 .text.HAL_SYSTICK_Config
                0x08007576       0x18 ./Drivers/STM32L4xx_HAL_Driver/Src/stm32l4xx_hal_cortex.o
                0x08007576                HAL_SYSTICK_Config
 .text.HAL_DMA_Abort_IT
                0x0800758e       0x82 ./Drivers/STM32L4xx_HAL_Driver/Src/stm32l4xx_hal_dma.o
                0x0800758e                HAL_DMA_Abort_IT
 .text.HAL_GPIO_Init
                0x08007610      0x2d4 ./Drivers/STM32L4xx_HAL_Driver/Src/stm32l4xx_hal_gpio.o
                0x08007610                HAL_GPIO_Init
 .text.HAL_GPIO_WritePin
                0x080078e4       0x30 ./Drivers/STM32L4xx_HAL_Driver/Src/stm32l4xx_hal_gpio.o
                0x080078e4                HAL_GPIO_WritePin
 .text.HAL_GPIO_EXTI_IRQHandler
                0x08007914       0x30 ./Drivers/STM32L4xx_HAL_Driver/Src/stm32l4xx_hal_gpio.o
                0x08007914                HAL_GPIO_EXTI_IRQHandler
 .text.HAL_I2C_Init
                0x08007944      0x136 ./Drivers/STM32L4xx_HAL_Driver/Src/stm32l4xx_hal_i2c.o
                0x08007944                HAL_I2C_Init
 .text.HAL_I2CEx_ConfigAnalogFilter
                0x08007a7a       0x96 ./Drivers/STM32L4xx_HAL_Driver/Src/stm32l4xx_hal_i2c_ex.o
                0x08007a7a                HAL_I2CEx_ConfigAnalogFilter
 .text.HAL_I2CEx_ConfigDigitalFilter
                0x08007b10       0x98 ./Drivers/STM32L4xx_HAL_Driver/Src/stm32l4xx_hal_i2c_ex.o
                0x08007b10                HAL_I2CEx_ConfigDigitalFilter
 .text.HAL_PWREx_GetVoltageRange
                0x08007ba8       0x1c ./Drivers/STM32L4xx_HAL_Driver/Src/stm32l4xx_hal_pwr_ex.o
                0x08007ba8                HAL_PWREx_GetVoltageRange
 .text.HAL_PWREx_ControlVoltageScaling
                0x08007bc4       0xac ./Drivers/STM32L4xx_HAL_Driver/Src/stm32l4xx_hal_pwr_ex.o
                0x08007bc4                HAL_PWREx_ControlVoltageScaling
 .text.HAL_RCC_OscConfig
                0x08007c70      0x828 ./Drivers/STM32L4xx_HAL_Driver/Src/stm32l4xx_hal_rcc.o
                0x08007c70                HAL_RCC_OscConfig
 .text.HAL_RCC_ClockConfig
                0x08008498      0x200 ./Drivers/STM32L4xx_HAL_Driver/Src/stm32l4xx_hal_rcc.o
                0x08008498                HAL_RCC_ClockConfig
 .text.HAL_RCC_GetSysClockFreq
                0x08008698      0x118 ./Drivers/STM32L4xx_HAL_Driver/Src/stm32l4xx_hal_rcc.o
                0x08008698                HAL_RCC_GetSysClockFreq
 .text.RCC_SetFlashLatencyFromMSIRange
                0x080087b0       0xc0 ./Drivers/STM32L4xx_HAL_Driver/Src/stm32l4xx_hal_rcc.o
 .text.HAL_RCCEx_PeriphCLKConfig
                0x08008870      0x3ec ./Drivers/STM32L4xx_HAL_Driver/Src/stm32l4xx_hal_rcc_ex.o
                0x08008870                HAL_RCCEx_PeriphCLKConfig
 .text.RCCEx_PLLSAI1_Config
                0x08008c5c      0x1e4 ./Drivers/STM32L4xx_HAL_Driver/Src/stm32l4xx_hal_rcc_ex.o
 .text.HAL_SPI_Init
                0x08008e40      0x146 ./Drivers/STM32L4xx_HAL_Driver/Src/stm32l4xx_hal_spi.o
                0x08008e40                HAL_SPI_Init
 .text.HAL_SPI_TransmitReceive
                0x08008f86      0x43e ./Drivers/STM32L4xx_HAL_Driver/Src/stm32l4xx_hal_spi.o
                0x08008f86                HAL_SPI_TransmitReceive
 .text.HAL_SPI_IRQHandler
                0x080093c4      0x1e8 ./Drivers/STM32L4xx_HAL_Driver/Src/stm32l4xx_hal_spi.o
                0x080093c4                HAL_SPI_IRQHandler
 .text.HAL_SPI_ErrorCallback
                0x080095ac       0x14 ./Drivers/STM32L4xx_HAL_Driver/Src/stm32l4xx_hal_spi.o
                0x080095ac                HAL_SPI_ErrorCallback
 .text.SPI_DMAAbortOnError
                0x080095c0       0x2a ./Drivers/STM32L4xx_HAL_Driver/Src/stm32l4xx_hal_spi.o
 *fill*         0x080095ea        0x2 
 .text.SPI_WaitFlagStateUntilTimeout
                0x080095ec      0x110 ./Drivers/STM32L4xx_HAL_Driver/Src/stm32l4xx_hal_spi.o
 .text.SPI_WaitFifoStateUntilTimeout
                0x080096fc      0x12c ./Drivers/STM32L4xx_HAL_Driver/Src/stm32l4xx_hal_spi.o
 .text.SPI_EndRxTxTransaction
                0x08009828       0x8c ./Drivers/STM32L4xx_HAL_Driver/Src/stm32l4xx_hal_spi.o
 .text.HAL_TIM_Base_Init
                0x080098b4       0xae ./Drivers/STM32L4xx_HAL_Driver/Src/stm32l4xx_hal_tim.o
                0x080098b4                HAL_TIM_Base_Init
 *fill*         0x08009962        0x2 
 .text.HAL_TIM_Base_Start_IT
                0x08009964       0xa8 ./Drivers/STM32L4xx_HAL_Driver/Src/stm32l4xx_hal_tim.o
                0x08009964                HAL_TIM_Base_Start_IT
 .text.HAL_TIM_IRQHandler
                0x08009a0c      0x20e ./Drivers/STM32L4xx_HAL_Driver/Src/stm32l4xx_hal_tim.o
                0x08009a0c                HAL_TIM_IRQHandler
 .text.HAL_TIM_OC_DelayElapsedCallback
                0x08009c1a       0x14 ./Drivers/STM32L4xx_HAL_Driver/Src/stm32l4xx_hal_tim.o
                0x08009c1a                HAL_TIM_OC_DelayElapsedCallback
 .text.HAL_TIM_IC_CaptureCallback
                0x08009c2e       0x14 ./Drivers/STM32L4xx_HAL_Driver/Src/stm32l4xx_hal_tim.o
                0x08009c2e                HAL_TIM_IC_CaptureCallback
 .text.HAL_TIM_PWM_PulseFinishedCallback
                0x08009c42       0x14 ./Drivers/STM32L4xx_HAL_Driver/Src/stm32l4xx_hal_tim.o
                0x08009c42                HAL_TIM_PWM_PulseFinishedCallback
 .text.HAL_TIM_TriggerCallback
                0x08009c56       0x14 ./Drivers/STM32L4xx_HAL_Driver/Src/stm32l4xx_hal_tim.o
                0x08009c56                HAL_TIM_TriggerCallback
 *fill*         0x08009c6a        0x2 
 .text.TIM_Base_SetConfig
                0x08009c6c       0xe0 ./Drivers/STM32L4xx_HAL_Driver/Src/stm32l4xx_hal_tim.o
                0x08009c6c                TIM_Base_SetConfig
 .text.HAL_TIMEx_MasterConfigSynchronization
                0x08009d4c       0xcc ./Drivers/STM32L4xx_HAL_Driver/Src/stm32l4xx_hal_tim_ex.o
                0x08009d4c                HAL_TIMEx_MasterConfigSynchronization
 .text.HAL_TIMEx_CommutCallback
                0x08009e18       0x14 ./Drivers/STM32L4xx_HAL_Driver/Src/stm32l4xx_hal_tim_ex.o
                0x08009e18                HAL_TIMEx_CommutCallback
 .text.HAL_TIMEx_BreakCallback
                0x08009e2c       0x14 ./Drivers/STM32L4xx_HAL_Driver/Src/stm32l4xx_hal_tim_ex.o
                0x08009e2c                HAL_TIMEx_BreakCallback
 .text.HAL_TIMEx_Break2Callback
                0x08009e40       0x14 ./Drivers/STM32L4xx_HAL_Driver/Src/stm32l4xx_hal_tim_ex.o
                0x08009e40                HAL_TIMEx_Break2Callback
 .text.memset   0x08009e54       0x10 C:/Program Files/ST/STM32CubeIDE_1.16.0/STM32CubeIDE/plugins/com.st.stm32cube.ide.mcu.externaltools.gnu-tools-for-stm32.12.3.rel1.win32_1.0.200.202406191623/tools/bin/../lib/gcc/arm-none-eabi/12.3.1/../../../../arm-none-eabi/lib/thumb/v7e-m+fp/hard\libc_nano.a(libc_a-memset.o)
                0x08009e54                memset
 .text.__libc_init_array
                0x08009e64       0x48 C:/Program Files/ST/STM32CubeIDE_1.16.0/STM32CubeIDE/plugins/com.st.stm32cube.ide.mcu.externaltools.gnu-tools-for-stm32.12.3.rel1.win32_1.0.200.202406191623/tools/bin/../lib/gcc/arm-none-eabi/12.3.1/../../../../arm-none-eabi/lib/thumb/v7e-m+fp/hard\libc_nano.a(libc_a-init.o)
                0x08009e64                __libc_init_array
 .text.memcpy   0x08009eac       0x1c C:/Program Files/ST/STM32CubeIDE_1.16.0/STM32CubeIDE/plugins/com.st.stm32cube.ide.mcu.externaltools.gnu-tools-for-stm32.12.3.rel1.win32_1.0.200.202406191623/tools/bin/../lib/gcc/arm-none-eabi/12.3.1/../../../../arm-none-eabi/lib/thumb/v7e-m+fp/hard\libc_nano.a(libc_a-memcpy-stub.o)
                0x08009eac                memcpy
 *(.glue_7)
 .glue_7        0x08009ec8        0x0 linker stubs
 *(.glue_7t)
 .glue_7t       0x08009ec8        0x0 linker stubs
 *(.eh_frame)
 .eh_frame      0x08009ec8        0x0 C:/Program Files/ST/STM32CubeIDE_1.16.0/STM32CubeIDE/plugins/com.st.stm32cube.ide.mcu.externaltools.gnu-tools-for-stm32.12.3.rel1.win32_1.0.200.202406191623/tools/bin/../lib/gcc/arm-none-eabi/12.3.1/thumb/v7e-m+fp/hard/crtbegin.o
 *(.init)
 .init          0x08009ec8        0x4 C:/Program Files/ST/STM32CubeIDE_1.16.0/STM32CubeIDE/plugins/com.st.stm32cube.ide.mcu.externaltools.gnu-tools-for-stm32.12.3.rel1.win32_1.0.200.202406191623/tools/bin/../lib/gcc/arm-none-eabi/12.3.1/thumb/v7e-m+fp/hard/crti.o
                0x08009ec8                _init
 .init          0x08009ecc        0x8 C:/Program Files/ST/STM32CubeIDE_1.16.0/STM32CubeIDE/plugins/com.st.stm32cube.ide.mcu.externaltools.gnu-tools-for-stm32.12.3.rel1.win32_1.0.200.202406191623/tools/bin/../lib/gcc/arm-none-eabi/12.3.1/thumb/v7e-m+fp/hard/crtn.o
 *(.fini)
 .fini          0x08009ed4        0x4 C:/Program Files/ST/STM32CubeIDE_1.16.0/STM32CubeIDE/plugins/com.st.stm32cube.ide.mcu.externaltools.gnu-tools-for-stm32.12.3.rel1.win32_1.0.200.202406191623/tools/bin/../lib/gcc/arm-none-eabi/12.3.1/thumb/v7e-m+fp/hard/crti.o
                0x08009ed4                _fini
 .fini          0x08009ed8        0x8 C:/Program Files/ST/STM32CubeIDE_1.16.0/STM32CubeIDE/plugins/com.st.stm32cube.ide.mcu.externaltools.gnu-tools-for-stm32.12.3.rel1.win32_1.0.200.202406191623/tools/bin/../lib/gcc/arm-none-eabi/12.3.1/thumb/v7e-m+fp/hard/crtn.o
                0x08009ee0                        . = ALIGN (0x4)
                0x08009ee0                        _etext = .

.vfp11_veneer   0x08009ee0        0x0
 .vfp11_veneer  0x08009ee0        0x0 linker stubs

.v4_bx          0x08009ee0        0x0
 .v4_bx         0x08009ee0        0x0 linker stubs

.iplt           0x08009ee0        0x0
 .iplt          0x08009ee0        0x0 C:/Program Files/ST/STM32CubeIDE_1.16.0/STM32CubeIDE/plugins/com.st.stm32cube.ide.mcu.externaltools.gnu-tools-for-stm32.12.3.rel1.win32_1.0.200.202406191623/tools/bin/../lib/gcc/arm-none-eabi/12.3.1/thumb/v7e-m+fp/hard/crtbegin.o

.rodata         0x08009ee0     0x122c
                0x08009ee0                        . = ALIGN (0x4)
 *(.rodata)
 *(.rodata*)
 .rodata.AES_RCON
                0x08009ee0       0x28 ./Core/Src/aes.o
 .rodata.AES_S  0x08009f08      0x100 ./Core/Src/aes.o
 .rodata.AES_E1
                0x0800a008      0x400 ./Core/Src/aes.o
 .rodata.AES_E2
                0x0800a408      0x400 ./Core/Src/aes.o
 .rodata.AES_E3
                0x0800a808      0x400 ./Core/Src/aes.o
 .rodata.AES_E4
                0x0800ac08      0x400 ./Core/Src/aes.o
 .rodata._DR2RPS_CRC
                0x0800b008        0xa ./Core/Src/lmic.o
                0x0800b008                _DR2RPS_CRC
 *fill*         0x0800b012        0x2 
 .rodata.TXPOWLEVELS
                0x0800b014       0x10 ./Core/Src/lmic.o
 .rodata.SENSITIVITY
                0x0800b024       0x15 ./Core/Src/lmic.o
 *fill*         0x0800b039        0x3 
 .rodata.DRADJUST
                0x0800b03c        0xa ./Core/Src/lmic.o
 *fill*         0x0800b046        0x2 
 .rodata.DR2HSYM_osticks
                0x0800b048       0x20 ./Core/Src/lmic.o
 .rodata.iniChannelFreq
                0x0800b068       0x30 ./Core/Src/lmic.o
 .rodata.APPEUI
                0x0800b098        0x8 ./Core/Src/main.o
 .rodata.DEVEUI
                0x0800b0a0        0x8 ./Core/Src/main.o
 .rodata.DEVKEY
                0x0800b0a8       0x10 ./Core/Src/main.o
 .rodata.rxlorairqmask
                0x0800b0b8        0x3 ./Core/Src/radio.o
 *fill*         0x0800b0bb        0x1 
 .rodata.LORA_RXDONE_FIXUP
                0x0800b0bc        0xe ./Core/Src/radio.o
 *fill*         0x0800b0ca        0x2 
 .rodata.AHBPrescTable
                0x0800b0cc       0x10 ./Core/Src/system_stm32l4xx.o
                0x0800b0cc                AHBPrescTable
 .rodata.MSIRangeTable
                0x0800b0dc       0x30 ./Core/Src/system_stm32l4xx.o
                0x0800b0dc                MSIRangeTable
                0x0800b10c                        . = ALIGN (0x4)

.ARM.extab      0x0800b10c        0x0
                0x0800b10c                        . = ALIGN (0x4)
 *(.ARM.extab* .gnu.linkonce.armextab.*)
                0x0800b10c                        . = ALIGN (0x4)

.ARM            0x0800b10c        0x8
                0x0800b10c                        . = ALIGN (0x4)
                0x0800b10c                        __exidx_start = .
 *(.ARM.exidx*)
 .ARM.exidx     0x0800b10c        0x8 C:/Program Files/ST/STM32CubeIDE_1.16.0/STM32CubeIDE/plugins/com.st.stm32cube.ide.mcu.externaltools.gnu-tools-for-stm32.12.3.rel1.win32_1.0.200.202406191623/tools/bin/../lib/gcc/arm-none-eabi/12.3.1/thumb/v7e-m+fp/hard\libgcc.a(_udivmoddi4.o)
                0x0800b114                        __exidx_end = .
                0x0800b114                        . = ALIGN (0x4)

.preinit_array  0x0800b114        0x0
                0x0800b114                        . = ALIGN (0x4)
                0x0800b114                        PROVIDE (__preinit_array_start = .)
 *(.preinit_array*)
                0x0800b114                        PROVIDE (__preinit_array_end = .)
                0x0800b114                        . = ALIGN (0x4)

.init_array     0x0800b114        0x4
                0x0800b114                        . = ALIGN (0x4)
                0x0800b114                        PROVIDE (__init_array_start = .)
 *(SORT_BY_NAME(.init_array.*))
 *(.init_array*)
 .init_array    0x0800b114        0x4 C:/Program Files/ST/STM32CubeIDE_1.16.0/STM32CubeIDE/plugins/com.st.stm32cube.ide.mcu.externaltools.gnu-tools-for-stm32.12.3.rel1.win32_1.0.200.202406191623/tools/bin/../lib/gcc/arm-none-eabi/12.3.1/thumb/v7e-m+fp/hard/crtbegin.o
                0x0800b118                        PROVIDE (__init_array_end = .)
                0x0800b118                        . = ALIGN (0x4)

.fini_array     0x0800b118        0x4
                0x0800b118                        . = ALIGN (0x4)
                [!provide]                        PROVIDE (__fini_array_start = .)
 *(SORT_BY_NAME(.fini_array.*))
 *(.fini_array*)
 .fini_array    0x0800b118        0x4 C:/Program Files/ST/STM32CubeIDE_1.16.0/STM32CubeIDE/plugins/com.st.stm32cube.ide.mcu.externaltools.gnu-tools-for-stm32.12.3.rel1.win32_1.0.200.202406191623/tools/bin/../lib/gcc/arm-none-eabi/12.3.1/thumb/v7e-m+fp/hard/crtbegin.o
                [!provide]                        PROVIDE (__fini_array_end = .)
                0x0800b11c                        . = ALIGN (0x4)
                0x0800b11c                        _sidata = LOADADDR (.data)

.rel.dyn        0x0800b11c        0x0
 .rel.iplt      0x0800b11c        0x0 C:/Program Files/ST/STM32CubeIDE_1.16.0/STM32CubeIDE/plugins/com.st.stm32cube.ide.mcu.externaltools.gnu-tools-for-stm32.12.3.rel1.win32_1.0.200.202406191623/tools/bin/../lib/gcc/arm-none-eabi/12.3.1/thumb/v7e-m+fp/hard/crtbegin.o

.data           0x20000000        0xc load address 0x0800b11c
                0x20000000                        . = ALIGN (0x4)
                0x20000000                        _sdata = .
 *(.data)
 *(.data*)
 .data.SystemCoreClock
                0x20000000        0x4 ./Core/Src/system_stm32l4xx.o
                0x20000000                SystemCoreClock
 .data.uwTickPrio
                0x20000004        0x4 ./Drivers/STM32L4xx_HAL_Driver/Src/stm32l4xx_hal.o
                0x20000004                uwTickPrio
 .data.uwTickFreq
                0x20000008        0x1 ./Drivers/STM32L4xx_HAL_Driver/Src/stm32l4xx_hal.o
                0x20000008                uwTickFreq
 *(.RamFunc)
 *(.RamFunc*)
                0x2000000c                        . = ALIGN (0x4)
 *fill*         0x20000009        0x3 
                0x2000000c                        _edata = .

.igot.plt       0x2000000c        0x0 load address 0x0800b128
 .igot.plt      0x2000000c        0x0 C:/Program Files/ST/STM32CubeIDE_1.16.0/STM32CubeIDE/plugins/com.st.stm32cube.ide.mcu.externaltools.gnu-tools-for-stm32.12.3.rel1.win32_1.0.200.202406191623/tools/bin/../lib/gcc/arm-none-eabi/12.3.1/thumb/v7e-m+fp/hard/crtbegin.o
                0x2000000c                        . = ALIGN (0x4)

.bss            0x2000000c      0x470 load address 0x0800b128
                0x2000000c                        _sbss = .
                0x2000000c                        __bss_start__ = _sbss
 *(.bss)
 .bss           0x2000000c       0x1c C:/Program Files/ST/STM32CubeIDE_1.16.0/STM32CubeIDE/plugins/com.st.stm32cube.ide.mcu.externaltools.gnu-tools-for-stm32.12.3.rel1.win32_1.0.200.202406191623/tools/bin/../lib/gcc/arm-none-eabi/12.3.1/thumb/v7e-m+fp/hard/crtbegin.o
 *(.bss*)
 .bss.hadc1     0x20000028       0x64 ./Core/Src/adc.o
                0x20000028                hadc1
 .bss.AESAUX    0x2000008c       0x10 ./Core/Src/aes.o
                0x2000008c                AESAUX
 .bss.AESKEY    0x2000009c       0xb0 ./Core/Src/aes.o
                0x2000009c                AESKEY
 .bss.HAL       0x2000014c        0x8 ./Core/Src/hal.o
 .bss.hi2c1     0x20000154       0x54 ./Core/Src/i2c.o
                0x20000154                hi2c1
 .bss.LMIC      0x200001a8      0x1ac ./Core/Src/lmic.o
                0x200001a8                LMIC
 .bss.raw_adc1_in15
                0x20000354        0x4 ./Core/Src/main.o
                0x20000354                raw_adc1_in15
 .bss.reportjob
                0x20000358        0xc ./Core/Src/main.o
 .bss.OS        0x20000364        0x8 ./Core/Src/oslmic.o
 .bss.randbuf   0x2000036c       0x10 ./Core/Src/radio.o
 .bss.hspi3     0x2000037c       0x64 ./Core/Src/spi.o
                0x2000037c                hspi3
 .bss.htim6     0x200003e0       0x4c ./Core/Src/tim.o
                0x200003e0                htim6
 .bss.htim7     0x2000042c       0x4c ./Core/Src/tim.o
                0x2000042c                htim7
 .bss.uwTick    0x20000478        0x4 ./Drivers/STM32L4xx_HAL_Driver/Src/stm32l4xx_hal.o
                0x20000478                uwTick
 *(COMMON)
                0x2000047c                        . = ALIGN (0x4)
                0x2000047c                        _ebss = .
                0x2000047c                        __bss_end__ = _ebss

._user_heap_stack
                0x2000047c      0x604 load address 0x0800b128
                0x20000480                        . = ALIGN (0x8)
 *fill*         0x2000047c        0x4 
                [!provide]                        PROVIDE (end = .)
                0x20000480                        PROVIDE (_end = .)
                0x20000680                        . = (. + _Min_Heap_Size)
 *fill*         0x20000480      0x200 
                0x20000a80                        . = (. + _Min_Stack_Size)
 *fill*         0x20000680      0x400 
                0x20000a80                        . = ALIGN (0x8)

/DISCARD/
 libc.a(*)
 libm.a(*)
 libgcc.a(*)

.ARM.attributes
                0x00000000       0x30
 *(.ARM.attributes)
 .ARM.attributes
                0x00000000       0x22 C:/Program Files/ST/STM32CubeIDE_1.16.0/STM32CubeIDE/plugins/com.st.stm32cube.ide.mcu.externaltools.gnu-tools-for-stm32.12.3.rel1.win32_1.0.200.202406191623/tools/bin/../lib/gcc/arm-none-eabi/12.3.1/thumb/v7e-m+fp/hard/crti.o
 .ARM.attributes
                0x00000022       0x34 C:/Program Files/ST/STM32CubeIDE_1.16.0/STM32CubeIDE/plugins/com.st.stm32cube.ide.mcu.externaltools.gnu-tools-for-stm32.12.3.rel1.win32_1.0.200.202406191623/tools/bin/../lib/gcc/arm-none-eabi/12.3.1/thumb/v7e-m+fp/hard/crtbegin.o
 .ARM.attributes
                0x00000056       0x34 ./Core/Src/adc.o
 .ARM.attributes
                0x0000008a       0x34 ./Core/Src/aes.o
 .ARM.attributes
                0x000000be       0x34 ./Core/Src/gpio.o
 .ARM.attributes
                0x000000f2       0x34 ./Core/Src/hal.o
 .ARM.attributes
                0x00000126       0x34 ./Core/Src/i2c.o
 .ARM.attributes
                0x0000015a       0x34 ./Core/Src/lmic.o
 .ARM.attributes
                0x0000018e       0x34 ./Core/Src/main.o
 .ARM.attributes
                0x000001c2       0x34 ./Core/Src/oslmic.o
 .ARM.attributes
                0x000001f6       0x34 ./Core/Src/radio.o
 .ARM.attributes
                0x0000022a       0x34 ./Core/Src/spi.o
 .ARM.attributes
                0x0000025e       0x34 ./Core/Src/stm32l4xx_hal_msp.o
 .ARM.attributes
                0x00000292       0x34 ./Core/Src/stm32l4xx_it.o
 .ARM.attributes
                0x000002c6       0x34 ./Core/Src/system_stm32l4xx.o
 .ARM.attributes
                0x000002fa       0x34 ./Core/Src/tim.o
 .ARM.attributes
                0x0000032e       0x21 ./Core/Startup/startup_stm32l432kcux.o
 .ARM.attributes
                0x0000034f       0x34 ./Drivers/STM32L4xx_HAL_Driver/Src/stm32l4xx_hal.o
 .ARM.attributes
                0x00000383       0x34 ./Drivers/STM32L4xx_HAL_Driver/Src/stm32l4xx_hal_adc.o
 .ARM.attributes
                0x000003b7       0x34 ./Drivers/STM32L4xx_HAL_Driver/Src/stm32l4xx_hal_adc_ex.o
 .ARM.attributes
                0x000003eb       0x34 ./Drivers/STM32L4xx_HAL_Driver/Src/stm32l4xx_hal_cortex.o
 .ARM.attributes
                0x0000041f       0x34 ./Drivers/STM32L4xx_HAL_Driver/Src/stm32l4xx_hal_dma.o
 .ARM.attributes
                0x00000453       0x34 ./Drivers/STM32L4xx_HAL_Driver/Src/stm32l4xx_hal_gpio.o
 .ARM.attributes
                0x00000487       0x34 ./Drivers/STM32L4xx_HAL_Driver/Src/stm32l4xx_hal_i2c.o
 .ARM.attributes
                0x000004bb       0x34 ./Drivers/STM32L4xx_HAL_Driver/Src/stm32l4xx_hal_i2c_ex.o
 .ARM.attributes
                0x000004ef       0x34 ./Drivers/STM32L4xx_HAL_Driver/Src/stm32l4xx_hal_pwr_ex.o
 .ARM.attributes
                0x00000523       0x34 ./Drivers/STM32L4xx_HAL_Driver/Src/stm32l4xx_hal_rcc.o
 .ARM.attributes
                0x00000557       0x34 ./Drivers/STM32L4xx_HAL_Driver/Src/stm32l4xx_hal_rcc_ex.o
 .ARM.attributes
                0x0000058b       0x34 ./Drivers/STM32L4xx_HAL_Driver/Src/stm32l4xx_hal_spi.o
 .ARM.attributes
                0x000005bf       0x34 ./Drivers/STM32L4xx_HAL_Driver/Src/stm32l4xx_hal_tim.o
 .ARM.attributes
                0x000005f3       0x34 ./Drivers/STM32L4xx_HAL_Driver/Src/stm32l4xx_hal_tim_ex.o
 .ARM.attributes
                0x00000627       0x34 C:/Program Files/ST/STM32CubeIDE_1.16.0/STM32CubeIDE/plugins/com.st.stm32cube.ide.mcu.externaltools.gnu-tools-for-stm32.12.3.rel1.win32_1.0.200.202406191623/tools/bin/../lib/gcc/arm-none-eabi/12.3.1/../../../../arm-none-eabi/lib/thumb/v7e-m+fp/hard\libc_nano.a(libc_a-memset.o)
 .ARM.attributes
                0x0000065b       0x34 C:/Program Files/ST/STM32CubeIDE_1.16.0/STM32CubeIDE/plugins/com.st.stm32cube.ide.mcu.externaltools.gnu-tools-for-stm32.12.3.rel1.win32_1.0.200.202406191623/tools/bin/../lib/gcc/arm-none-eabi/12.3.1/../../../../arm-none-eabi/lib/thumb/v7e-m+fp/hard\libc_nano.a(libc_a-init.o)
 .ARM.attributes
                0x0000068f       0x34 C:/Program Files/ST/STM32CubeIDE_1.16.0/STM32CubeIDE/plugins/com.st.stm32cube.ide.mcu.externaltools.gnu-tools-for-stm32.12.3.rel1.win32_1.0.200.202406191623/tools/bin/../lib/gcc/arm-none-eabi/12.3.1/../../../../arm-none-eabi/lib/thumb/v7e-m+fp/hard\libc_nano.a(libc_a-memcpy-stub.o)
 .ARM.attributes
                0x000006c3       0x22 C:/Program Files/ST/STM32CubeIDE_1.16.0/STM32CubeIDE/plugins/com.st.stm32cube.ide.mcu.externaltools.gnu-tools-for-stm32.12.3.rel1.win32_1.0.200.202406191623/tools/bin/../lib/gcc/arm-none-eabi/12.3.1/thumb/v7e-m+fp/hard\libgcc.a(_aeabi_ldivmod.o)
 .ARM.attributes
                0x000006e5       0x22 C:/Program Files/ST/STM32CubeIDE_1.16.0/STM32CubeIDE/plugins/com.st.stm32cube.ide.mcu.externaltools.gnu-tools-for-stm32.12.3.rel1.win32_1.0.200.202406191623/tools/bin/../lib/gcc/arm-none-eabi/12.3.1/thumb/v7e-m+fp/hard\libgcc.a(_aeabi_uldivmod.o)
 .ARM.attributes
                0x00000707       0x34 C:/Program Files/ST/STM32CubeIDE_1.16.0/STM32CubeIDE/plugins/com.st.stm32cube.ide.mcu.externaltools.gnu-tools-for-stm32.12.3.rel1.win32_1.0.200.202406191623/tools/bin/../lib/gcc/arm-none-eabi/12.3.1/thumb/v7e-m+fp/hard\libgcc.a(_udivmoddi4.o)
 .ARM.attributes
                0x0000073b       0x22 C:/Program Files/ST/STM32CubeIDE_1.16.0/STM32CubeIDE/plugins/com.st.stm32cube.ide.mcu.externaltools.gnu-tools-for-stm32.12.3.rel1.win32_1.0.200.202406191623/tools/bin/../lib/gcc/arm-none-eabi/12.3.1/thumb/v7e-m+fp/hard\libgcc.a(_dvmd_tls.o)
 .ARM.attributes
                0x0000075d       0x22 C:/Program Files/ST/STM32CubeIDE_1.16.0/STM32CubeIDE/plugins/com.st.stm32cube.ide.mcu.externaltools.gnu-tools-for-stm32.12.3.rel1.win32_1.0.200.202406191623/tools/bin/../lib/gcc/arm-none-eabi/12.3.1/thumb/v7e-m+fp/hard/crtn.o
OUTPUT(ProjetIOT.elf elf32-littlearm)
LOAD linker stubs
LOAD C:/Program Files/ST/STM32CubeIDE_1.16.0/STM32CubeIDE/plugins/com.st.stm32cube.ide.mcu.externaltools.gnu-tools-for-stm32.12.3.rel1.win32_1.0.200.202406191623/tools/bin/../lib/gcc/arm-none-eabi/12.3.1/../../../../arm-none-eabi/lib/thumb/v7e-m+fp/hard\libc.a
LOAD C:/Program Files/ST/STM32CubeIDE_1.16.0/STM32CubeIDE/plugins/com.st.stm32cube.ide.mcu.externaltools.gnu-tools-for-stm32.12.3.rel1.win32_1.0.200.202406191623/tools/bin/../lib/gcc/arm-none-eabi/12.3.1/../../../../arm-none-eabi/lib/thumb/v7e-m+fp/hard\libm.a
LOAD C:/Program Files/ST/STM32CubeIDE_1.16.0/STM32CubeIDE/plugins/com.st.stm32cube.ide.mcu.externaltools.gnu-tools-for-stm32.12.3.rel1.win32_1.0.200.202406191623/tools/bin/../lib/gcc/arm-none-eabi/12.3.1/thumb/v7e-m+fp/hard\libgcc.a

.debug_info     0x00000000    0x1c2aa
 .debug_info    0x00000000      0xf76 ./Core/Src/adc.o
 .debug_info    0x00000f76      0x2cd ./Core/Src/aes.o
 .debug_info    0x00001243      0x640 ./Core/Src/gpio.o
 .debug_info    0x00001883     0x14ab ./Core/Src/hal.o
 .debug_info    0x00002d2e      0xbe5 ./Core/Src/i2c.o
 .debug_info    0x00003913     0x2c6e ./Core/Src/lmic.o
 .debug_info    0x00006581     0x1c2e ./Core/Src/main.o
 .debug_info    0x000081af      0x4f9 ./Core/Src/oslmic.o
 .debug_info    0x000086a8      0xf2c ./Core/Src/radio.o
 .debug_info    0x000095d4      0xb87 ./Core/Src/spi.o
 .debug_info    0x0000a15b      0x2c5 ./Core/Src/stm32l4xx_hal_msp.o
 .debug_info    0x0000a420      0xe70 ./Core/Src/stm32l4xx_it.o
 .debug_info    0x0000b290      0x5bf ./Core/Src/system_stm32l4xx.o
 .debug_info    0x0000b84f      0xc05 ./Core/Src/tim.o
 .debug_info    0x0000c454       0x30 ./Core/Startup/startup_stm32l432kcux.o
 .debug_info    0x0000c484      0x99e ./Drivers/STM32L4xx_HAL_Driver/Src/stm32l4xx_hal.o
 .debug_info    0x0000ce22     0x1cc4 ./Drivers/STM32L4xx_HAL_Driver/Src/stm32l4xx_hal_adc.o
 .debug_info    0x0000eae6     0x17da ./Drivers/STM32L4xx_HAL_Driver/Src/stm32l4xx_hal_adc_ex.o
 .debug_info    0x000102c0      0xd03 ./Drivers/STM32L4xx_HAL_Driver/Src/stm32l4xx_hal_cortex.o
 .debug_info    0x00010fc3      0x6f4 ./Drivers/STM32L4xx_HAL_Driver/Src/stm32l4xx_hal_dma.o
 .debug_info    0x000116b7      0x757 ./Drivers/STM32L4xx_HAL_Driver/Src/stm32l4xx_hal_gpio.o
 .debug_info    0x00011e0e     0x20d2 ./Drivers/STM32L4xx_HAL_Driver/Src/stm32l4xx_hal_i2c.o
 .debug_info    0x00013ee0      0x981 ./Drivers/STM32L4xx_HAL_Driver/Src/stm32l4xx_hal_i2c_ex.o
 .debug_info    0x00014861      0x920 ./Drivers/STM32L4xx_HAL_Driver/Src/stm32l4xx_hal_pwr_ex.o
 .debug_info    0x00015181      0xbc3 ./Drivers/STM32L4xx_HAL_Driver/Src/stm32l4xx_hal_rcc.o
 .debug_info    0x00015d44      0xee5 ./Drivers/STM32L4xx_HAL_Driver/Src/stm32l4xx_hal_rcc_ex.o
 .debug_info    0x00016c29     0x1549 ./Drivers/STM32L4xx_HAL_Driver/Src/stm32l4xx_hal_spi.o
 .debug_info    0x00018172     0x2a9a ./Drivers/STM32L4xx_HAL_Driver/Src/stm32l4xx_hal_tim.o
 .debug_info    0x0001ac0c     0x169e ./Drivers/STM32L4xx_HAL_Driver/Src/stm32l4xx_hal_tim_ex.o

.debug_abbrev   0x00000000     0x404e
 .debug_abbrev  0x00000000      0x1f8 ./Core/Src/adc.o
 .debug_abbrev  0x000001f8      0x131 ./Core/Src/aes.o
 .debug_abbrev  0x00000329      0x15b ./Core/Src/gpio.o
 .debug_abbrev  0x00000484      0x32d ./Core/Src/hal.o
 .debug_abbrev  0x000007b1      0x212 ./Core/Src/i2c.o
 .debug_abbrev  0x000009c3      0x4e0 ./Core/Src/lmic.o
 .debug_abbrev  0x00000ea3      0x37d ./Core/Src/main.o
 .debug_abbrev  0x00001220      0x1e3 ./Core/Src/oslmic.o
 .debug_abbrev  0x00001403      0x2f8 ./Core/Src/radio.o
 .debug_abbrev  0x000016fb      0x200 ./Core/Src/spi.o
 .debug_abbrev  0x000018fb       0xc6 ./Core/Src/stm32l4xx_hal_msp.o
 .debug_abbrev  0x000019c1      0x1c6 ./Core/Src/stm32l4xx_it.o
 .debug_abbrev  0x00001b87      0x11a ./Core/Src/system_stm32l4xx.o
 .debug_abbrev  0x00001ca1      0x206 ./Core/Src/tim.o
 .debug_abbrev  0x00001ea7       0x24 ./Core/Startup/startup_stm32l432kcux.o
 .debug_abbrev  0x00001ecb      0x225 ./Drivers/STM32L4xx_HAL_Driver/Src/stm32l4xx_hal.o
 .debug_abbrev  0x000020f0      0x2d7 ./Drivers/STM32L4xx_HAL_Driver/Src/stm32l4xx_hal_adc.o
 .debug_abbrev  0x000023c7      0x2d8 ./Drivers/STM32L4xx_HAL_Driver/Src/stm32l4xx_hal_adc_ex.o
 .debug_abbrev  0x0000269f      0x31c ./Drivers/STM32L4xx_HAL_Driver/Src/stm32l4xx_hal_cortex.o
 .debug_abbrev  0x000029bb      0x1e4 ./Drivers/STM32L4xx_HAL_Driver/Src/stm32l4xx_hal_dma.o
 .debug_abbrev  0x00002b9f      0x1cb ./Drivers/STM32L4xx_HAL_Driver/Src/stm32l4xx_hal_gpio.o
 .debug_abbrev  0x00002d6a      0x261 ./Drivers/STM32L4xx_HAL_Driver/Src/stm32l4xx_hal_i2c.o
 .debug_abbrev  0x00002fcb      0x1c3 ./Drivers/STM32L4xx_HAL_Driver/Src/stm32l4xx_hal_i2c_ex.o
 .debug_abbrev  0x0000318e      0x1f9 ./Drivers/STM32L4xx_HAL_Driver/Src/stm32l4xx_hal_pwr_ex.o
 .debug_abbrev  0x00003387      0x2cb ./Drivers/STM32L4xx_HAL_Driver/Src/stm32l4xx_hal_rcc.o
 .debug_abbrev  0x00003652      0x2a1 ./Drivers/STM32L4xx_HAL_Driver/Src/stm32l4xx_hal_rcc_ex.o
 .debug_abbrev  0x000038f3      0x260 ./Drivers/STM32L4xx_HAL_Driver/Src/stm32l4xx_hal_spi.o
 .debug_abbrev  0x00003b53      0x278 ./Drivers/STM32L4xx_HAL_Driver/Src/stm32l4xx_hal_tim.o
 .debug_abbrev  0x00003dcb      0x283 ./Drivers/STM32L4xx_HAL_Driver/Src/stm32l4xx_hal_tim_ex.o

.debug_aranges  0x00000000     0x1b08
 .debug_aranges
                0x00000000       0x30 ./Core/Src/adc.o
 .debug_aranges
                0x00000030       0x28 ./Core/Src/aes.o
 .debug_aranges
                0x00000058       0x20 ./Core/Src/gpio.o
 .debug_aranges
                0x00000078       0xa8 ./Core/Src/hal.o
 .debug_aranges
                0x00000120       0x30 ./Core/Src/i2c.o
 .debug_aranges
                0x00000150      0x380 ./Core/Src/lmic.o
 .debug_aranges
                0x000004d0       0x78 ./Core/Src/main.o
 .debug_aranges
                0x00000548       0x50 ./Core/Src/oslmic.o
 .debug_aranges
                0x00000598       0xc0 ./Core/Src/radio.o
 .debug_aranges
                0x00000658       0x30 ./Core/Src/spi.o
 .debug_aranges
                0x00000688       0x20 ./Core/Src/stm32l4xx_hal_msp.o
 .debug_aranges
                0x000006a8       0x88 ./Core/Src/stm32l4xx_it.o
 .debug_aranges
                0x00000730       0x28 ./Core/Src/system_stm32l4xx.o
 .debug_aranges
                0x00000758       0x38 ./Core/Src/tim.o
 .debug_aranges
                0x00000790       0x28 ./Core/Startup/startup_stm32l432kcux.o
 .debug_aranges
                0x000007b8      0x108 ./Drivers/STM32L4xx_HAL_Driver/Src/stm32l4xx_hal.o
 .debug_aranges
                0x000008c0      0x210 ./Drivers/STM32L4xx_HAL_Driver/Src/stm32l4xx_hal_adc.o
 .debug_aranges
                0x00000ad0      0x170 ./Drivers/STM32L4xx_HAL_Driver/Src/stm32l4xx_hal_adc_ex.o
 .debug_aranges
                0x00000c40      0x128 ./Drivers/STM32L4xx_HAL_Driver/Src/stm32l4xx_hal_cortex.o
 .debug_aranges
                0x00000d68       0x80 ./Drivers/STM32L4xx_HAL_Driver/Src/stm32l4xx_hal_dma.o
 .debug_aranges
                0x00000de8       0x58 ./Drivers/STM32L4xx_HAL_Driver/Src/stm32l4xx_hal_gpio.o
 .debug_aranges
                0x00000e40      0x2a0 ./Drivers/STM32L4xx_HAL_Driver/Src/stm32l4xx_hal_i2c.o
 .debug_aranges
                0x000010e0       0x48 ./Drivers/STM32L4xx_HAL_Driver/Src/stm32l4xx_hal_i2c_ex.o
 .debug_aranges
                0x00001128      0x128 ./Drivers/STM32L4xx_HAL_Driver/Src/stm32l4xx_hal_pwr_ex.o
 .debug_aranges
                0x00001250       0x90 ./Drivers/STM32L4xx_HAL_Driver/Src/stm32l4xx_hal_rcc.o
 .debug_aranges
                0x000012e0       0xf0 ./Drivers/STM32L4xx_HAL_Driver/Src/stm32l4xx_hal_rcc_ex.o
 .debug_aranges
                0x000013d0      0x1d8 ./Drivers/STM32L4xx_HAL_Driver/Src/stm32l4xx_hal_spi.o
 .debug_aranges
                0x000015a8      0x3e0 ./Drivers/STM32L4xx_HAL_Driver/Src/stm32l4xx_hal_tim.o
 .debug_aranges
                0x00001988      0x180 ./Drivers/STM32L4xx_HAL_Driver/Src/stm32l4xx_hal_tim_ex.o

.debug_rnglists
                0x00000000     0x1501
 .debug_rnglists
                0x00000000       0x21 ./Core/Src/adc.o
 .debug_rnglists
                0x00000021       0x1b ./Core/Src/aes.o
 .debug_rnglists
                0x0000003c       0x14 ./Core/Src/gpio.o
 .debug_rnglists
                0x00000050       0x79 ./Core/Src/hal.o
 .debug_rnglists
                0x000000c9       0x21 ./Core/Src/i2c.o
 .debug_rnglists
                0x000000ea      0x2e0 ./Core/Src/lmic.o
 .debug_rnglists
                0x000003ca       0x57 ./Core/Src/main.o
 .debug_rnglists
                0x00000421       0x37 ./Core/Src/oslmic.o
 .debug_rnglists
                0x00000458       0x92 ./Core/Src/radio.o
 .debug_rnglists
                0x000004ea       0x20 ./Core/Src/spi.o
 .debug_rnglists
                0x0000050a       0x13 ./Core/Src/stm32l4xx_hal_msp.o
 .debug_rnglists
                0x0000051d       0x61 ./Core/Src/stm32l4xx_it.o
 .debug_rnglists
                0x0000057e       0x1a ./Core/Src/system_stm32l4xx.o
 .debug_rnglists
                0x00000598       0x26 ./Core/Src/tim.o
 .debug_rnglists
                0x000005be       0x19 ./Core/Startup/startup_stm32l432kcux.o
 .debug_rnglists
                0x000005d7       0xc1 ./Drivers/STM32L4xx_HAL_Driver/Src/stm32l4xx_hal.o
 .debug_rnglists
                0x00000698      0x196 ./Drivers/STM32L4xx_HAL_Driver/Src/stm32l4xx_hal_adc.o
 .debug_rnglists
                0x0000082e      0x11a ./Drivers/STM32L4xx_HAL_Driver/Src/stm32l4xx_hal_adc_ex.o
 .debug_rnglists
                0x00000948       0xda ./Drivers/STM32L4xx_HAL_Driver/Src/stm32l4xx_hal_cortex.o
 .debug_rnglists
                0x00000a22       0x64 ./Drivers/STM32L4xx_HAL_Driver/Src/stm32l4xx_hal_dma.o
 .debug_rnglists
                0x00000a86       0x3f ./Drivers/STM32L4xx_HAL_Driver/Src/stm32l4xx_hal_gpio.o
 .debug_rnglists
                0x00000ac5      0x228 ./Drivers/STM32L4xx_HAL_Driver/Src/stm32l4xx_hal_i2c.o
 .debug_rnglists
                0x00000ced       0x35 ./Drivers/STM32L4xx_HAL_Driver/Src/stm32l4xx_hal_i2c_ex.o
 .debug_rnglists
                0x00000d22       0xdf ./Drivers/STM32L4xx_HAL_Driver/Src/stm32l4xx_hal_pwr_ex.o
 .debug_rnglists
                0x00000e01       0x6d ./Drivers/STM32L4xx_HAL_Driver/Src/stm32l4xx_hal_rcc.o
 .debug_rnglists
                0x00000e6e       0xba ./Drivers/STM32L4xx_HAL_Driver/Src/stm32l4xx_hal_rcc_ex.o
 .debug_rnglists
                0x00000f28      0x178 ./Drivers/STM32L4xx_HAL_Driver/Src/stm32l4xx_hal_spi.o
 .debug_rnglists
                0x000010a0      0x328 ./Drivers/STM32L4xx_HAL_Driver/Src/stm32l4xx_hal_tim.o
 .debug_rnglists
                0x000013c8      0x139 ./Drivers/STM32L4xx_HAL_Driver/Src/stm32l4xx_hal_tim_ex.o

.debug_macro    0x00000000    0x24ac4
 .debug_macro   0x00000000      0x216 ./Core/Src/adc.o
 .debug_macro   0x00000216      0xac0 ./Core/Src/adc.o
 .debug_macro   0x00000cd6      0x1b3 ./Core/Src/adc.o
 .debug_macro   0x00000e89       0x2e ./Core/Src/adc.o
 .debug_macro   0x00000eb7       0x28 ./Core/Src/adc.o
 .debug_macro   0x00000edf       0x22 ./Core/Src/adc.o
 .debug_macro   0x00000f01       0x8e ./Core/Src/adc.o
 .debug_macro   0x00000f8f       0x51 ./Core/Src/adc.o
 .debug_macro   0x00000fe0      0x103 ./Core/Src/adc.o
 .debug_macro   0x000010e3       0x6a ./Core/Src/adc.o
 .debug_macro   0x0000114d      0x1df ./Core/Src/adc.o
 .debug_macro   0x0000132c       0x1c ./Core/Src/adc.o
 .debug_macro   0x00001348       0x22 ./Core/Src/adc.o
 .debug_macro   0x0000136a       0xfb ./Core/Src/adc.o
 .debug_macro   0x00001465     0x1011 ./Core/Src/adc.o
 .debug_macro   0x00002476      0x11f ./Core/Src/adc.o
 .debug_macro   0x00002595    0x147a6 ./Core/Src/adc.o
 .debug_macro   0x00016d3b       0x6d ./Core/Src/adc.o
 .debug_macro   0x00016da8     0x38fb ./Core/Src/adc.o
 .debug_macro   0x0001a6a3      0x189 ./Core/Src/adc.o
 .debug_macro   0x0001a82c       0x5c ./Core/Src/adc.o
 .debug_macro   0x0001a888     0x11ca ./Core/Src/adc.o
 .debug_macro   0x0001ba52      0x53c ./Core/Src/adc.o
 .debug_macro   0x0001bf8e      0x1b9 ./Core/Src/adc.o
 .debug_macro   0x0001c147      0x122 ./Core/Src/adc.o
 .debug_macro   0x0001c269      0x26b ./Core/Src/adc.o
 .debug_macro   0x0001c4d4      0x23d ./Core/Src/adc.o
 .debug_macro   0x0001c711      0xde6 ./Core/Src/adc.o
 .debug_macro   0x0001d4f7      0x61d ./Core/Src/adc.o
 .debug_macro   0x0001db14      0x241 ./Core/Src/adc.o
 .debug_macro   0x0001dd55      0x241 ./Core/Src/adc.o
 .debug_macro   0x0001df96      0x375 ./Core/Src/adc.o
 .debug_macro   0x0001e30b       0xd6 ./Core/Src/adc.o
 .debug_macro   0x0001e3e1      0x22c ./Core/Src/adc.o
 .debug_macro   0x0001e60d       0x61 ./Core/Src/adc.o
 .debug_macro   0x0001e66e       0xa5 ./Core/Src/adc.o
 .debug_macro   0x0001e713      0x122 ./Core/Src/adc.o
 .debug_macro   0x0001e835      0x356 ./Core/Src/adc.o
 .debug_macro   0x0001eb8b      0x2fe ./Core/Src/adc.o
 .debug_macro   0x0001ee89      0xa98 ./Core/Src/adc.o
 .debug_macro   0x0001f921      0x12d ./Core/Src/adc.o
 .debug_macro   0x0001fa4e      0x220 ./Core/Src/adc.o
 .debug_macro   0x0001fc6e       0x58 ./Core/Src/adc.o
 .debug_macro   0x0001fcc6      0x159 ./Core/Src/aes.o
 .debug_macro   0x0001fe1f       0x5b ./Core/Src/aes.o
 .debug_macro   0x0001fe7a       0x2a ./Core/Src/aes.o
 .debug_macro   0x0001fea4       0x94 ./Core/Src/aes.o
 .debug_macro   0x0001ff38       0x43 ./Core/Src/aes.o
 .debug_macro   0x0001ff7b       0x34 ./Core/Src/aes.o
 .debug_macro   0x0001ffaf       0x16 ./Core/Src/aes.o
 .debug_macro   0x0001ffc5       0x43 ./Core/Src/aes.o
 .debug_macro   0x00020008       0x57 ./Core/Src/aes.o
 .debug_macro   0x0002005f       0x34 ./Core/Src/aes.o
 .debug_macro   0x00020093       0x10 ./Core/Src/aes.o
 .debug_macro   0x000200a3       0x58 ./Core/Src/aes.o
 .debug_macro   0x000200fb       0x8e ./Core/Src/aes.o
 .debug_macro   0x00020189       0x1c ./Core/Src/aes.o
 .debug_macro   0x000201a5      0x177 ./Core/Src/aes.o
 .debug_macro   0x0002031c      0x369 ./Core/Src/aes.o
 .debug_macro   0x00020685       0x10 ./Core/Src/aes.o
 .debug_macro   0x00020695       0x35 ./Core/Src/aes.o
 .debug_macro   0x000206ca       0x20 ./Core/Src/aes.o
 .debug_macro   0x000206ea       0xea ./Core/Src/aes.o
 .debug_macro   0x000207d4      0x216 ./Core/Src/gpio.o
 .debug_macro   0x000209ea      0x337 ./Core/Src/hal.o
 .debug_macro   0x00020d21       0x11 ./Core/Src/hal.o
 .debug_macro   0x00020d32       0x1d ./Core/Src/hal.o
 .debug_macro   0x00020d4f       0x56 ./Core/Src/hal.o
 .debug_macro   0x00020da5      0x216 ./Core/Src/i2c.o
 .debug_macro   0x00020fbb      0x1c8 ./Core/Src/lmic.o
 .debug_macro   0x00021183      0x39a ./Core/Src/main.o
 .debug_macro   0x0002151d       0x61 ./Core/Src/main.o
 .debug_macro   0x0002157e      0x483 ./Core/Src/main.o
 .debug_macro   0x00021a01       0x1c ./Core/Src/main.o
 .debug_macro   0x00021a1d       0x10 ./Core/Src/main.o
 .debug_macro   0x00021a2d       0x1c ./Core/Src/main.o
 .debug_macro   0x00021a49       0x16 ./Core/Src/main.o
 .debug_macro   0x00021a5f      0x146 ./Core/Src/main.o
 .debug_macro   0x00021ba5      0x13a ./Core/Src/oslmic.o
 .debug_macro   0x00021cdf      0x5db ./Core/Src/radio.o
 .debug_macro   0x000222ba      0x216 ./Core/Src/spi.o
 .debug_macro   0x000224d0      0x20c ./Core/Src/stm32l4xx_hal_msp.o
 .debug_macro   0x000226dc      0x216 ./Core/Src/stm32l4xx_it.o
 .debug_macro   0x000228f2      0x1fd ./Core/Src/system_stm32l4xx.o
 .debug_macro   0x00022aef      0x216 ./Core/Src/tim.o
 .debug_macro   0x00022d05      0x245 ./Drivers/STM32L4xx_HAL_Driver/Src/stm32l4xx_hal.o
 .debug_macro   0x00022f4a      0x21a ./Drivers/STM32L4xx_HAL_Driver/Src/stm32l4xx_hal_adc.o
 .debug_macro   0x00023164      0x209 ./Drivers/STM32L4xx_HAL_Driver/Src/stm32l4xx_hal_adc_ex.o
 .debug_macro   0x0002336d      0x1fd ./Drivers/STM32L4xx_HAL_Driver/Src/stm32l4xx_hal_cortex.o
 .debug_macro   0x0002356a      0x1fd ./Drivers/STM32L4xx_HAL_Driver/Src/stm32l4xx_hal_dma.o
 .debug_macro   0x00023767      0x204 ./Drivers/STM32L4xx_HAL_Driver/Src/stm32l4xx_hal_gpio.o
 .debug_macro   0x0002396b      0x2c9 ./Drivers/STM32L4xx_HAL_Driver/Src/stm32l4xx_hal_i2c.o
 .debug_macro   0x00023c34      0x1fd ./Drivers/STM32L4xx_HAL_Driver/Src/stm32l4xx_hal_i2c_ex.o
 .debug_macro   0x00023e31      0x221 ./Drivers/STM32L4xx_HAL_Driver/Src/stm32l4xx_hal_pwr_ex.o
 .debug_macro   0x00024052      0x23f ./Drivers/STM32L4xx_HAL_Driver/Src/stm32l4xx_hal_rcc.o
 .debug_macro   0x00024291      0x233 ./Drivers/STM32L4xx_HAL_Driver/Src/stm32l4xx_hal_rcc_ex.o
 .debug_macro   0x000244c4      0x205 ./Drivers/STM32L4xx_HAL_Driver/Src/stm32l4xx_hal_spi.o
 .debug_macro   0x000246c9      0x1fe ./Drivers/STM32L4xx_HAL_Driver/Src/stm32l4xx_hal_tim.o
 .debug_macro   0x000248c7      0x1fd ./Drivers/STM32L4xx_HAL_Driver/Src/stm32l4xx_hal_tim_ex.o

.debug_line     0x00000000    0x20359
 .debug_line    0x00000000      0x93a ./Core/Src/adc.o
 .debug_line    0x0000093a      0x940 ./Core/Src/aes.o
 .debug_line    0x0000127a      0x8af ./Core/Src/gpio.o
 .debug_line    0x00001b29      0xcd8 ./Core/Src/hal.o
 .debug_line    0x00002801      0x917 ./Core/Src/i2c.o
 .debug_line    0x00003118     0x25bb ./Core/Src/lmic.o
 .debug_line    0x000056d3      0xc4c ./Core/Src/main.o
 .debug_line    0x0000631f      0x7ca ./Core/Src/oslmic.o
 .debug_line    0x00006ae9      0xbd2 ./Core/Src/radio.o
 .debug_line    0x000076bb      0x902 ./Core/Src/spi.o
 .debug_line    0x00007fbd      0x887 ./Core/Src/stm32l4xx_hal_msp.o
 .debug_line    0x00008844      0x9c2 ./Core/Src/stm32l4xx_it.o
 .debug_line    0x00009206      0x921 ./Core/Src/system_stm32l4xx.o
 .debug_line    0x00009b27      0x944 ./Core/Src/tim.o
 .debug_line    0x0000a46b       0x7a ./Core/Startup/startup_stm32l432kcux.o
 .debug_line    0x0000a4e5      0xbe9 ./Drivers/STM32L4xx_HAL_Driver/Src/stm32l4xx_hal.o
 .debug_line    0x0000b0ce     0x1e2d ./Drivers/STM32L4xx_HAL_Driver/Src/stm32l4xx_hal_adc.o
 .debug_line    0x0000cefb     0x167a ./Drivers/STM32L4xx_HAL_Driver/Src/stm32l4xx_hal_adc_ex.o
 .debug_line    0x0000e575      0xe45 ./Drivers/STM32L4xx_HAL_Driver/Src/stm32l4xx_hal_cortex.o
 .debug_line    0x0000f3ba      0xe81 ./Drivers/STM32L4xx_HAL_Driver/Src/stm32l4xx_hal_dma.o
 .debug_line    0x0001023b      0xc8b ./Drivers/STM32L4xx_HAL_Driver/Src/stm32l4xx_hal_gpio.o
 .debug_line    0x00010ec6     0x3baf ./Drivers/STM32L4xx_HAL_Driver/Src/stm32l4xx_hal_i2c.o
 .debug_line    0x00014a75      0xaa4 ./Drivers/STM32L4xx_HAL_Driver/Src/stm32l4xx_hal_i2c_ex.o
 .debug_line    0x00015519      0xd75 ./Drivers/STM32L4xx_HAL_Driver/Src/stm32l4xx_hal_pwr_ex.o
 .debug_line    0x0001628e     0x1133 ./Drivers/STM32L4xx_HAL_Driver/Src/stm32l4xx_hal_rcc.o
 .debug_line    0x000173c1     0x146e ./Drivers/STM32L4xx_HAL_Driver/Src/stm32l4xx_hal_rcc_ex.o
 .debug_line    0x0001882f     0x2152 ./Drivers/STM32L4xx_HAL_Driver/Src/stm32l4xx_hal_spi.o
 .debug_line    0x0001a981     0x3d5b ./Drivers/STM32L4xx_HAL_Driver/Src/stm32l4xx_hal_tim.o
 .debug_line    0x0001e6dc     0x1c7d ./Drivers/STM32L4xx_HAL_Driver/Src/stm32l4xx_hal_tim_ex.o

.debug_str      0x00000000    0xdf1b1
 .debug_str     0x00000000    0xd1132 ./Core/Src/adc.o
                              0xd1751 (size before relaxing)
 .debug_str     0x000d1132     0x3a16 ./Core/Src/aes.o
                               0x6f82 (size before relaxing)
 .debug_str     0x000d4b48       0x68 ./Core/Src/gpio.o
                              0xd106f (size before relaxing)
 .debug_str     0x000d4bb0      0x8cc ./Core/Src/hal.o
                              0xd511e (size before relaxing)
 .debug_str     0x000d547c      0x280 ./Core/Src/i2c.o
                              0xd1337 (size before relaxing)
 .debug_str     0x000d56fc     0x17b0 ./Core/Src/lmic.o
                               0x8885 (size before relaxing)
 .debug_str     0x000d6eac     0x1d5b ./Core/Src/main.o
                              0xd7157 (size before relaxing)
 .debug_str     0x000d8c07       0x4b ./Core/Src/oslmic.o
                               0x70ce (size before relaxing)
 .debug_str     0x000d8c52     0x120c ./Core/Src/radio.o
                               0x8628 (size before relaxing)
 .debug_str     0x000d9e5e       0x4b ./Core/Src/spi.o
                              0xd14af (size before relaxing)
 .debug_str     0x000d9ea9       0x2c ./Core/Src/stm32l4xx_hal_msp.o
                              0xd0ba7 (size before relaxing)
 .debug_str     0x000d9ed5      0x14e ./Core/Src/stm32l4xx_it.o
                              0xd1579 (size before relaxing)
 .debug_str     0x000da023       0xf2 ./Core/Src/system_stm32l4xx.o
                              0xd0b3a (size before relaxing)
 .debug_str     0x000da115       0xe4 ./Core/Src/tim.o
                              0xd15e5 (size before relaxing)
 .debug_str     0x000da1f9       0x44 ./Core/Startup/startup_stm32l432kcux.o
                                 0x7b (size before relaxing)
 .debug_str     0x000da23d      0x55e ./Drivers/STM32L4xx_HAL_Driver/Src/stm32l4xx_hal.o
                              0xd14c7 (size before relaxing)
 .debug_str     0x000da79b      0x9ec ./Drivers/STM32L4xx_HAL_Driver/Src/stm32l4xx_hal_adc.o
                              0xd191d (size before relaxing)
 .debug_str     0x000db187      0x568 ./Drivers/STM32L4xx_HAL_Driver/Src/stm32l4xx_hal_adc_ex.o
                              0xd1747 (size before relaxing)
 .debug_str     0x000db6ef      0x34a ./Drivers/STM32L4xx_HAL_Driver/Src/stm32l4xx_hal_cortex.o
                              0xd129a (size before relaxing)
 .debug_str     0x000dba39      0x234 ./Drivers/STM32L4xx_HAL_Driver/Src/stm32l4xx_hal_dma.o
                              0xd0da1 (size before relaxing)
 .debug_str     0x000dbc6d       0xf3 ./Drivers/STM32L4xx_HAL_Driver/Src/stm32l4xx_hal_gpio.o
                              0xd0cae (size before relaxing)
 .debug_str     0x000dbd60      0xdcc ./Drivers/STM32L4xx_HAL_Driver/Src/stm32l4xx_hal_i2c.o
                              0xd1d38 (size before relaxing)
 .debug_str     0x000dcb2c       0xb8 ./Drivers/STM32L4xx_HAL_Driver/Src/stm32l4xx_hal_i2c_ex.o
                              0xd1047 (size before relaxing)
 .debug_str     0x000dcbe4      0x43e ./Drivers/STM32L4xx_HAL_Driver/Src/stm32l4xx_hal_pwr_ex.o
                              0xd0fe2 (size before relaxing)
 .debug_str     0x000dd022      0x37b ./Drivers/STM32L4xx_HAL_Driver/Src/stm32l4xx_hal_rcc.o
                              0xd113a (size before relaxing)
 .debug_str     0x000dd39d      0x52e ./Drivers/STM32L4xx_HAL_Driver/Src/stm32l4xx_hal_rcc_ex.o
                              0xd139a (size before relaxing)
 .debug_str     0x000dd8cb      0x537 ./Drivers/STM32L4xx_HAL_Driver/Src/stm32l4xx_hal_spi.o
                              0xd1352 (size before relaxing)
 .debug_str     0x000dde02      0xe30 ./Drivers/STM32L4xx_HAL_Driver/Src/stm32l4xx_hal_tim.o
                              0xd1e77 (size before relaxing)
 .debug_str     0x000dec32      0x57f ./Drivers/STM32L4xx_HAL_Driver/Src/stm32l4xx_hal_tim_ex.o
                              0xd178b (size before relaxing)

.comment        0x00000000       0x43
 .comment       0x00000000       0x43 ./Core/Src/adc.o
                                 0x44 (size before relaxing)
 .comment       0x00000043       0x44 ./Core/Src/aes.o
 .comment       0x00000043       0x44 ./Core/Src/gpio.o
 .comment       0x00000043       0x44 ./Core/Src/hal.o
 .comment       0x00000043       0x44 ./Core/Src/i2c.o
 .comment       0x00000043       0x44 ./Core/Src/lmic.o
 .comment       0x00000043       0x44 ./Core/Src/main.o
 .comment       0x00000043       0x44 ./Core/Src/oslmic.o
 .comment       0x00000043       0x44 ./Core/Src/radio.o
 .comment       0x00000043       0x44 ./Core/Src/spi.o
 .comment       0x00000043       0x44 ./Core/Src/stm32l4xx_hal_msp.o
 .comment       0x00000043       0x44 ./Core/Src/stm32l4xx_it.o
 .comment       0x00000043       0x44 ./Core/Src/system_stm32l4xx.o
 .comment       0x00000043       0x44 ./Core/Src/tim.o
 .comment       0x00000043       0x44 ./Drivers/STM32L4xx_HAL_Driver/Src/stm32l4xx_hal.o
 .comment       0x00000043       0x44 ./Drivers/STM32L4xx_HAL_Driver/Src/stm32l4xx_hal_adc.o
 .comment       0x00000043       0x44 ./Drivers/STM32L4xx_HAL_Driver/Src/stm32l4xx_hal_adc_ex.o
 .comment       0x00000043       0x44 ./Drivers/STM32L4xx_HAL_Driver/Src/stm32l4xx_hal_cortex.o
 .comment       0x00000043       0x44 ./Drivers/STM32L4xx_HAL_Driver/Src/stm32l4xx_hal_dma.o
 .comment       0x00000043       0x44 ./Drivers/STM32L4xx_HAL_Driver/Src/stm32l4xx_hal_gpio.o
 .comment       0x00000043       0x44 ./Drivers/STM32L4xx_HAL_Driver/Src/stm32l4xx_hal_i2c.o
 .comment       0x00000043       0x44 ./Drivers/STM32L4xx_HAL_Driver/Src/stm32l4xx_hal_i2c_ex.o
 .comment       0x00000043       0x44 ./Drivers/STM32L4xx_HAL_Driver/Src/stm32l4xx_hal_pwr_ex.o
 .comment       0x00000043       0x44 ./Drivers/STM32L4xx_HAL_Driver/Src/stm32l4xx_hal_rcc.o
 .comment       0x00000043       0x44 ./Drivers/STM32L4xx_HAL_Driver/Src/stm32l4xx_hal_rcc_ex.o
 .comment       0x00000043       0x44 ./Drivers/STM32L4xx_HAL_Driver/Src/stm32l4xx_hal_spi.o
 .comment       0x00000043       0x44 ./Drivers/STM32L4xx_HAL_Driver/Src/stm32l4xx_hal_tim.o
 .comment       0x00000043       0x44 ./Drivers/STM32L4xx_HAL_Driver/Src/stm32l4xx_hal_tim_ex.o

.debug_frame    0x00000000     0x7310
 .debug_frame   0x00000000       0x80 ./Core/Src/adc.o
 .debug_frame   0x00000080       0x60 ./Core/Src/aes.o
 .debug_frame   0x000000e0       0x34 ./Core/Src/gpio.o
 .debug_frame   0x00000114      0x274 ./Core/Src/hal.o
 .debug_frame   0x00000388       0x78 ./Core/Src/i2c.o
 .debug_frame   0x00000400      0xfd4 ./Core/Src/lmic.o
 .debug_frame   0x000013d4      0x1b8 ./Core/Src/main.o
 .debug_frame   0x0000158c       0xfc ./Core/Src/oslmic.o
 .debug_frame   0x00001688      0x2f8 ./Core/Src/radio.o
 .debug_frame   0x00001980       0x74 ./Core/Src/spi.o
 .debug_frame   0x000019f4       0x38 ./Core/Src/stm32l4xx_hal_msp.o
 .debug_frame   0x00001a2c      0x190 ./Core/Src/stm32l4xx_it.o
 .debug_frame   0x00001bbc       0x58 ./Core/Src/system_stm32l4xx.o
 .debug_frame   0x00001c14       0xa0 ./Core/Src/tim.o
 .debug_frame   0x00001cb4      0x3dc ./Drivers/STM32L4xx_HAL_Driver/Src/stm32l4xx_hal.o
 .debug_frame   0x00002090      0x9b0 ./Drivers/STM32L4xx_HAL_Driver/Src/stm32l4xx_hal_adc.o
 .debug_frame   0x00002a40      0x68c ./Drivers/STM32L4xx_HAL_Driver/Src/stm32l4xx_hal_adc_ex.o
 .debug_frame   0x000030cc      0x4e8 ./Drivers/STM32L4xx_HAL_Driver/Src/stm32l4xx_hal_cortex.o
 .debug_frame   0x000035b4      0x204 ./Drivers/STM32L4xx_HAL_Driver/Src/stm32l4xx_hal_dma.o
 .debug_frame   0x000037b8      0x14c ./Drivers/STM32L4xx_HAL_Driver/Src/stm32l4xx_hal_gpio.o
 .debug_frame   0x00003904      0xc38 ./Drivers/STM32L4xx_HAL_Driver/Src/stm32l4xx_hal_i2c.o
 .debug_frame   0x0000453c      0x100 ./Drivers/STM32L4xx_HAL_Driver/Src/stm32l4xx_hal_i2c_ex.o
 .debug_frame   0x0000463c      0x4a4 ./Drivers/STM32L4xx_HAL_Driver/Src/stm32l4xx_hal_pwr_ex.o
 .debug_frame   0x00004ae0      0x21c ./Drivers/STM32L4xx_HAL_Driver/Src/stm32l4xx_hal_rcc.o
 .debug_frame   0x00004cfc      0x3d0 ./Drivers/STM32L4xx_HAL_Driver/Src/stm32l4xx_hal_rcc_ex.o
 .debug_frame   0x000050cc      0x860 ./Drivers/STM32L4xx_HAL_Driver/Src/stm32l4xx_hal_spi.o
 .debug_frame   0x0000592c     0x121c ./Drivers/STM32L4xx_HAL_Driver/Src/stm32l4xx_hal_tim.o
 .debug_frame   0x00006b48      0x6b0 ./Drivers/STM32L4xx_HAL_Driver/Src/stm32l4xx_hal_tim_ex.o
 .debug_frame   0x000071f8       0x20 C:/Program Files/ST/STM32CubeIDE_1.16.0/STM32CubeIDE/plugins/com.st.stm32cube.ide.mcu.externaltools.gnu-tools-for-stm32.12.3.rel1.win32_1.0.200.202406191623/tools/bin/../lib/gcc/arm-none-eabi/12.3.1/../../../../arm-none-eabi/lib/thumb/v7e-m+fp/hard\libc_nano.a(libc_a-memset.o)
 .debug_frame   0x00007218       0x2c C:/Program Files/ST/STM32CubeIDE_1.16.0/STM32CubeIDE/plugins/com.st.stm32cube.ide.mcu.externaltools.gnu-tools-for-stm32.12.3.rel1.win32_1.0.200.202406191623/tools/bin/../lib/gcc/arm-none-eabi/12.3.1/../../../../arm-none-eabi/lib/thumb/v7e-m+fp/hard\libc_nano.a(libc_a-init.o)
 .debug_frame   0x00007244       0x28 C:/Program Files/ST/STM32CubeIDE_1.16.0/STM32CubeIDE/plugins/com.st.stm32cube.ide.mcu.externaltools.gnu-tools-for-stm32.12.3.rel1.win32_1.0.200.202406191623/tools/bin/../lib/gcc/arm-none-eabi/12.3.1/../../../../arm-none-eabi/lib/thumb/v7e-m+fp/hard\libc_nano.a(libc_a-memcpy-stub.o)
 .debug_frame   0x0000726c       0x44 C:/Program Files/ST/STM32CubeIDE_1.16.0/STM32CubeIDE/plugins/com.st.stm32cube.ide.mcu.externaltools.gnu-tools-for-stm32.12.3.rel1.win32_1.0.200.202406191623/tools/bin/../lib/gcc/arm-none-eabi/12.3.1/thumb/v7e-m+fp/hard\libgcc.a(_aeabi_ldivmod.o)
 .debug_frame   0x000072b0       0x2c C:/Program Files/ST/STM32CubeIDE_1.16.0/STM32CubeIDE/plugins/com.st.stm32cube.ide.mcu.externaltools.gnu-tools-for-stm32.12.3.rel1.win32_1.0.200.202406191623/tools/bin/../lib/gcc/arm-none-eabi/12.3.1/thumb/v7e-m+fp/hard\libgcc.a(_aeabi_uldivmod.o)
 .debug_frame   0x000072dc       0x34 C:/Program Files/ST/STM32CubeIDE_1.16.0/STM32CubeIDE/plugins/com.st.stm32cube.ide.mcu.externaltools.gnu-tools-for-stm32.12.3.rel1.win32_1.0.200.202406191623/tools/bin/../lib/gcc/arm-none-eabi/12.3.1/thumb/v7e-m+fp/hard\libgcc.a(_udivmoddi4.o)

.debug_line_str
                0x00000000       0x5f
 .debug_line_str
                0x00000000       0x5f ./Core/Startup/startup_stm32l432kcux.o
