../Core/Src/hal.c:58:13:hal_io_init	4	static
../Core/Src/hal.c:63:6:hal_pin_rxtx	16	static
../Core/Src/hal.c:73:6:hal_pin_nss	16	static
../Core/Src/hal.c:78:6:hal_pin_rst	56	static
../Core/Src/hal.c:100:6:HAL_GPIO_EXTI_Callback	16	static
../Core/Src/hal.c:120:6:hal_spi_init	4	static
../Core/Src/hal.c:125:6:hal_spi	32	static
../Core/Src/hal.c:136:13:hal_time_init	4	static
../Core/Src/hal.c:140:6:hal_ticks	16	static
../Core/Src/hal.c:155:13:deltaticks	24	static
../Core/Src/hal.c:163:6:hal_waitUntil	16	static
../Core/Src/hal.c:168:6:hal_checkTimer	24	static
../Core/Src/hal.c:183:6:HAL_TIM_PeriodElapsedCallback	16	static
../Core/Src/hal.c:194:6:hal_disableIRQs	4	static,ignoring_inline_asm
../Core/Src/hal.c:200:6:hal_enableIRQs	4	static,ignoring_inline_asm
../Core/Src/hal.c:207:6:hal_sleep	4	static,ignoring_inline_asm
../Core/Src/hal.c:218:6:hal_init	8	static
../Core/Src/hal.c:230:6:hal_failed	8	static
