../Core/Src/main.c:77:6:os_getArtEui	16	static
../Core/Src/main.c:81:6:os_getDevEui	16	static
../Core/Src/main.c:85:6:os_getDevKey	24	static
../Core/Src/main.c:88:6:initsensor	8	static
../Core/Src/main.c:93:6:initfunc	16	static
../Core/Src/main.c:102:5:readsensor_temp	4	static
../Core/Src/main.c:108:13:reportfunc	24	static
../Core/Src/main.c:128:13:hellofunc	16	static
../Core/Src/main.c:143:13:blinkfunc	16	static
../Core/Src/main.c:155:6:onEvent	16	static
../Core/Src/main.c:231:5:main	24	static
../Core/Src/main.c:294:6:SystemClock_Config	96	static
../Core/Src/main.c:350:6:HAL_ADC_ConvCpltCallback	16	static
../Core/Src/main.c:360:6:Error_Handler	4	static,ignoring_inline_asm
