../Core/Src/main.c:85:6:os_getArtEui	16	static
../Core/Src/main.c:89:6:os_getDevEui	16	static
../Core/Src/main.c:93:6:os_getDevKey	24	static
../Core/Src/main.c:96:6:initsensor	8	static
../Core/Src/main.c:101:6:initfunc	16	static
../Core/Src/main.c:110:5:readsensor_temp	4	static
../Core/Src/main.c:116:13:reportfunc	16	static
../Core/Src/main.c:179:6:onEvent	16	static
../Core/Src/main.c:224:5:main	24	static
../Core/Src/main.c:305:6:SystemClock_Config	96	static
../Core/Src/main.c:361:6:HAL_ADC_ConvCpltCallback	16	static
../Core/Src/main.c:371:6:Error_Handler	4	static,ignoring_inline_asm
